Configuration on demand is an incubating feature.
> Task :app:checkKotlinGradlePluginConfigurationErrors
> Task :app:preBuild UP-TO-DATE
> Task :app:preDevDebugBuild UP-TO-DATE
> Task :app:dataBindingMergeDependencyArtifactsDevDebug UP-TO-DATE
> Task :app:generateDevDebugResValues UP-TO-DATE
> Task :app:generateDevDebugResources UP-TO-DATE
> Task :app:mergeDevDebugResources UP-TO-DATE
> Task :app:packageDevDebugResources UP-TO-DATE
> Task :app:processDevDebugNavigationResources UP-TO-DATE
> Task :app:parseDevDebugLocalResources UP-TO-DATE
> Task :app:dataBindingGenBaseClassesDevDebug UP-TO-DATE
> Task :app:generateDevDebugBuildConfig UP-TO-DATE
> Task :app:checkDevDebugAarMetadata UP-TO-DATE
> Task :app:compileDevDebugNavigationResources UP-TO-DATE
> Task :app:mapDevDebugSourceSetPaths UP-TO-DATE
> Task :app:createDevDebugCompatibleScreenManifests UP-TO-DATE
> Task :app:extractDeepLinksDevDebug UP-TO-DATE
> Task :app:processDevDebugMainManifest UP-TO-DATE
> Task :app:processDevDebugManifest UP-TO-DATE
> Task :app:processDevDebugManifestForPackage UP-TO-DATE
> Task :app:processDevDebugResources UP-TO-DATE
> Task :app:kaptGenerateStubsDevDebugKotlin UP-TO-DATE
> Task :app:kaptDevDebugKotlin UP-TO-DATE

> Task :app:compileDevDebugKotlin FAILED
e: file:///Users/loitran/AndroidStudioProjects/@mckimquyen/@playstore/@prodution/@ad/260221_QrAndBarcodeScanner/app/src/main/java/com/mckimquyen/barcodescanner/feature/barcode/ActivityBarcode.kt:132:9 Unresolved reference: rootView
e: file:///Users/loitran/AndroidStudioProjects/@mckimquyen/@playstore/@prodution/@ad/260221_QrAndBarcodeScanner/app/src/main/java/com/mckimquyen/barcodescanner/feature/barcode/ActivityBarcode.kt:173:9 Unresolved reference: toolbar
e: file:///Users/loitran/AndroidStudioProjects/@mckimquyen/@playstore/@prodution/@ad/260221_QrAndBarcodeScanner/app/src/main/java/com/mckimquyen/barcodescanner/feature/barcode/ActivityBarcode.kt:179:9 Unresolved reference: toolbar
e: file:///Users/loitran/AndroidStudioProjects/@mckimquyen/@playstore/@prodution/@ad/260221_QrAndBarcodeScanner/app/src/main/java/com/mckimquyen/barcodescanner/feature/barcode/ActivityBarcode.kt:179:46 Cannot infer a type for this parameter. Please specify it explicitly.
e: file:///Users/loitran/AndroidStudioProjects/@mckimquyen/@playstore/@prodution/@ad/260221_QrAndBarcodeScanner/app/src/main/java/com/mckimquyen/barcodescanner/feature/barcode/ActivityBarcode.kt:183:21 Unresolved reference: toolbar
e: file:///Users/loitran/AndroidStudioProjects/@mckimquyen/@playstore/@prodution/@ad/260221_QrAndBarcodeScanner/app/src/main/java/com/mckimquyen/barcodescanner/feature/barcode/ActivityBarcode.kt:183:72 Variable expected
e: file:///Users/loitran/AndroidStudioProjects/@mckimquyen/@playstore/@prodution/@ad/260221_QrAndBarcodeScanner/app/src/main/java/com/mckimquyen/barcodescanner/feature/barcode/ActivityBarcode.kt:184:21 Unresolved reference: toolbar
e: file:///Users/loitran/AndroidStudioProjects/@mckimquyen/@playstore/@prodution/@ad/260221_QrAndBarcodeScanner/app/src/main/java/com/mckimquyen/barcodescanner/feature/barcode/ActivityBarcode.kt:184:72 Variable expected
e: file:///Users/loitran/AndroidStudioProjects/@mckimquyen/@playstore/@prodution/@ad/260221_QrAndBarcodeScanner/app/src/main/java/com/mckimquyen/barcodescanner/feature/barcode/ActivityBarcode.kt:189:21 Unresolved reference: toolbar
e: file:///Users/loitran/AndroidStudioProjects/@mckimquyen/@playstore/@prodution/@ad/260221_QrAndBarcodeScanner/app/src/main/java/com/mckimquyen/barcodescanner/feature/barcode/ActivityBarcode.kt:189:72 Variable expected
e: file:///Users/loitran/AndroidStudioProjects/@mckimquyen/@playstore/@prodution/@ad/260221_QrAndBarcodeScanner/app/src/main/java/com/mckimquyen/barcodescanner/feature/barcode/ActivityBarcode.kt:190:21 Unresolved reference: toolbar
e: file:///Users/loitran/AndroidStudioProjects/@mckimquyen/@playstore/@prodution/@ad/260221_QrAndBarcodeScanner/app/src/main/java/com/mckimquyen/barcodescanner/feature/barcode/ActivityBarcode.kt:190:72 Variable expected
e: file:///Users/loitran/AndroidStudioProjects/@mckimquyen/@playstore/@prodution/@ad/260221_QrAndBarcodeScanner/app/src/main/java/com/mckimquyen/barcodescanner/feature/barcode/ActivityBarcode.kt:203:9 Unresolved reference: buttonEditName
e: file:///Users/loitran/AndroidStudioProjects/@mckimquyen/@playstore/@prodution/@ad/260221_QrAndBarcodeScanner/app/src/main/java/com/mckimquyen/barcodescanner/feature/barcode/ActivityBarcode.kt:206:9 Unresolved reference: buttonSearchOnWeb
e: file:///Users/loitran/AndroidStudioProjects/@mckimquyen/@playstore/@prodution/@ad/260221_QrAndBarcodeScanner/app/src/main/java/com/mckimquyen/barcodescanner/feature/barcode/ActivityBarcode.kt:209:9 Unresolved reference: buttonAddToCalendar
e: file:///Users/loitran/AndroidStudioProjects/@mckimquyen/@playstore/@prodution/@ad/260221_QrAndBarcodeScanner/app/src/main/java/com/mckimquyen/barcodescanner/feature/barcode/ActivityBarcode.kt:212:9 Unresolved reference: buttonAddToContacts
e: file:///Users/loitran/AndroidStudioProjects/@mckimquyen/@playstore/@prodution/@ad/260221_QrAndBarcodeScanner/app/src/main/java/com/mckimquyen/barcodescanner/feature/barcode/ActivityBarcode.kt:215:9 Unresolved reference: buttonShowLocation
e: file:///Users/loitran/AndroidStudioProjects/@mckimquyen/@playstore/@prodution/@ad/260221_QrAndBarcodeScanner/app/src/main/java/com/mckimquyen/barcodescanner/feature/barcode/ActivityBarcode.kt:218:9 Unresolved reference: buttonConnectToWifi
e: file:///Users/loitran/AndroidStudioProjects/@mckimquyen/@playstore/@prodution/@ad/260221_QrAndBarcodeScanner/app/src/main/java/com/mckimquyen/barcodescanner/feature/barcode/ActivityBarcode.kt:221:9 Unresolved reference: buttonOpenWifiSettings
e: file:///Users/loitran/AndroidStudioProjects/@mckimquyen/@playstore/@prodution/@ad/260221_QrAndBarcodeScanner/app/src/main/java/com/mckimquyen/barcodescanner/feature/barcode/ActivityBarcode.kt:224:9 Unresolved reference: buttonCopyNetworkName
e: file:///Users/loitran/AndroidStudioProjects/@mckimquyen/@playstore/@prodution/@ad/260221_QrAndBarcodeScanner/app/src/main/java/com/mckimquyen/barcodescanner/feature/barcode/ActivityBarcode.kt:227:9 Unresolved reference: buttonCopyNetworkPassword
e: file:///Users/loitran/AndroidStudioProjects/@mckimquyen/@playstore/@prodution/@ad/260221_QrAndBarcodeScanner/app/src/main/java/com/mckimquyen/barcodescanner/feature/barcode/ActivityBarcode.kt:230:9 Unresolved reference: buttonOpenApp
e: file:///Users/loitran/AndroidStudioProjects/@mckimquyen/@playstore/@prodution/@ad/260221_QrAndBarcodeScanner/app/src/main/java/com/mckimquyen/barcodescanner/feature/barcode/ActivityBarcode.kt:233:9 Unresolved reference: buttonOpenInAppMarket
e: file:///Users/loitran/AndroidStudioProjects/@mckimquyen/@playstore/@prodution/@ad/260221_QrAndBarcodeScanner/app/src/main/java/com/mckimquyen/barcodescanner/feature/barcode/ActivityBarcode.kt:236:9 Unresolved reference: buttonOpenInYoutube
e: file:///Users/loitran/AndroidStudioProjects/@mckimquyen/@playstore/@prodution/@ad/260221_QrAndBarcodeScanner/app/src/main/java/com/mckimquyen/barcodescanner/feature/barcode/ActivityBarcode.kt:239:9 Unresolved reference: buttonShowOtp
e: file:///Users/loitran/AndroidStudioProjects/@mckimquyen/@playstore/@prodution/@ad/260221_QrAndBarcodeScanner/app/src/main/java/com/mckimquyen/barcodescanner/feature/barcode/ActivityBarcode.kt:242:9 Unresolved reference: buttonOpenOtp
e: file:///Users/loitran/AndroidStudioProjects/@mckimquyen/@playstore/@prodution/@ad/260221_QrAndBarcodeScanner/app/src/main/java/com/mckimquyen/barcodescanner/feature/barcode/ActivityBarcode.kt:245:9 Unresolved reference: buttonOpenBitcoinUri
e: file:///Users/loitran/AndroidStudioProjects/@mckimquyen/@playstore/@prodution/@ad/260221_QrAndBarcodeScanner/app/src/main/java/com/mckimquyen/barcodescanner/feature/barcode/ActivityBarcode.kt:248:9 Unresolved reference: buttonOpenLink
e: file:///Users/loitran/AndroidStudioProjects/@mckimquyen/@playstore/@prodution/@ad/260221_QrAndBarcodeScanner/app/src/main/java/com/mckimquyen/barcodescanner/feature/barcode/ActivityBarcode.kt:251:9 Unresolved reference: buttonSaveBookmark
e: file:///Users/loitran/AndroidStudioProjects/@mckimquyen/@playstore/@prodution/@ad/260221_QrAndBarcodeScanner/app/src/main/java/com/mckimquyen/barcodescanner/feature/barcode/ActivityBarcode.kt:254:9 Unresolved reference: buttonCallPhone1
e: file:///Users/loitran/AndroidStudioProjects/@mckimquyen/@playstore/@prodution/@ad/260221_QrAndBarcodeScanner/app/src/main/java/com/mckimquyen/barcodescanner/feature/barcode/ActivityBarcode.kt:257:9 Unresolved reference: buttonCallPhone2
e: file:///Users/loitran/AndroidStudioProjects/@mckimquyen/@playstore/@prodution/@ad/260221_QrAndBarcodeScanner/app/src/main/java/com/mckimquyen/barcodescanner/feature/barcode/ActivityBarcode.kt:260:9 Unresolved reference: buttonCallPhone3
e: file:///Users/loitran/AndroidStudioProjects/@mckimquyen/@playstore/@prodution/@ad/260221_QrAndBarcodeScanner/app/src/main/java/com/mckimquyen/barcodescanner/feature/barcode/ActivityBarcode.kt:263:9 Unresolved reference: buttonSendSmsOrMms1
e: file:///Users/loitran/AndroidStudioProjects/@mckimquyen/@playstore/@prodution/@ad/260221_QrAndBarcodeScanner/app/src/main/java/com/mckimquyen/barcodescanner/feature/barcode/ActivityBarcode.kt:266:9 Unresolved reference: button_send_sms_or_mms_2
e: file:///Users/loitran/AndroidStudioProjects/@mckimquyen/@playstore/@prodution/@ad/260221_QrAndBarcodeScanner/app/src/main/java/com/mckimquyen/barcodescanner/feature/barcode/ActivityBarcode.kt:269:9 Unresolved reference: buttonSendSmsOrMms3
e: file:///Users/loitran/AndroidStudioProjects/@mckimquyen/@playstore/@prodution/@ad/260221_QrAndBarcodeScanner/app/src/main/java/com/mckimquyen/barcodescanner/feature/barcode/ActivityBarcode.kt:272:9 Unresolved reference: buttonSendEmail1
e: file:///Users/loitran/AndroidStudioProjects/@mckimquyen/@playstore/@prodution/@ad/260221_QrAndBarcodeScanner/app/src/main/java/com/mckimquyen/barcodescanner/feature/barcode/ActivityBarcode.kt:275:9 Unresolved reference: buttonSendEmail2
e: file:///Users/loitran/AndroidStudioProjects/@mckimquyen/@playstore/@prodution/@ad/260221_QrAndBarcodeScanner/app/src/main/java/com/mckimquyen/barcodescanner/feature/barcode/ActivityBarcode.kt:278:9 Unresolved reference: buttonSendEmail3
e: file:///Users/loitran/AndroidStudioProjects/@mckimquyen/@playstore/@prodution/@ad/260221_QrAndBarcodeScanner/app/src/main/java/com/mckimquyen/barcodescanner/feature/barcode/ActivityBarcode.kt:281:9 Unresolved reference: buttonShareAsText
e: file:///Users/loitran/AndroidStudioProjects/@mckimquyen/@playstore/@prodution/@ad/260221_QrAndBarcodeScanner/app/src/main/java/com/mckimquyen/barcodescanner/feature/barcode/ActivityBarcode.kt:284:9 Unresolved reference: buttonCopy
e: file:///Users/loitran/AndroidStudioProjects/@mckimquyen/@playstore/@prodution/@ad/260221_QrAndBarcodeScanner/app/src/main/java/com/mckimquyen/barcodescanner/feature/barcode/ActivityBarcode.kt:287:9 Unresolved reference: buttonSearch
e: file:///Users/loitran/AndroidStudioProjects/@mckimquyen/@playstore/@prodution/@ad/260221_QrAndBarcodeScanner/app/src/main/java/com/mckimquyen/barcodescanner/feature/barcode/ActivityBarcode.kt:290:9 Unresolved reference: buttonSaveAsText
e: file:///Users/loitran/AndroidStudioProjects/@mckimquyen/@playstore/@prodution/@ad/260221_QrAndBarcodeScanner/app/src/main/java/com/mckimquyen/barcodescanner/feature/barcode/ActivityBarcode.kt:293:9 Unresolved reference: buttonShareAsImage
e: file:///Users/loitran/AndroidStudioProjects/@mckimquyen/@playstore/@prodution/@ad/260221_QrAndBarcodeScanner/app/src/main/java/com/mckimquyen/barcodescanner/feature/barcode/ActivityBarcode.kt:296:9 Unresolved reference: buttonSaveAsImage
e: file:///Users/loitran/AndroidStudioProjects/@mckimquyen/@playstore/@prodution/@ad/260221_QrAndBarcodeScanner/app/src/main/java/com/mckimquyen/barcodescanner/feature/barcode/ActivityBarcode.kt:299:9 Unresolved reference: buttonPrint
e: file:///Users/loitran/AndroidStudioProjects/@mckimquyen/@playstore/@prodution/@ad/260221_QrAndBarcodeScanner/app/src/main/java/com/mckimquyen/barcodescanner/feature/barcode/ActivityBarcode.kt:345:9 Unresolved reference: toolbar
e: file:///Users/loitran/AndroidStudioProjects/@mckimquyen/@playstore/@prodution/@ad/260221_QrAndBarcodeScanner/app/src/main/java/com/mckimquyen/barcodescanner/feature/barcode/ActivityBarcode.kt:345:49 Variable expected
e: file:///Users/loitran/AndroidStudioProjects/@mckimquyen/@playstore/@prodution/@ad/260221_QrAndBarcodeScanner/app/src/main/java/com/mckimquyen/barcodescanner/feature/barcode/ActivityBarcode.kt:353:21 Unresolved reference: buttonEditName
e: file:///Users/loitran/AndroidStudioProjects/@mckimquyen/@playstore/@prodution/@ad/260221_QrAndBarcodeScanner/app/src/main/java/com/mckimquyen/barcodescanner/feature/barcode/ActivityBarcode.kt:353:36 Variable expected
e: file:///Users/loitran/AndroidStudioProjects/@mckimquyen/@playstore/@prodution/@ad/260221_QrAndBarcodeScanner/app/src/main/java/com/mckimquyen/barcodescanner/feature/barcode/ActivityBarcode.kt:354:21 Unresolved reference: toolbar
e: file:///Users/loitran/AndroidStudioProjects/@mckimquyen/@playstore/@prodution/@ad/260221_QrAndBarcodeScanner/app/src/main/java/com/mckimquyen/barcodescanner/feature/barcode/ActivityBarcode.kt:354:63 Variable expected
e: file:///Users/loitran/AndroidStudioProjects/@mckimquyen/@playstore/@prodution/@ad/260221_QrAndBarcodeScanner/app/src/main/java/com/mckimquyen/barcodescanner/feature/barcode/ActivityBarcode.kt:357:21 Unresolved reference: toolbar
e: file:///Users/loitran/AndroidStudioProjects/@mckimquyen/@playstore/@prodution/@ad/260221_QrAndBarcodeScanner/app/src/main/java/com/mckimquyen/barcodescanner/feature/barcode/ActivityBarcode.kt:357:61 Variable expected
e: file:///Users/loitran/AndroidStudioProjects/@mckimquyen/@playstore/@prodution/@ad/260221_QrAndBarcodeScanner/app/src/main/java/com/mckimquyen/barcodescanner/feature/barcode/ActivityBarcode.kt:661:9 Unresolved reference: toolbar
e: file:///Users/loitran/AndroidStudioProjects/@mckimquyen/@playstore/@prodution/@ad/260221_QrAndBarcodeScanner/app/src/main/java/com/mckimquyen/barcodescanner/feature/barcode/ActivityBarcode.kt:662:9 Unresolved reference: toolbar
e: file:///Users/loitran/AndroidStudioProjects/@mckimquyen/@playstore/@prodution/@ad/260221_QrAndBarcodeScanner/app/src/main/java/com/mckimquyen/barcodescanner/feature/barcode/ActivityBarcode.kt:663:13 Unresolved reference: findItem
e: file:///Users/loitran/AndroidStudioProjects/@mckimquyen/@playstore/@prodution/@ad/260221_QrAndBarcodeScanner/app/src/main/java/com/mckimquyen/barcodescanner/feature/barcode/ActivityBarcode.kt:663:51 Variable expected
e: file:///Users/loitran/AndroidStudioProjects/@mckimquyen/@playstore/@prodution/@ad/260221_QrAndBarcodeScanner/app/src/main/java/com/mckimquyen/barcodescanner/feature/barcode/ActivityBarcode.kt:664:13 Unresolved reference: findItem
e: file:///Users/loitran/AndroidStudioProjects/@mckimquyen/@playstore/@prodution/@ad/260221_QrAndBarcodeScanner/app/src/main/java/com/mckimquyen/barcodescanner/feature/barcode/ActivityBarcode.kt:664:48 Variable expected
e: file:///Users/loitran/AndroidStudioProjects/@mckimquyen/@playstore/@prodution/@ad/260221_QrAndBarcodeScanner/app/src/main/java/com/mckimquyen/barcodescanner/feature/barcode/ActivityBarcode.kt:665:13 Unresolved reference: findItem
e: file:///Users/loitran/AndroidStudioProjects/@mckimquyen/@playstore/@prodution/@ad/260221_QrAndBarcodeScanner/app/src/main/java/com/mckimquyen/barcodescanner/feature/barcode/ActivityBarcode.kt:665:50 Variable expected
e: file:///Users/loitran/AndroidStudioProjects/@mckimquyen/@playstore/@prodution/@ad/260221_QrAndBarcodeScanner/app/src/main/java/com/mckimquyen/barcodescanner/feature/barcode/ActivityBarcode.kt:666:13 Unresolved reference: findItem
e: file:///Users/loitran/AndroidStudioProjects/@mckimquyen/@playstore/@prodution/@ad/260221_QrAndBarcodeScanner/app/src/main/java/com/mckimquyen/barcodescanner/feature/barcode/ActivityBarcode.kt:666:38 Variable expected
e: file:///Users/loitran/AndroidStudioProjects/@mckimquyen/@playstore/@prodution/@ad/260221_QrAndBarcodeScanner/app/src/main/java/com/mckimquyen/barcodescanner/feature/barcode/ActivityBarcode.kt:667:13 Unresolved reference: findItem
e: file:///Users/loitran/AndroidStudioProjects/@mckimquyen/@playstore/@prodution/@ad/260221_QrAndBarcodeScanner/app/src/main/java/com/mckimquyen/barcodescanner/feature/barcode/ActivityBarcode.kt:667:40 Variable expected
e: file:///Users/loitran/AndroidStudioProjects/@mckimquyen/@playstore/@prodution/@ad/260221_QrAndBarcodeScanner/app/src/main/java/com/mckimquyen/barcodescanner/feature/barcode/ActivityBarcode.kt:681:9 Unresolved reference: toolbar
e: file:///Users/loitran/AndroidStudioProjects/@mckimquyen/@playstore/@prodution/@ad/260221_QrAndBarcodeScanner/app/src/main/java/com/mckimquyen/barcodescanner/feature/barcode/ActivityBarcode.kt:681:58 Variable expected
e: file:///Users/loitran/AndroidStudioProjects/@mckimquyen/@playstore/@prodution/@ad/260221_QrAndBarcodeScanner/app/src/main/java/com/mckimquyen/barcodescanner/feature/barcode/ActivityBarcode.kt:700:13 Unresolved reference: layoutBarcodeImageBackground
e: file:///Users/loitran/AndroidStudioProjects/@mckimquyen/@playstore/@prodution/@ad/260221_QrAndBarcodeScanner/app/src/main/java/com/mckimquyen/barcodescanner/feature/barcode/ActivityBarcode.kt:700:42 Variable expected
e: file:///Users/loitran/AndroidStudioProjects/@mckimquyen/@playstore/@prodution/@ad/260221_QrAndBarcodeScanner/app/src/main/java/com/mckimquyen/barcodescanner/feature/barcode/ActivityBarcode.kt:701:13 Unresolved reference: imageViewBarcode
e: file:///Users/loitran/AndroidStudioProjects/@mckimquyen/@playstore/@prodution/@ad/260221_QrAndBarcodeScanner/app/src/main/java/com/mckimquyen/barcodescanner/feature/barcode/ActivityBarcode.kt:701:30 Variable expected
e: file:///Users/loitran/AndroidStudioProjects/@mckimquyen/@playstore/@prodution/@ad/260221_QrAndBarcodeScanner/app/src/main/java/com/mckimquyen/barcodescanner/feature/barcode/ActivityBarcode.kt:702:13 Unresolved reference: imageViewBarcode
e: file:///Users/loitran/AndroidStudioProjects/@mckimquyen/@playstore/@prodution/@ad/260221_QrAndBarcodeScanner/app/src/main/java/com/mckimquyen/barcodescanner/feature/barcode/ActivityBarcode.kt:703:13 Unresolved reference: imageViewBarcode
e: file:///Users/loitran/AndroidStudioProjects/@mckimquyen/@playstore/@prodution/@ad/260221_QrAndBarcodeScanner/app/src/main/java/com/mckimquyen/barcodescanner/feature/barcode/ActivityBarcode.kt:704:13 Unresolved reference: layoutBarcodeImageBackground
e: file:///Users/loitran/AndroidStudioProjects/@mckimquyen/@playstore/@prodution/@ad/260221_QrAndBarcodeScanner/app/src/main/java/com/mckimquyen/barcodescanner/feature/barcode/ActivityBarcode.kt:707:17 Unresolved reference: layoutBarcodeImageBackground
e: file:///Users/loitran/AndroidStudioProjects/@mckimquyen/@playstore/@prodution/@ad/260221_QrAndBarcodeScanner/app/src/main/java/com/mckimquyen/barcodescanner/feature/barcode/ActivityBarcode.kt:716:13 Unresolved reference: imageViewBarcode
e: file:///Users/loitran/AndroidStudioProjects/@mckimquyen/@playstore/@prodution/@ad/260221_QrAndBarcodeScanner/app/src/main/java/com/mckimquyen/barcodescanner/feature/barcode/ActivityBarcode.kt:716:30 Variable expected
e: file:///Users/loitran/AndroidStudioProjects/@mckimquyen/@playstore/@prodution/@ad/260221_QrAndBarcodeScanner/app/src/main/java/com/mckimquyen/barcodescanner/feature/barcode/ActivityBarcode.kt:721:9 Unresolved reference: textViewDate
e: file:///Users/loitran/AndroidStudioProjects/@mckimquyen/@playstore/@prodution/@ad/260221_QrAndBarcodeScanner/app/src/main/java/com/mckimquyen/barcodescanner/feature/barcode/ActivityBarcode.kt:721:22 Variable expected
e: file:///Users/loitran/AndroidStudioProjects/@mckimquyen/@playstore/@prodution/@ad/260221_QrAndBarcodeScanner/app/src/main/java/com/mckimquyen/barcodescanner/feature/barcode/ActivityBarcode.kt:726:9 Unresolved reference: toolbar
e: file:///Users/loitran/AndroidStudioProjects/@mckimquyen/@playstore/@prodution/@ad/260221_QrAndBarcodeScanner/app/src/main/java/com/mckimquyen/barcodescanner/feature/barcode/ActivityBarcode.kt:734:9 Unresolved reference: textViewBarcodeName
e: file:///Users/loitran/AndroidStudioProjects/@mckimquyen/@playstore/@prodution/@ad/260221_QrAndBarcodeScanner/app/src/main/java/com/mckimquyen/barcodescanner/feature/barcode/ActivityBarcode.kt:734:29 Variable expected
e: file:///Users/loitran/AndroidStudioProjects/@mckimquyen/@playstore/@prodution/@ad/260221_QrAndBarcodeScanner/app/src/main/java/com/mckimquyen/barcodescanner/feature/barcode/ActivityBarcode.kt:735:9 Unresolved reference: textViewBarcodeName
e: file:///Users/loitran/AndroidStudioProjects/@mckimquyen/@playstore/@prodution/@ad/260221_QrAndBarcodeScanner/app/src/main/java/com/mckimquyen/barcodescanner/feature/barcode/ActivityBarcode.kt:735:29 Variable expected
e: file:///Users/loitran/AndroidStudioProjects/@mckimquyen/@playstore/@prodution/@ad/260221_QrAndBarcodeScanner/app/src/main/java/com/mckimquyen/barcodescanner/feature/barcode/ActivityBarcode.kt:739:9 Unresolved reference: textViewBarcodeText
e: file:///Users/loitran/AndroidStudioProjects/@mckimquyen/@playstore/@prodution/@ad/260221_QrAndBarcodeScanner/app/src/main/java/com/mckimquyen/barcodescanner/feature/barcode/ActivityBarcode.kt:739:29 Variable expected
e: file:///Users/loitran/AndroidStudioProjects/@mckimquyen/@playstore/@prodution/@ad/260221_QrAndBarcodeScanner/app/src/main/java/com/mckimquyen/barcodescanner/feature/barcode/ActivityBarcode.kt:774:9 Unresolved reference: textViewCountry
e: file:///Users/loitran/AndroidStudioProjects/@mckimquyen/@playstore/@prodution/@ad/260221_QrAndBarcodeScanner/app/src/main/java/com/mckimquyen/barcodescanner/feature/barcode/ActivityBarcode.kt:775:13 Unresolved reference: text
e: file:///Users/loitran/AndroidStudioProjects/@mckimquyen/@playstore/@prodution/@ad/260221_QrAndBarcodeScanner/app/src/main/java/com/mckimquyen/barcodescanner/feature/barcode/ActivityBarcode.kt:776:13 Unresolved reference. None of the following candidates is applicable because of receiver type mismatch: 
public var View.isVisible: Boolean defined in androidx.core.view
e: file:///Users/loitran/AndroidStudioProjects/@mckimquyen/@playstore/@prodution/@ad/260221_QrAndBarcodeScanner/app/src/main/java/com/mckimquyen/barcodescanner/feature/barcode/ActivityBarcode.kt:781:9 Unresolved reference: buttonSearch
e: file:///Users/loitran/AndroidStudioProjects/@mckimquyen/@playstore/@prodution/@ad/260221_QrAndBarcodeScanner/app/src/main/java/com/mckimquyen/barcodescanner/feature/barcode/ActivityBarcode.kt:781:22 Variable expected
e: file:///Users/loitran/AndroidStudioProjects/@mckimquyen/@playstore/@prodution/@ad/260221_QrAndBarcodeScanner/app/src/main/java/com/mckimquyen/barcodescanner/feature/barcode/ActivityBarcode.kt:782:9 Unresolved reference: buttonEditName
e: file:///Users/loitran/AndroidStudioProjects/@mckimquyen/@playstore/@prodution/@ad/260221_QrAndBarcodeScanner/app/src/main/java/com/mckimquyen/barcodescanner/feature/barcode/ActivityBarcode.kt:782:24 Variable expected
e: file:///Users/loitran/AndroidStudioProjects/@mckimquyen/@playstore/@prodution/@ad/260221_QrAndBarcodeScanner/app/src/main/java/com/mckimquyen/barcodescanner/feature/barcode/ActivityBarcode.kt:788:9 Unresolved reference: buttonSearchOnWeb
e: file:///Users/loitran/AndroidStudioProjects/@mckimquyen/@playstore/@prodution/@ad/260221_QrAndBarcodeScanner/app/src/main/java/com/mckimquyen/barcodescanner/feature/barcode/ActivityBarcode.kt:788:27 Variable expected
e: file:///Users/loitran/AndroidStudioProjects/@mckimquyen/@playstore/@prodution/@ad/260221_QrAndBarcodeScanner/app/src/main/java/com/mckimquyen/barcodescanner/feature/barcode/ActivityBarcode.kt:789:9 Unresolved reference: buttonSearch
e: file:///Users/loitran/AndroidStudioProjects/@mckimquyen/@playstore/@prodution/@ad/260221_QrAndBarcodeScanner/app/src/main/java/com/mckimquyen/barcodescanner/feature/barcode/ActivityBarcode.kt:789:22 Variable expected
e: file:///Users/loitran/AndroidStudioProjects/@mckimquyen/@playstore/@prodution/@ad/260221_QrAndBarcodeScanner/app/src/main/java/com/mckimquyen/barcodescanner/feature/barcode/ActivityBarcode.kt:791:9 Unresolved reference: buttonAddToCalendar
e: file:///Users/loitran/AndroidStudioProjects/@mckimquyen/@playstore/@prodution/@ad/260221_QrAndBarcodeScanner/app/src/main/java/com/mckimquyen/barcodescanner/feature/barcode/ActivityBarcode.kt:791:29 Variable expected
e: file:///Users/loitran/AndroidStudioProjects/@mckimquyen/@playstore/@prodution/@ad/260221_QrAndBarcodeScanner/app/src/main/java/com/mckimquyen/barcodescanner/feature/barcode/ActivityBarcode.kt:792:9 Unresolved reference: buttonAddToContacts
e: file:///Users/loitran/AndroidStudioProjects/@mckimquyen/@playstore/@prodution/@ad/260221_QrAndBarcodeScanner/app/src/main/java/com/mckimquyen/barcodescanner/feature/barcode/ActivityBarcode.kt:792:29 Variable expected
e: file:///Users/loitran/AndroidStudioProjects/@mckimquyen/@playstore/@prodution/@ad/260221_QrAndBarcodeScanner/app/src/main/java/com/mckimquyen/barcodescanner/feature/barcode/ActivityBarcode.kt:795:9 Unresolved reference: buttonCallPhone1
e: file:///Users/loitran/AndroidStudioProjects/@mckimquyen/@playstore/@prodution/@ad/260221_QrAndBarcodeScanner/app/src/main/java/com/mckimquyen/barcodescanner/feature/barcode/ActivityBarcode.kt:795:26 Variable expected
e: file:///Users/loitran/AndroidStudioProjects/@mckimquyen/@playstore/@prodution/@ad/260221_QrAndBarcodeScanner/app/src/main/java/com/mckimquyen/barcodescanner/feature/barcode/ActivityBarcode.kt:796:9 Unresolved reference: buttonCallPhone2
e: file:///Users/loitran/AndroidStudioProjects/@mckimquyen/@playstore/@prodution/@ad/260221_QrAndBarcodeScanner/app/src/main/java/com/mckimquyen/barcodescanner/feature/barcode/ActivityBarcode.kt:796:26 Variable expected
e: file:///Users/loitran/AndroidStudioProjects/@mckimquyen/@playstore/@prodution/@ad/260221_QrAndBarcodeScanner/app/src/main/java/com/mckimquyen/barcodescanner/feature/barcode/ActivityBarcode.kt:797:9 Unresolved reference: buttonCallPhone3
e: file:///Users/loitran/AndroidStudioProjects/@mckimquyen/@playstore/@prodution/@ad/260221_QrAndBarcodeScanner/app/src/main/java/com/mckimquyen/barcodescanner/feature/barcode/ActivityBarcode.kt:797:26 Variable expected
e: file:///Users/loitran/AndroidStudioProjects/@mckimquyen/@playstore/@prodution/@ad/260221_QrAndBarcodeScanner/app/src/main/java/com/mckimquyen/barcodescanner/feature/barcode/ActivityBarcode.kt:799:9 Unresolved reference: buttonSendSmsOrMms1
e: file:///Users/loitran/AndroidStudioProjects/@mckimquyen/@playstore/@prodution/@ad/260221_QrAndBarcodeScanner/app/src/main/java/com/mckimquyen/barcodescanner/feature/barcode/ActivityBarcode.kt:799:29 Variable expected
e: file:///Users/loitran/AndroidStudioProjects/@mckimquyen/@playstore/@prodution/@ad/260221_QrAndBarcodeScanner/app/src/main/java/com/mckimquyen/barcodescanner/feature/barcode/ActivityBarcode.kt:801:9 Unresolved reference: button_send_sms_or_mms_2
e: file:///Users/loitran/AndroidStudioProjects/@mckimquyen/@playstore/@prodution/@ad/260221_QrAndBarcodeScanner/app/src/main/java/com/mckimquyen/barcodescanner/feature/barcode/ActivityBarcode.kt:801:34 Variable expected
e: file:///Users/loitran/AndroidStudioProjects/@mckimquyen/@playstore/@prodution/@ad/260221_QrAndBarcodeScanner/app/src/main/java/com/mckimquyen/barcodescanner/feature/barcode/ActivityBarcode.kt:802:9 Unresolved reference: buttonSendSmsOrMms3
e: file:///Users/loitran/AndroidStudioProjects/@mckimquyen/@playstore/@prodution/@ad/260221_QrAndBarcodeScanner/app/src/main/java/com/mckimquyen/barcodescanner/feature/barcode/ActivityBarcode.kt:802:29 Variable expected
e: file:///Users/loitran/AndroidStudioProjects/@mckimquyen/@playstore/@prodution/@ad/260221_QrAndBarcodeScanner/app/src/main/java/com/mckimquyen/barcodescanner/feature/barcode/ActivityBarcode.kt:804:9 Unresolved reference: buttonSendEmail1
e: file:///Users/loitran/AndroidStudioProjects/@mckimquyen/@playstore/@prodution/@ad/260221_QrAndBarcodeScanner/app/src/main/java/com/mckimquyen/barcodescanner/feature/barcode/ActivityBarcode.kt:804:26 Variable expected
e: file:///Users/loitran/AndroidStudioProjects/@mckimquyen/@playstore/@prodution/@ad/260221_QrAndBarcodeScanner/app/src/main/java/com/mckimquyen/barcodescanner/feature/barcode/ActivityBarcode.kt:806:9 Unresolved reference: buttonSendEmail2
e: file:///Users/loitran/AndroidStudioProjects/@mckimquyen/@playstore/@prodution/@ad/260221_QrAndBarcodeScanner/app/src/main/java/com/mckimquyen/barcodescanner/feature/barcode/ActivityBarcode.kt:806:26 Variable expected
e: file:///Users/loitran/AndroidStudioProjects/@mckimquyen/@playstore/@prodution/@ad/260221_QrAndBarcodeScanner/app/src/main/java/com/mckimquyen/barcodescanner/feature/barcode/ActivityBarcode.kt:807:9 Unresolved reference: buttonSendEmail3
e: file:///Users/loitran/AndroidStudioProjects/@mckimquyen/@playstore/@prodution/@ad/260221_QrAndBarcodeScanner/app/src/main/java/com/mckimquyen/barcodescanner/feature/barcode/ActivityBarcode.kt:807:26 Variable expected
e: file:///Users/loitran/AndroidStudioProjects/@mckimquyen/@playstore/@prodution/@ad/260221_QrAndBarcodeScanner/app/src/main/java/com/mckimquyen/barcodescanner/feature/barcode/ActivityBarcode.kt:809:9 Unresolved reference: buttonShowLocation
e: file:///Users/loitran/AndroidStudioProjects/@mckimquyen/@playstore/@prodution/@ad/260221_QrAndBarcodeScanner/app/src/main/java/com/mckimquyen/barcodescanner/feature/barcode/ActivityBarcode.kt:809:28 Variable expected
e: file:///Users/loitran/AndroidStudioProjects/@mckimquyen/@playstore/@prodution/@ad/260221_QrAndBarcodeScanner/app/src/main/java/com/mckimquyen/barcodescanner/feature/barcode/ActivityBarcode.kt:810:9 Unresolved reference: buttonConnectToWifi
e: file:///Users/loitran/AndroidStudioProjects/@mckimquyen/@playstore/@prodution/@ad/260221_QrAndBarcodeScanner/app/src/main/java/com/mckimquyen/barcodescanner/feature/barcode/ActivityBarcode.kt:810:29 Variable expected
e: file:///Users/loitran/AndroidStudioProjects/@mckimquyen/@playstore/@prodution/@ad/260221_QrAndBarcodeScanner/app/src/main/java/com/mckimquyen/barcodescanner/feature/barcode/ActivityBarcode.kt:811:9 Unresolved reference: buttonOpenWifiSettings
e: file:///Users/loitran/AndroidStudioProjects/@mckimquyen/@playstore/@prodution/@ad/260221_QrAndBarcodeScanner/app/src/main/java/com/mckimquyen/barcodescanner/feature/barcode/ActivityBarcode.kt:811:32 Variable expected
e: file:///Users/loitran/AndroidStudioProjects/@mckimquyen/@playstore/@prodution/@ad/260221_QrAndBarcodeScanner/app/src/main/java/com/mckimquyen/barcodescanner/feature/barcode/ActivityBarcode.kt:812:9 Unresolved reference: buttonCopyNetworkName
e: file:///Users/loitran/AndroidStudioProjects/@mckimquyen/@playstore/@prodution/@ad/260221_QrAndBarcodeScanner/app/src/main/java/com/mckimquyen/barcodescanner/feature/barcode/ActivityBarcode.kt:812:31 Variable expected
e: file:///Users/loitran/AndroidStudioProjects/@mckimquyen/@playstore/@prodution/@ad/260221_QrAndBarcodeScanner/app/src/main/java/com/mckimquyen/barcodescanner/feature/barcode/ActivityBarcode.kt:813:9 Unresolved reference: buttonCopyNetworkPassword
e: file:///Users/loitran/AndroidStudioProjects/@mckimquyen/@playstore/@prodution/@ad/260221_QrAndBarcodeScanner/app/src/main/java/com/mckimquyen/barcodescanner/feature/barcode/ActivityBarcode.kt:813:35 Variable expected
e: file:///Users/loitran/AndroidStudioProjects/@mckimquyen/@playstore/@prodution/@ad/260221_QrAndBarcodeScanner/app/src/main/java/com/mckimquyen/barcodescanner/feature/barcode/ActivityBarcode.kt:814:9 Unresolved reference: buttonOpenApp
e: file:///Users/loitran/AndroidStudioProjects/@mckimquyen/@playstore/@prodution/@ad/260221_QrAndBarcodeScanner/app/src/main/java/com/mckimquyen/barcodescanner/feature/barcode/ActivityBarcode.kt:814:23 Variable expected
e: file:///Users/loitran/AndroidStudioProjects/@mckimquyen/@playstore/@prodution/@ad/260221_QrAndBarcodeScanner/app/src/main/java/com/mckimquyen/barcodescanner/feature/barcode/ActivityBarcode.kt:815:9 Unresolved reference: buttonOpenInAppMarket
e: file:///Users/loitran/AndroidStudioProjects/@mckimquyen/@playstore/@prodution/@ad/260221_QrAndBarcodeScanner/app/src/main/java/com/mckimquyen/barcodescanner/feature/barcode/ActivityBarcode.kt:815:31 Variable expected
e: file:///Users/loitran/AndroidStudioProjects/@mckimquyen/@playstore/@prodution/@ad/260221_QrAndBarcodeScanner/app/src/main/java/com/mckimquyen/barcodescanner/feature/barcode/ActivityBarcode.kt:816:9 Unresolved reference: buttonOpenInYoutube
e: file:///Users/loitran/AndroidStudioProjects/@mckimquyen/@playstore/@prodution/@ad/260221_QrAndBarcodeScanner/app/src/main/java/com/mckimquyen/barcodescanner/feature/barcode/ActivityBarcode.kt:816:29 Variable expected
e: file:///Users/loitran/AndroidStudioProjects/@mckimquyen/@playstore/@prodution/@ad/260221_QrAndBarcodeScanner/app/src/main/java/com/mckimquyen/barcodescanner/feature/barcode/ActivityBarcode.kt:817:9 Unresolved reference: buttonShowOtp
e: file:///Users/loitran/AndroidStudioProjects/@mckimquyen/@playstore/@prodution/@ad/260221_QrAndBarcodeScanner/app/src/main/java/com/mckimquyen/barcodescanner/feature/barcode/ActivityBarcode.kt:817:23 Variable expected
e: file:///Users/loitran/AndroidStudioProjects/@mckimquyen/@playstore/@prodution/@ad/260221_QrAndBarcodeScanner/app/src/main/java/com/mckimquyen/barcodescanner/feature/barcode/ActivityBarcode.kt:818:9 Unresolved reference: buttonOpenOtp
e: file:///Users/loitran/AndroidStudioProjects/@mckimquyen/@playstore/@prodution/@ad/260221_QrAndBarcodeScanner/app/src/main/java/com/mckimquyen/barcodescanner/feature/barcode/ActivityBarcode.kt:818:23 Variable expected
e: file:///Users/loitran/AndroidStudioProjects/@mckimquyen/@playstore/@prodution/@ad/260221_QrAndBarcodeScanner/app/src/main/java/com/mckimquyen/barcodescanner/feature/barcode/ActivityBarcode.kt:819:9 Unresolved reference: buttonOpenBitcoinUri
e: file:///Users/loitran/AndroidStudioProjects/@mckimquyen/@playstore/@prodution/@ad/260221_QrAndBarcodeScanner/app/src/main/java/com/mckimquyen/barcodescanner/feature/barcode/ActivityBarcode.kt:819:30 Variable expected
e: file:///Users/loitran/AndroidStudioProjects/@mckimquyen/@playstore/@prodution/@ad/260221_QrAndBarcodeScanner/app/src/main/java/com/mckimquyen/barcodescanner/feature/barcode/ActivityBarcode.kt:820:9 Unresolved reference: buttonOpenLink
e: file:///Users/loitran/AndroidStudioProjects/@mckimquyen/@playstore/@prodution/@ad/260221_QrAndBarcodeScanner/app/src/main/java/com/mckimquyen/barcodescanner/feature/barcode/ActivityBarcode.kt:820:24 Variable expected
e: file:///Users/loitran/AndroidStudioProjects/@mckimquyen/@playstore/@prodution/@ad/260221_QrAndBarcodeScanner/app/src/main/java/com/mckimquyen/barcodescanner/feature/barcode/ActivityBarcode.kt:821:9 Unresolved reference: buttonSaveBookmark
e: file:///Users/loitran/AndroidStudioProjects/@mckimquyen/@playstore/@prodution/@ad/260221_QrAndBarcodeScanner/app/src/main/java/com/mckimquyen/barcodescanner/feature/barcode/ActivityBarcode.kt:821:28 Variable expected
e: file:///Users/loitran/AndroidStudioProjects/@mckimquyen/@playstore/@prodution/@ad/260221_QrAndBarcodeScanner/app/src/main/java/com/mckimquyen/barcodescanner/feature/barcode/ActivityBarcode.kt:825:9 Unresolved reference: buttonCallPhone1
e: file:///Users/loitran/AndroidStudioProjects/@mckimquyen/@playstore/@prodution/@ad/260221_QrAndBarcodeScanner/app/src/main/java/com/mckimquyen/barcodescanner/feature/barcode/ActivityBarcode.kt:825:26 Variable expected
e: file:///Users/loitran/AndroidStudioProjects/@mckimquyen/@playstore/@prodution/@ad/260221_QrAndBarcodeScanner/app/src/main/java/com/mckimquyen/barcodescanner/feature/barcode/ActivityBarcode.kt:826:9 Unresolved reference: buttonCallPhone2
e: file:///Users/loitran/AndroidStudioProjects/@mckimquyen/@playstore/@prodution/@ad/260221_QrAndBarcodeScanner/app/src/main/java/com/mckimquyen/barcodescanner/feature/barcode/ActivityBarcode.kt:826:26 Variable expected
e: file:///Users/loitran/AndroidStudioProjects/@mckimquyen/@playstore/@prodution/@ad/260221_QrAndBarcodeScanner/app/src/main/java/com/mckimquyen/barcodescanner/feature/barcode/ActivityBarcode.kt:827:9 Unresolved reference: buttonCallPhone3
e: file:///Users/loitran/AndroidStudioProjects/@mckimquyen/@playstore/@prodution/@ad/260221_QrAndBarcodeScanner/app/src/main/java/com/mckimquyen/barcodescanner/feature/barcode/ActivityBarcode.kt:827:26 Variable expected
e: file:///Users/loitran/AndroidStudioProjects/@mckimquyen/@playstore/@prodution/@ad/260221_QrAndBarcodeScanner/app/src/main/java/com/mckimquyen/barcodescanner/feature/barcode/ActivityBarcode.kt:829:9 Unresolved reference: buttonSendSmsOrMms1
e: file:///Users/loitran/AndroidStudioProjects/@mckimquyen/@playstore/@prodution/@ad/260221_QrAndBarcodeScanner/app/src/main/java/com/mckimquyen/barcodescanner/feature/barcode/ActivityBarcode.kt:829:29 Variable expected
e: file:///Users/loitran/AndroidStudioProjects/@mckimquyen/@playstore/@prodution/@ad/260221_QrAndBarcodeScanner/app/src/main/java/com/mckimquyen/barcodescanner/feature/barcode/ActivityBarcode.kt:830:9 Unresolved reference: button_send_sms_or_mms_2
e: file:///Users/loitran/AndroidStudioProjects/@mckimquyen/@playstore/@prodution/@ad/260221_QrAndBarcodeScanner/app/src/main/java/com/mckimquyen/barcodescanner/feature/barcode/ActivityBarcode.kt:830:34 Variable expected
e: file:///Users/loitran/AndroidStudioProjects/@mckimquyen/@playstore/@prodution/@ad/260221_QrAndBarcodeScanner/app/src/main/java/com/mckimquyen/barcodescanner/feature/barcode/ActivityBarcode.kt:831:9 Unresolved reference: buttonSendSmsOrMms3
e: file:///Users/loitran/AndroidStudioProjects/@mckimquyen/@playstore/@prodution/@ad/260221_QrAndBarcodeScanner/app/src/main/java/com/mckimquyen/barcodescanner/feature/barcode/ActivityBarcode.kt:831:29 Variable expected
e: file:///Users/loitran/AndroidStudioProjects/@mckimquyen/@playstore/@prodution/@ad/260221_QrAndBarcodeScanner/app/src/main/java/com/mckimquyen/barcodescanner/feature/barcode/ActivityBarcode.kt:833:9 Unresolved reference: buttonSendEmail1
e: file:///Users/loitran/AndroidStudioProjects/@mckimquyen/@playstore/@prodution/@ad/260221_QrAndBarcodeScanner/app/src/main/java/com/mckimquyen/barcodescanner/feature/barcode/ActivityBarcode.kt:833:26 Variable expected
e: file:///Users/loitran/AndroidStudioProjects/@mckimquyen/@playstore/@prodution/@ad/260221_QrAndBarcodeScanner/app/src/main/java/com/mckimquyen/barcodescanner/feature/barcode/ActivityBarcode.kt:834:9 Unresolved reference: buttonSendEmail2
e: file:///Users/loitran/AndroidStudioProjects/@mckimquyen/@playstore/@prodution/@ad/260221_QrAndBarcodeScanner/app/src/main/java/com/mckimquyen/barcodescanner/feature/barcode/ActivityBarcode.kt:834:26 Variable expected
e: file:///Users/loitran/AndroidStudioProjects/@mckimquyen/@playstore/@prodution/@ad/260221_QrAndBarcodeScanner/app/src/main/java/com/mckimquyen/barcodescanner/feature/barcode/ActivityBarcode.kt:835:9 Unresolved reference: buttonSendEmail3
e: file:///Users/loitran/AndroidStudioProjects/@mckimquyen/@playstore/@prodution/@ad/260221_QrAndBarcodeScanner/app/src/main/java/com/mckimquyen/barcodescanner/feature/barcode/ActivityBarcode.kt:835:26 Variable expected
e: file:///Users/loitran/AndroidStudioProjects/@mckimquyen/@playstore/@prodution/@ad/260221_QrAndBarcodeScanner/app/src/main/java/com/mckimquyen/barcodescanner/feature/barcode/ActivityBarcode.kt:839:9 Unresolved reference: buttonConnectToWifi
e: file:///Users/loitran/AndroidStudioProjects/@mckimquyen/@playstore/@prodution/@ad/260221_QrAndBarcodeScanner/app/src/main/java/com/mckimquyen/barcodescanner/feature/barcode/ActivityBarcode.kt:839:29 Variable expected
e: file:///Users/loitran/AndroidStudioProjects/@mckimquyen/@playstore/@prodution/@ad/260221_QrAndBarcodeScanner/app/src/main/java/com/mckimquyen/barcodescanner/feature/barcode/ActivityBarcode.kt:858:9 Unresolved reference: progressBarLoading
e: file:///Users/loitran/AndroidStudioProjects/@mckimquyen/@playstore/@prodution/@ad/260221_QrAndBarcodeScanner/app/src/main/java/com/mckimquyen/barcodescanner/feature/barcode/ActivityBarcode.kt:858:28 Variable expected
e: file:///Users/loitran/AndroidStudioProjects/@mckimquyen/@playstore/@prodution/@ad/260221_QrAndBarcodeScanner/app/src/main/java/com/mckimquyen/barcodescanner/feature/barcode/ActivityBarcode.kt:859:9 Unresolved reference: scrollView
e: file:///Users/loitran/AndroidStudioProjects/@mckimquyen/@playstore/@prodution/@ad/260221_QrAndBarcodeScanner/app/src/main/java/com/mckimquyen/barcodescanner/feature/barcode/ActivityBarcode.kt:859:20 Variable expected
e: file:///Users/loitran/AndroidStudioProjects/@mckimquyen/@playstore/@prodution/@ad/260221_QrAndBarcodeScanner/app/src/main/java/com/mckimquyen/barcodescanner/feature/barcode/ActivityBarcodeImage.kt:54:9 Unresolved reference: rootView
e: file:///Users/loitran/AndroidStudioProjects/@mckimquyen/@playstore/@prodution/@ad/260221_QrAndBarcodeScanner/app/src/main/java/com/mckimquyen/barcodescanner/feature/barcode/ActivityBarcodeImage.kt:62:9 Unresolved reference: toolbar
e: file:///Users/loitran/AndroidStudioProjects/@mckimquyen/@playstore/@prodution/@ad/260221_QrAndBarcodeScanner/app/src/main/java/com/mckimquyen/barcodescanner/feature/barcode/ActivityBarcodeImage.kt:68:9 Unresolved reference: toolbar
e: file:///Users/loitran/AndroidStudioProjects/@mckimquyen/@playstore/@prodution/@ad/260221_QrAndBarcodeScanner/app/src/main/java/com/mckimquyen/barcodescanner/feature/barcode/ActivityBarcodeImage.kt:68:46 Cannot infer a type for this parameter. Please specify it explicitly.
e: file:///Users/loitran/AndroidStudioProjects/@mckimquyen/@playstore/@prodution/@ad/260221_QrAndBarcodeScanner/app/src/main/java/com/mckimquyen/barcodescanner/feature/barcode/ActivityBarcodeImage.kt:72:21 Unresolved reference: toolbar
e: file:///Users/loitran/AndroidStudioProjects/@mckimquyen/@playstore/@prodution/@ad/260221_QrAndBarcodeScanner/app/src/main/java/com/mckimquyen/barcodescanner/feature/barcode/ActivityBarcodeImage.kt:73:25 Unresolved reference: findItem
e: file:///Users/loitran/AndroidStudioProjects/@mckimquyen/@playstore/@prodution/@ad/260221_QrAndBarcodeScanner/app/src/main/java/com/mckimquyen/barcodescanner/feature/barcode/ActivityBarcodeImage.kt:73:63 Variable expected
e: file:///Users/loitran/AndroidStudioProjects/@mckimquyen/@playstore/@prodution/@ad/260221_QrAndBarcodeScanner/app/src/main/java/com/mckimquyen/barcodescanner/feature/barcode/ActivityBarcodeImage.kt:74:25 Unresolved reference: findItem
e: file:///Users/loitran/AndroidStudioProjects/@mckimquyen/@playstore/@prodution/@ad/260221_QrAndBarcodeScanner/app/src/main/java/com/mckimquyen/barcodescanner/feature/barcode/ActivityBarcodeImage.kt:74:63 Variable expected
e: file:///Users/loitran/AndroidStudioProjects/@mckimquyen/@playstore/@prodution/@ad/260221_QrAndBarcodeScanner/app/src/main/java/com/mckimquyen/barcodescanner/feature/barcode/ActivityBarcodeImage.kt:80:21 Unresolved reference: toolbar
e: file:///Users/loitran/AndroidStudioProjects/@mckimquyen/@playstore/@prodution/@ad/260221_QrAndBarcodeScanner/app/src/main/java/com/mckimquyen/barcodescanner/feature/barcode/ActivityBarcodeImage.kt:81:25 Unresolved reference: findItem
e: file:///Users/loitran/AndroidStudioProjects/@mckimquyen/@playstore/@prodution/@ad/260221_QrAndBarcodeScanner/app/src/main/java/com/mckimquyen/barcodescanner/feature/barcode/ActivityBarcodeImage.kt:81:63 Variable expected
e: file:///Users/loitran/AndroidStudioProjects/@mckimquyen/@playstore/@prodution/@ad/260221_QrAndBarcodeScanner/app/src/main/java/com/mckimquyen/barcodescanner/feature/barcode/ActivityBarcodeImage.kt:82:25 Unresolved reference: findItem
e: file:///Users/loitran/AndroidStudioProjects/@mckimquyen/@playstore/@prodution/@ad/260221_QrAndBarcodeScanner/app/src/main/java/com/mckimquyen/barcodescanner/feature/barcode/ActivityBarcodeImage.kt:82:63 Variable expected
e: file:///Users/loitran/AndroidStudioProjects/@mckimquyen/@playstore/@prodution/@ad/260221_QrAndBarcodeScanner/app/src/main/java/com/mckimquyen/barcodescanner/feature/barcode/ActivityBarcodeImage.kt:91:9 Unresolved reference: toolbar
e: file:///Users/loitran/AndroidStudioProjects/@mckimquyen/@playstore/@prodution/@ad/260221_QrAndBarcodeScanner/app/src/main/java/com/mckimquyen/barcodescanner/feature/barcode/ActivityBarcodeImage.kt:111:13 Unresolved reference: imageViewBarcode
e: file:///Users/loitran/AndroidStudioProjects/@mckimquyen/@playstore/@prodution/@ad/260221_QrAndBarcodeScanner/app/src/main/java/com/mckimquyen/barcodescanner/feature/barcode/ActivityBarcodeImage.kt:112:13 Unresolved reference: imageViewBarcode
e: file:///Users/loitran/AndroidStudioProjects/@mckimquyen/@playstore/@prodution/@ad/260221_QrAndBarcodeScanner/app/src/main/java/com/mckimquyen/barcodescanner/feature/barcode/ActivityBarcodeImage.kt:113:13 Unresolved reference: layoutBarcodeImageBackground
e: file:///Users/loitran/AndroidStudioProjects/@mckimquyen/@playstore/@prodution/@ad/260221_QrAndBarcodeScanner/app/src/main/java/com/mckimquyen/barcodescanner/feature/barcode/ActivityBarcodeImage.kt:116:17 Unresolved reference: layoutBarcodeImageBackground
e: file:///Users/loitran/AndroidStudioProjects/@mckimquyen/@playstore/@prodution/@ad/260221_QrAndBarcodeScanner/app/src/main/java/com/mckimquyen/barcodescanner/feature/barcode/ActivityBarcodeImage.kt:125:13 Unresolved reference: imageViewBarcode
e: file:///Users/loitran/AndroidStudioProjects/@mckimquyen/@playstore/@prodution/@ad/260221_QrAndBarcodeScanner/app/src/main/java/com/mckimquyen/barcodescanner/feature/barcode/ActivityBarcodeImage.kt:125:30 Variable expected
e: file:///Users/loitran/AndroidStudioProjects/@mckimquyen/@playstore/@prodution/@ad/260221_QrAndBarcodeScanner/app/src/main/java/com/mckimquyen/barcodescanner/feature/barcode/ActivityBarcodeImage.kt:130:9 Unresolved reference: textViewDate
e: file:///Users/loitran/AndroidStudioProjects/@mckimquyen/@playstore/@prodution/@ad/260221_QrAndBarcodeScanner/app/src/main/java/com/mckimquyen/barcodescanner/feature/barcode/ActivityBarcodeImage.kt:130:22 Variable expected
e: file:///Users/loitran/AndroidStudioProjects/@mckimquyen/@playstore/@prodution/@ad/260221_QrAndBarcodeScanner/app/src/main/java/com/mckimquyen/barcodescanner/feature/barcode/ActivityBarcodeImage.kt:135:9 Unresolved reference: toolbar
e: file:///Users/loitran/AndroidStudioProjects/@mckimquyen/@playstore/@prodution/@ad/260221_QrAndBarcodeScanner/app/src/main/java/com/mckimquyen/barcodescanner/feature/barcode/ActivityBarcodeImage.kt:139:9 Unresolved reference: textViewBarcodeText
e: file:///Users/loitran/AndroidStudioProjects/@mckimquyen/@playstore/@prodution/@ad/260221_QrAndBarcodeScanner/app/src/main/java/com/mckimquyen/barcodescanner/feature/barcode/ActivityBarcodeImage.kt:139:29 Variable expected
e: file:///Users/loitran/AndroidStudioProjects/@mckimquyen/@playstore/@prodution/@ad/260221_QrAndBarcodeScanner/app/src/main/java/com/mckimquyen/barcodescanner/feature/barcode/otp/ActivityOtp.kt:65:9 Unresolved reference: rootView
e: file:///Users/loitran/AndroidStudioProjects/@mckimquyen/@playstore/@prodution/@ad/260221_QrAndBarcodeScanner/app/src/main/java/com/mckimquyen/barcodescanner/feature/barcode/otp/ActivityOtp.kt:73:9 Unresolved reference: toolbar
e: file:///Users/loitran/AndroidStudioProjects/@mckimquyen/@playstore/@prodution/@ad/260221_QrAndBarcodeScanner/app/src/main/java/com/mckimquyen/barcodescanner/feature/barcode/otp/ActivityOtp.kt:79:9 Unresolved reference: buttonRefresh
e: file:///Users/loitran/AndroidStudioProjects/@mckimquyen/@playstore/@prodution/@ad/260221_QrAndBarcodeScanner/app/src/main/java/com/mckimquyen/barcodescanner/feature/barcode/otp/ActivityOtp.kt:94:9 Unresolved reference: textViewPassword
e: file:///Users/loitran/AndroidStudioProjects/@mckimquyen/@playstore/@prodution/@ad/260221_QrAndBarcodeScanner/app/src/main/java/com/mckimquyen/barcodescanner/feature/barcode/otp/ActivityOtp.kt:94:26 Variable expected
e: file:///Users/loitran/AndroidStudioProjects/@mckimquyen/@playstore/@prodution/@ad/260221_QrAndBarcodeScanner/app/src/main/java/com/mckimquyen/barcodescanner/feature/barcode/otp/ActivityOtp.kt:99:9 Unresolved reference: buttonRefresh
e: file:///Users/loitran/AndroidStudioProjects/@mckimquyen/@playstore/@prodution/@ad/260221_QrAndBarcodeScanner/app/src/main/java/com/mckimquyen/barcodescanner/feature/barcode/otp/ActivityOtp.kt:99:23 Variable expected
e: file:///Users/loitran/AndroidStudioProjects/@mckimquyen/@playstore/@prodution/@ad/260221_QrAndBarcodeScanner/app/src/main/java/com/mckimquyen/barcodescanner/feature/barcode/otp/ActivityOtp.kt:100:9 Unresolved reference: textViewCounter
e: file:///Users/loitran/AndroidStudioProjects/@mckimquyen/@playstore/@prodution/@ad/260221_QrAndBarcodeScanner/app/src/main/java/com/mckimquyen/barcodescanner/feature/barcode/otp/ActivityOtp.kt:100:25 Variable expected
e: file:///Users/loitran/AndroidStudioProjects/@mckimquyen/@playstore/@prodution/@ad/260221_QrAndBarcodeScanner/app/src/main/java/com/mckimquyen/barcodescanner/feature/barcode/otp/ActivityOtp.kt:101:9 Unresolved reference: textViewCounter
e: file:///Users/loitran/AndroidStudioProjects/@mckimquyen/@playstore/@prodution/@ad/260221_QrAndBarcodeScanner/app/src/main/java/com/mckimquyen/barcodescanner/feature/barcode/otp/ActivityOtp.kt:101:25 Variable expected
e: file:///Users/loitran/AndroidStudioProjects/@mckimquyen/@playstore/@prodution/@ad/260221_QrAndBarcodeScanner/app/src/main/java/com/mckimquyen/barcodescanner/feature/barcode/otp/ActivityOtp.kt:105:9 Unresolved reference: textViewTimer
e: file:///Users/loitran/AndroidStudioProjects/@mckimquyen/@playstore/@prodution/@ad/260221_QrAndBarcodeScanner/app/src/main/java/com/mckimquyen/barcodescanner/feature/barcode/otp/ActivityOtp.kt:105:23 Variable expected
e: file:///Users/loitran/AndroidStudioProjects/@mckimquyen/@playstore/@prodution/@ad/260221_QrAndBarcodeScanner/app/src/main/java/com/mckimquyen/barcodescanner/feature/barcode/otp/ActivityOtp.kt:130:9 Unresolved reference: textViewTimer
e: file:///Users/loitran/AndroidStudioProjects/@mckimquyen/@playstore/@prodution/@ad/260221_QrAndBarcodeScanner/app/src/main/java/com/mckimquyen/barcodescanner/feature/barcode/otp/ActivityOtp.kt:130:23 Variable expected
e: file:///Users/loitran/AndroidStudioProjects/@mckimquyen/@playstore/@prodution/@ad/260221_QrAndBarcodeScanner/app/src/main/java/com/mckimquyen/barcodescanner/feature/barcode/save/ActivitySaveBarcodeAsImage.kt:91:9 Unresolved reference: rootView
e: file:///Users/loitran/AndroidStudioProjects/@mckimquyen/@playstore/@prodution/@ad/260221_QrAndBarcodeScanner/app/src/main/java/com/mckimquyen/barcodescanner/feature/barcode/save/ActivitySaveBarcodeAsImage.kt:95:9 Unresolved reference: toolbar
e: file:///Users/loitran/AndroidStudioProjects/@mckimquyen/@playstore/@prodution/@ad/260221_QrAndBarcodeScanner/app/src/main/java/com/mckimquyen/barcodescanner/feature/barcode/save/ActivitySaveBarcodeAsImage.kt:101:9 Unresolved reference: spinnerSaveAs
e: file:///Users/loitran/AndroidStudioProjects/@mckimquyen/@playstore/@prodution/@ad/260221_QrAndBarcodeScanner/app/src/main/java/com/mckimquyen/barcodescanner/feature/barcode/save/ActivitySaveBarcodeAsImage.kt:101:23 Variable expected
e: file:///Users/loitran/AndroidStudioProjects/@mckimquyen/@playstore/@prodution/@ad/260221_QrAndBarcodeScanner/app/src/main/java/com/mckimquyen/barcodescanner/feature/barcode/save/ActivitySaveBarcodeAsImage.kt:111:9 Unresolved reference: buttonSave
e: file:///Users/loitran/AndroidStudioProjects/@mckimquyen/@playstore/@prodution/@ad/260221_QrAndBarcodeScanner/app/src/main/java/com/mckimquyen/barcodescanner/feature/barcode/save/ActivitySaveBarcodeAsImage.kt:127:30 Unresolved reference: spinnerSaveAs
e: file:///Users/loitran/AndroidStudioProjects/@mckimquyen/@playstore/@prodution/@ad/260221_QrAndBarcodeScanner/app/src/main/java/com/mckimquyen/barcodescanner/feature/barcode/save/ActivitySaveBarcodeAsImage.kt:178:9 Unresolved reference: progressBarLoading
e: file:///Users/loitran/AndroidStudioProjects/@mckimquyen/@playstore/@prodution/@ad/260221_QrAndBarcodeScanner/app/src/main/java/com/mckimquyen/barcodescanner/feature/barcode/save/ActivitySaveBarcodeAsImage.kt:178:28 Variable expected
e: file:///Users/loitran/AndroidStudioProjects/@mckimquyen/@playstore/@prodution/@ad/260221_QrAndBarcodeScanner/app/src/main/java/com/mckimquyen/barcodescanner/feature/barcode/save/ActivitySaveBarcodeAsImage.kt:179:9 Unresolved reference: scrollView
e: file:///Users/loitran/AndroidStudioProjects/@mckimquyen/@playstore/@prodution/@ad/260221_QrAndBarcodeScanner/app/src/main/java/com/mckimquyen/barcodescanner/feature/barcode/save/ActivitySaveBarcodeAsImage.kt:179:20 Variable expected
e: file:///Users/loitran/AndroidStudioProjects/@mckimquyen/@playstore/@prodution/@ad/260221_QrAndBarcodeScanner/app/src/main/java/com/mckimquyen/barcodescanner/feature/barcode/save/ActivitySaveBarcodeAsText.kt:75:9 Unresolved reference: rootView
e: file:///Users/loitran/AndroidStudioProjects/@mckimquyen/@playstore/@prodution/@ad/260221_QrAndBarcodeScanner/app/src/main/java/com/mckimquyen/barcodescanner/feature/barcode/save/ActivitySaveBarcodeAsText.kt:79:9 Unresolved reference: toolbar
e: file:///Users/loitran/AndroidStudioProjects/@mckimquyen/@playstore/@prodution/@ad/260221_QrAndBarcodeScanner/app/src/main/java/com/mckimquyen/barcodescanner/feature/barcode/save/ActivitySaveBarcodeAsText.kt:85:9 Unresolved reference: spinnerSaveAs
e: file:///Users/loitran/AndroidStudioProjects/@mckimquyen/@playstore/@prodution/@ad/260221_QrAndBarcodeScanner/app/src/main/java/com/mckimquyen/barcodescanner/feature/barcode/save/ActivitySaveBarcodeAsText.kt:85:23 Variable expected
e: file:///Users/loitran/AndroidStudioProjects/@mckimquyen/@playstore/@prodution/@ad/260221_QrAndBarcodeScanner/app/src/main/java/com/mckimquyen/barcodescanner/feature/barcode/save/ActivitySaveBarcodeAsText.kt:93:9 Unresolved reference: buttonSave
e: file:///Users/loitran/AndroidStudioProjects/@mckimquyen/@playstore/@prodution/@ad/260221_QrAndBarcodeScanner/app/src/main/java/com/mckimquyen/barcodescanner/feature/barcode/save/ActivitySaveBarcodeAsText.kt:107:30 Unresolved reference: spinnerSaveAs
e: file:///Users/loitran/AndroidStudioProjects/@mckimquyen/@playstore/@prodution/@ad/260221_QrAndBarcodeScanner/app/src/main/java/com/mckimquyen/barcodescanner/feature/barcode/save/ActivitySaveBarcodeAsText.kt:129:9 Unresolved reference: progressBarLoading
e: file:///Users/loitran/AndroidStudioProjects/@mckimquyen/@playstore/@prodution/@ad/260221_QrAndBarcodeScanner/app/src/main/java/com/mckimquyen/barcodescanner/feature/barcode/save/ActivitySaveBarcodeAsText.kt:129:28 Variable expected
e: file:///Users/loitran/AndroidStudioProjects/@mckimquyen/@playstore/@prodution/@ad/260221_QrAndBarcodeScanner/app/src/main/java/com/mckimquyen/barcodescanner/feature/barcode/save/ActivitySaveBarcodeAsText.kt:130:9 Unresolved reference: scrollView
e: file:///Users/loitran/AndroidStudioProjects/@mckimquyen/@playstore/@prodution/@ad/260221_QrAndBarcodeScanner/app/src/main/java/com/mckimquyen/barcodescanner/feature/barcode/save/ActivitySaveBarcodeAsText.kt:130:20 Variable expected
e: file:///Users/loitran/AndroidStudioProjects/@mckimquyen/@playstore/@prodution/@ad/260221_QrAndBarcodeScanner/app/src/main/java/com/mckimquyen/barcodescanner/feature/common/view/ButtonSettings.kt:11:24 Unresolved reference: synthetic
e: file:///Users/loitran/AndroidStudioProjects/@mckimquyen/@playstore/@prodution/@ad/260221_QrAndBarcodeScanner/app/src/main/java/com/mckimquyen/barcodescanner/feature/common/view/ButtonSettings.kt:36:22 Unresolved reference: textViewHint
e: file:///Users/loitran/AndroidStudioProjects/@mckimquyen/@playstore/@prodution/@ad/260221_QrAndBarcodeScanner/app/src/main/java/com/mckimquyen/barcodescanner/feature/common/view/ButtonSettings.kt:38:18 Unresolved reference: textViewHint
e: file:///Users/loitran/AndroidStudioProjects/@mckimquyen/@playstore/@prodution/@ad/260221_QrAndBarcodeScanner/app/src/main/java/com/mckimquyen/barcodescanner/feature/common/view/ButtonSettings.kt:39:17 Unresolved reference: text
e: file:///Users/loitran/AndroidStudioProjects/@mckimquyen/@playstore/@prodution/@ad/260221_QrAndBarcodeScanner/app/src/main/java/com/mckimquyen/barcodescanner/feature/common/view/ButtonSettings.kt:40:29 Unresolved reference: text
e: file:///Users/loitran/AndroidStudioProjects/@mckimquyen/@playstore/@prodution/@ad/260221_QrAndBarcodeScanner/app/src/main/java/com/mckimquyen/barcodescanner/feature/common/view/ButtonSettings.kt:45:22 Unresolved reference: switchButton
e: file:///Users/loitran/AndroidStudioProjects/@mckimquyen/@playstore/@prodution/@ad/260221_QrAndBarcodeScanner/app/src/main/java/com/mckimquyen/barcodescanner/feature/common/view/ButtonSettings.kt:47:18 Unresolved reference: switchButton
e: file:///Users/loitran/AndroidStudioProjects/@mckimquyen/@playstore/@prodution/@ad/260221_QrAndBarcodeScanner/app/src/main/java/com/mckimquyen/barcodescanner/feature/common/view/ButtonSettings.kt:47:31 Variable expected
e: file:///Users/loitran/AndroidStudioProjects/@mckimquyen/@playstore/@prodution/@ad/260221_QrAndBarcodeScanner/app/src/main/java/com/mckimquyen/barcodescanner/feature/common/view/ButtonSettings.kt:52:9 Unresolved reference: textViewText
e: file:///Users/loitran/AndroidStudioProjects/@mckimquyen/@playstore/@prodution/@ad/260221_QrAndBarcodeScanner/app/src/main/java/com/mckimquyen/barcodescanner/feature/common/view/ButtonSettings.kt:52:22 Variable expected
e: file:///Users/loitran/AndroidStudioProjects/@mckimquyen/@playstore/@prodution/@ad/260221_QrAndBarcodeScanner/app/src/main/java/com/mckimquyen/barcodescanner/feature/common/view/ButtonSettings.kt:56:14 Unresolved reference: switchButton
e: file:///Users/loitran/AndroidStudioProjects/@mckimquyen/@playstore/@prodution/@ad/260221_QrAndBarcodeScanner/app/src/main/java/com/mckimquyen/barcodescanner/feature/common/view/ButtonSettings.kt:56:56 Cannot infer a type for this parameter. Please specify it explicitly.
e: file:///Users/loitran/AndroidStudioProjects/@mckimquyen/@playstore/@prodution/@ad/260221_QrAndBarcodeScanner/app/src/main/java/com/mckimquyen/barcodescanner/feature/common/view/ButtonSettings.kt:56:59 Cannot infer a type for this parameter. Please specify it explicitly.
e: file:///Users/loitran/AndroidStudioProjects/@mckimquyen/@playstore/@prodution/@ad/260221_QrAndBarcodeScanner/app/src/main/java/com/mckimquyen/barcodescanner/feature/common/view/ButtonSettings.kt:62:14 Unresolved reference: textViewText
e: file:///Users/loitran/AndroidStudioProjects/@mckimquyen/@playstore/@prodution/@ad/260221_QrAndBarcodeScanner/app/src/main/java/com/mckimquyen/barcodescanner/feature/common/view/ButtonSettings.kt:62:27 Variable expected
e: file:///Users/loitran/AndroidStudioProjects/@mckimquyen/@playstore/@prodution/@ad/260221_QrAndBarcodeScanner/app/src/main/java/com/mckimquyen/barcodescanner/feature/common/view/ButtonSettings.kt:70:14 Unresolved reference: switchButton
e: file:///Users/loitran/AndroidStudioProjects/@mckimquyen/@playstore/@prodution/@ad/260221_QrAndBarcodeScanner/app/src/main/java/com/mckimquyen/barcodescanner/feature/common/view/ButtonSettings.kt:70:27 Variable expected
e: file:///Users/loitran/AndroidStudioProjects/@mckimquyen/@playstore/@prodution/@ad/260221_QrAndBarcodeScanner/app/src/main/java/com/mckimquyen/barcodescanner/feature/common/view/ButtonSettings.kt:71:18 Unresolved reference: switchButton
e: file:///Users/loitran/AndroidStudioProjects/@mckimquyen/@playstore/@prodution/@ad/260221_QrAndBarcodeScanner/app/src/main/java/com/mckimquyen/barcodescanner/feature/common/view/ButtonSettings.kt:73:22 Unresolved reference: switchButton
e: file:///Users/loitran/AndroidStudioProjects/@mckimquyen/@playstore/@prodution/@ad/260221_QrAndBarcodeScanner/app/src/main/java/com/mckimquyen/barcodescanner/feature/common/view/DateTimePickerButton.kt:13:24 Unresolved reference: synthetic
e: file:///Users/loitran/AndroidStudioProjects/@mckimquyen/@playstore/@prodution/@ad/260221_QrAndBarcodeScanner/app/src/main/java/com/mckimquyen/barcodescanner/feature/common/view/DateTimePickerButton.kt:55:14 Unresolved reference: textViewHint
e: file:///Users/loitran/AndroidStudioProjects/@mckimquyen/@playstore/@prodution/@ad/260221_QrAndBarcodeScanner/app/src/main/java/com/mckimquyen/barcodescanner/feature/common/view/DateTimePickerButton.kt:55:27 Variable expected
e: file:///Users/loitran/AndroidStudioProjects/@mckimquyen/@playstore/@prodution/@ad/260221_QrAndBarcodeScanner/app/src/main/java/com/mckimquyen/barcodescanner/feature/common/view/DateTimePickerButton.kt:62:25 Unresolved reference: textViewHint
e: file:///Users/loitran/AndroidStudioProjects/@mckimquyen/@playstore/@prodution/@ad/260221_QrAndBarcodeScanner/app/src/main/java/com/mckimquyen/barcodescanner/feature/common/view/DateTimePickerButton.kt:73:14 Unresolved reference: textViewDateTime
e: file:///Users/loitran/AndroidStudioProjects/@mckimquyen/@playstore/@prodution/@ad/260221_QrAndBarcodeScanner/app/src/main/java/com/mckimquyen/barcodescanner/feature/common/view/DateTimePickerButton.kt:73:31 Variable expected
e: file:///Users/loitran/AndroidStudioProjects/@mckimquyen/@playstore/@prodution/@ad/260221_QrAndBarcodeScanner/app/src/main/java/com/mckimquyen/barcodescanner/feature/common/view/IconButton.kt:13:24 Unresolved reference: synthetic
e: file:///Users/loitran/AndroidStudioProjects/@mckimquyen/@playstore/@prodution/@ad/260221_QrAndBarcodeScanner/app/src/main/java/com/mckimquyen/barcodescanner/feature/common/view/IconButton.kt:19:22 Unresolved reference: textView
e: file:///Users/loitran/AndroidStudioProjects/@mckimquyen/@playstore/@prodution/@ad/260221_QrAndBarcodeScanner/app/src/main/java/com/mckimquyen/barcodescanner/feature/common/view/IconButton.kt:21:18 Unresolved reference: textView
e: file:///Users/loitran/AndroidStudioProjects/@mckimquyen/@playstore/@prodution/@ad/260221_QrAndBarcodeScanner/app/src/main/java/com/mckimquyen/barcodescanner/feature/common/view/IconButton.kt:21:27 Variable expected
e: file:///Users/loitran/AndroidStudioProjects/@mckimquyen/@playstore/@prodution/@ad/260221_QrAndBarcodeScanner/app/src/main/java/com/mckimquyen/barcodescanner/feature/common/view/IconButton.kt:49:14 Unresolved reference: imageViewSchema
e: file:///Users/loitran/AndroidStudioProjects/@mckimquyen/@playstore/@prodution/@ad/260221_QrAndBarcodeScanner/app/src/main/java/com/mckimquyen/barcodescanner/feature/common/view/IconButton.kt:57:15 Unresolved reference: layoutImage
e: file:///Users/loitran/AndroidStudioProjects/@mckimquyen/@playstore/@prodution/@ad/260221_QrAndBarcodeScanner/app/src/main/java/com/mckimquyen/barcodescanner/feature/common/view/IconButton.kt:61:14 Unresolved reference: textView
e: file:///Users/loitran/AndroidStudioProjects/@mckimquyen/@playstore/@prodution/@ad/260221_QrAndBarcodeScanner/app/src/main/java/com/mckimquyen/barcodescanner/feature/common/view/IconButton.kt:61:23 Variable expected
e: file:///Users/loitran/AndroidStudioProjects/@mckimquyen/@playstore/@prodution/@ad/260221_QrAndBarcodeScanner/app/src/main/java/com/mckimquyen/barcodescanner/feature/common/view/IconButton.kt:66:14 Unresolved reference: imageViewSchema
e: file:///Users/loitran/AndroidStudioProjects/@mckimquyen/@playstore/@prodution/@ad/260221_QrAndBarcodeScanner/app/src/main/java/com/mckimquyen/barcodescanner/feature/common/view/IconButton.kt:66:30 Variable expected
e: file:///Users/loitran/AndroidStudioProjects/@mckimquyen/@playstore/@prodution/@ad/260221_QrAndBarcodeScanner/app/src/main/java/com/mckimquyen/barcodescanner/feature/common/view/IconButton.kt:67:14 Unresolved reference: textView
e: file:///Users/loitran/AndroidStudioProjects/@mckimquyen/@playstore/@prodution/@ad/260221_QrAndBarcodeScanner/app/src/main/java/com/mckimquyen/barcodescanner/feature/common/view/IconButton.kt:67:23 Variable expected
e: file:///Users/loitran/AndroidStudioProjects/@mckimquyen/@playstore/@prodution/@ad/260221_QrAndBarcodeScanner/app/src/main/java/com/mckimquyen/barcodescanner/feature/common/view/IconButtonWithDelimiter.kt:15:24 Unresolved reference: synthetic
e: file:///Users/loitran/AndroidStudioProjects/@mckimquyen/@playstore/@prodution/@ad/260221_QrAndBarcodeScanner/app/src/main/java/com/mckimquyen/barcodescanner/feature/common/view/IconButtonWithDelimiter.kt:44:14 Unresolved reference: imageViewSchema
e: file:///Users/loitran/AndroidStudioProjects/@mckimquyen/@playstore/@prodution/@ad/260221_QrAndBarcodeScanner/app/src/main/java/com/mckimquyen/barcodescanner/feature/common/view/IconButtonWithDelimiter.kt:53:15 Unresolved reference: layoutImage
e: file:///Users/loitran/AndroidStudioProjects/@mckimquyen/@playstore/@prodution/@ad/260221_QrAndBarcodeScanner/app/src/main/java/com/mckimquyen/barcodescanner/feature/common/view/IconButtonWithDelimiter.kt:57:14 Unresolved reference: textView
e: file:///Users/loitran/AndroidStudioProjects/@mckimquyen/@playstore/@prodution/@ad/260221_QrAndBarcodeScanner/app/src/main/java/com/mckimquyen/barcodescanner/feature/common/view/IconButtonWithDelimiter.kt:57:23 Variable expected
e: file:///Users/loitran/AndroidStudioProjects/@mckimquyen/@playstore/@prodution/@ad/260221_QrAndBarcodeScanner/app/src/main/java/com/mckimquyen/barcodescanner/feature/common/view/IconButtonWithDelimiter.kt:61:14 Unresolved reference: imageViewArrow
e: file:///Users/loitran/AndroidStudioProjects/@mckimquyen/@playstore/@prodution/@ad/260221_QrAndBarcodeScanner/app/src/main/java/com/mckimquyen/barcodescanner/feature/common/view/IconButtonWithDelimiter.kt:61:29 Variable expected
e: file:///Users/loitran/AndroidStudioProjects/@mckimquyen/@playstore/@prodution/@ad/260221_QrAndBarcodeScanner/app/src/main/java/com/mckimquyen/barcodescanner/feature/common/view/IconButtonWithDelimiter.kt:65:14 Unresolved reference: delimiter
e: file:///Users/loitran/AndroidStudioProjects/@mckimquyen/@playstore/@prodution/@ad/260221_QrAndBarcodeScanner/app/src/main/java/com/mckimquyen/barcodescanner/feature/common/view/IconButtonWithDelimiter.kt:65:24 Variable expected
e: file:///Users/loitran/AndroidStudioProjects/@mckimquyen/@playstore/@prodution/@ad/260221_QrAndBarcodeScanner/app/src/main/java/com/mckimquyen/barcodescanner/feature/common/view/IconButtonWithDelimiter.kt:71:14 Unresolved reference: imageViewSchema
e: file:///Users/loitran/AndroidStudioProjects/@mckimquyen/@playstore/@prodution/@ad/260221_QrAndBarcodeScanner/app/src/main/java/com/mckimquyen/barcodescanner/feature/common/view/IconButtonWithDelimiter.kt:71:30 Variable expected
e: file:///Users/loitran/AndroidStudioProjects/@mckimquyen/@playstore/@prodution/@ad/260221_QrAndBarcodeScanner/app/src/main/java/com/mckimquyen/barcodescanner/feature/common/view/IconButtonWithDelimiter.kt:72:14 Unresolved reference: textView
e: file:///Users/loitran/AndroidStudioProjects/@mckimquyen/@playstore/@prodution/@ad/260221_QrAndBarcodeScanner/app/src/main/java/com/mckimquyen/barcodescanner/feature/common/view/IconButtonWithDelimiter.kt:72:23 Variable expected
e: file:///Users/loitran/AndroidStudioProjects/@mckimquyen/@playstore/@prodution/@ad/260221_QrAndBarcodeScanner/app/src/main/java/com/mckimquyen/barcodescanner/feature/common/view/RadioButtonSettings.kt:11:24 Unresolved reference: synthetic
e: file:///Users/loitran/AndroidStudioProjects/@mckimquyen/@playstore/@prodution/@ad/260221_QrAndBarcodeScanner/app/src/main/java/com/mckimquyen/barcodescanner/feature/common/view/RadioButtonSettings.kt:36:13 Unresolved reference: radioButton
e: file:///Users/loitran/AndroidStudioProjects/@mckimquyen/@playstore/@prodution/@ad/260221_QrAndBarcodeScanner/app/src/main/java/com/mckimquyen/barcodescanner/feature/common/view/RadioButtonSettings.kt:41:22 Unresolved reference: radioButton
e: file:///Users/loitran/AndroidStudioProjects/@mckimquyen/@playstore/@prodution/@ad/260221_QrAndBarcodeScanner/app/src/main/java/com/mckimquyen/barcodescanner/feature/common/view/RadioButtonSettings.kt:43:18 Unresolved reference: radioButton
e: file:///Users/loitran/AndroidStudioProjects/@mckimquyen/@playstore/@prodution/@ad/260221_QrAndBarcodeScanner/app/src/main/java/com/mckimquyen/barcodescanner/feature/common/view/RadioButtonSettings.kt:43:30 Variable expected
e: file:///Users/loitran/AndroidStudioProjects/@mckimquyen/@playstore/@prodution/@ad/260221_QrAndBarcodeScanner/app/src/main/java/com/mckimquyen/barcodescanner/feature/common/view/RadioButtonSettings.kt:47:14 Unresolved reference: radioButton
e: file:///Users/loitran/AndroidStudioProjects/@mckimquyen/@playstore/@prodution/@ad/260221_QrAndBarcodeScanner/app/src/main/java/com/mckimquyen/barcodescanner/feature/common/view/RadioButtonSettings.kt:47:55 Cannot infer a type for this parameter. Please specify it explicitly.
e: file:///Users/loitran/AndroidStudioProjects/@mckimquyen/@playstore/@prodution/@ad/260221_QrAndBarcodeScanner/app/src/main/java/com/mckimquyen/barcodescanner/feature/common/view/RadioButtonSettings.kt:47:58 Cannot infer a type for this parameter. Please specify it explicitly.
e: file:///Users/loitran/AndroidStudioProjects/@mckimquyen/@playstore/@prodution/@ad/260221_QrAndBarcodeScanner/app/src/main/java/com/mckimquyen/barcodescanner/feature/common/view/RadioButtonSettings.kt:53:14 Unresolved reference: textViewText
e: file:///Users/loitran/AndroidStudioProjects/@mckimquyen/@playstore/@prodution/@ad/260221_QrAndBarcodeScanner/app/src/main/java/com/mckimquyen/barcodescanner/feature/common/view/RadioButtonSettings.kt:53:27 Variable expected
e: file:///Users/loitran/AndroidStudioProjects/@mckimquyen/@playstore/@prodution/@ad/260221_QrAndBarcodeScanner/app/src/main/java/com/mckimquyen/barcodescanner/feature/common/view/RadioButtonSettings.kt:57:14 Unresolved reference: delimiter
e: file:///Users/loitran/AndroidStudioProjects/@mckimquyen/@playstore/@prodution/@ad/260221_QrAndBarcodeScanner/app/src/main/java/com/mckimquyen/barcodescanner/feature/common/view/RadioButtonSettings.kt:57:24 Variable expected
e: file:///Users/loitran/AndroidStudioProjects/@mckimquyen/@playstore/@prodution/@ad/260221_QrAndBarcodeScanner/app/src/main/java/com/mckimquyen/barcodescanner/feature/tabs/ActivityBottomTabs.kt:77:28 Unresolved reference: bottomNavigationView
e: file:///Users/loitran/AndroidStudioProjects/@mckimquyen/@playstore/@prodution/@ad/260221_QrAndBarcodeScanner/app/src/main/java/com/mckimquyen/barcodescanner/feature/tabs/ActivityBottomTabs.kt:93:17 Unresolved reference: bottomNavigationView
e: file:///Users/loitran/AndroidStudioProjects/@mckimquyen/@playstore/@prodution/@ad/260221_QrAndBarcodeScanner/app/src/main/java/com/mckimquyen/barcodescanner/feature/tabs/ActivityBottomTabs.kt:93:38 Variable expected
e: file:///Users/loitran/AndroidStudioProjects/@mckimquyen/@playstore/@prodution/@ad/260221_QrAndBarcodeScanner/app/src/main/java/com/mckimquyen/barcodescanner/feature/tabs/ActivityBottomTabs.kt:97:17 Unresolved reference: bottomNavigationView
e: file:///Users/loitran/AndroidStudioProjects/@mckimquyen/@playstore/@prodution/@ad/260221_QrAndBarcodeScanner/app/src/main/java/com/mckimquyen/barcodescanner/feature/tabs/ActivityBottomTabs.kt:97:38 Variable expected
e: file:///Users/loitran/AndroidStudioProjects/@mckimquyen/@playstore/@prodution/@ad/260221_QrAndBarcodeScanner/app/src/main/java/com/mckimquyen/barcodescanner/feature/tabs/ActivityBottomTabs.kt:107:13 Unresolved reference: bottomNavigationView
e: file:///Users/loitran/AndroidStudioProjects/@mckimquyen/@playstore/@prodution/@ad/260221_QrAndBarcodeScanner/app/src/main/java/com/mckimquyen/barcodescanner/feature/tabs/ActivityBottomTabs.kt:117:13 Unresolved reference: bottomNavigationView
e: file:///Users/loitran/AndroidStudioProjects/@mckimquyen/@playstore/@prodution/@ad/260221_QrAndBarcodeScanner/app/src/main/java/com/mckimquyen/barcodescanner/feature/tabs/ActivityBottomTabs.kt:117:34 Variable expected
e: file:///Users/loitran/AndroidStudioProjects/@mckimquyen/@playstore/@prodution/@ad/260221_QrAndBarcodeScanner/app/src/main/java/com/mckimquyen/barcodescanner/feature/tabs/ActivityBottomTabs.kt:122:9 Unresolved reference: bottomNavigationView
e: file:///Users/loitran/AndroidStudioProjects/@mckimquyen/@playstore/@prodution/@ad/260221_QrAndBarcodeScanner/app/src/main/java/com/mckimquyen/barcodescanner/feature/tabs/ActivityBottomTabs.kt:126:9 Unresolved reference: bottomNavigationView
e: file:///Users/loitran/AndroidStudioProjects/@mckimquyen/@playstore/@prodution/@ad/260221_QrAndBarcodeScanner/app/src/main/java/com/mckimquyen/barcodescanner/feature/tabs/ActivityBottomTabs.kt:127:13 Unresolved reference: setOnNavigationItemSelectedListener
e: file:///Users/loitran/AndroidStudioProjects/@mckimquyen/@playstore/@prodution/@ad/260221_QrAndBarcodeScanner/app/src/main/java/com/mckimquyen/barcodescanner/feature/tabs/ActivityBottomTabs.kt:133:38 Unresolved reference: bottomNavigationView
e: file:///Users/loitran/AndroidStudioProjects/@mckimquyen/@playstore/@prodution/@ad/260221_QrAndBarcodeScanner/app/src/main/java/com/mckimquyen/barcodescanner/feature/tabs/ActivityBottomTabs.kt:133:59 Variable expected
e: file:///Users/loitran/AndroidStudioProjects/@mckimquyen/@playstore/@prodution/@ad/260221_QrAndBarcodeScanner/app/src/main/java/com/mckimquyen/barcodescanner/feature/tabs/ActivityBottomTabs.kt:134:31 Unresolved reference: bottomNavigationView
e: file:///Users/loitran/AndroidStudioProjects/@mckimquyen/@playstore/@prodution/@ad/260221_QrAndBarcodeScanner/app/src/main/java/com/mckimquyen/barcodescanner/feature/tabs/ActivityBottomTabs.kt:134:52 Variable expected
e: file:///Users/loitran/AndroidStudioProjects/@mckimquyen/@playstore/@prodution/@ad/260221_QrAndBarcodeScanner/app/src/main/java/com/mckimquyen/barcodescanner/feature/tabs/create/ActivityCreateBarcode.kt:90:13 Unresolved reference: toolbar
e: file:///Users/loitran/AndroidStudioProjects/@mckimquyen/@playstore/@prodution/@ad/260221_QrAndBarcodeScanner/app/src/main/java/com/mckimquyen/barcodescanner/feature/tabs/create/ActivityCreateBarcode.kt:91:17 Unresolved reference: icon
e: file:///Users/loitran/AndroidStudioProjects/@mckimquyen/@playstore/@prodution/@ad/260221_QrAndBarcodeScanner/app/src/main/java/com/mckimquyen/barcodescanner/feature/tabs/create/ActivityCreateBarcode.kt:92:17 Unresolved reference: isEnabled
e: file:///Users/loitran/AndroidStudioProjects/@mckimquyen/@playstore/@prodution/@ad/260221_QrAndBarcodeScanner/app/src/main/java/com/mckimquyen/barcodescanner/feature/tabs/create/ActivityCreateBarcode.kt:151:9 Unresolved reference: rootView
e: file:///Users/loitran/AndroidStudioProjects/@mckimquyen/@playstore/@prodution/@ad/260221_QrAndBarcodeScanner/app/src/main/java/com/mckimquyen/barcodescanner/feature/tabs/create/ActivityCreateBarcode.kt:211:9 Unresolved reference: toolbar
e: file:///Users/loitran/AndroidStudioProjects/@mckimquyen/@playstore/@prodution/@ad/260221_QrAndBarcodeScanner/app/src/main/java/com/mckimquyen/barcodescanner/feature/tabs/create/ActivityCreateBarcode.kt:217:9 Unresolved reference: toolbar
e: file:///Users/loitran/AndroidStudioProjects/@mckimquyen/@playstore/@prodution/@ad/260221_QrAndBarcodeScanner/app/src/main/java/com/mckimquyen/barcodescanner/feature/tabs/create/ActivityCreateBarcode.kt:217:46 Cannot infer a type for this parameter. Please specify it explicitly.
e: file:///Users/loitran/AndroidStudioProjects/@mckimquyen/@playstore/@prodution/@ad/260221_QrAndBarcodeScanner/app/src/main/java/com/mckimquyen/barcodescanner/feature/tabs/create/ActivityCreateBarcode.kt:229:9 Unresolved reference: toolbar
e: file:///Users/loitran/AndroidStudioProjects/@mckimquyen/@playstore/@prodution/@ad/260221_QrAndBarcodeScanner/app/src/main/java/com/mckimquyen/barcodescanner/feature/tabs/create/ActivityCreateBarcode.kt:239:9 Unresolved reference: toolbar
e: file:///Users/loitran/AndroidStudioProjects/@mckimquyen/@playstore/@prodution/@ad/260221_QrAndBarcodeScanner/app/src/main/java/com/mckimquyen/barcodescanner/feature/tabs/create/FragmentCreateBarcode.kt:49:9 Unresolved reference: appBarLayout
e: file:///Users/loitran/AndroidStudioProjects/@mckimquyen/@playstore/@prodution/@ad/260221_QrAndBarcodeScanner/app/src/main/java/com/mckimquyen/barcodescanner/feature/tabs/create/FragmentCreateBarcode.kt:54:9 Unresolved reference: buttonClipboard
e: file:///Users/loitran/AndroidStudioProjects/@mckimquyen/@playstore/@prodution/@ad/260221_QrAndBarcodeScanner/app/src/main/java/com/mckimquyen/barcodescanner/feature/tabs/create/FragmentCreateBarcode.kt:62:9 Unresolved reference: buttonText
e: file:///Users/loitran/AndroidStudioProjects/@mckimquyen/@playstore/@prodution/@ad/260221_QrAndBarcodeScanner/app/src/main/java/com/mckimquyen/barcodescanner/feature/tabs/create/FragmentCreateBarcode.kt:69:9 Unresolved reference: buttonUrl
e: file:///Users/loitran/AndroidStudioProjects/@mckimquyen/@playstore/@prodution/@ad/260221_QrAndBarcodeScanner/app/src/main/java/com/mckimquyen/barcodescanner/feature/tabs/create/FragmentCreateBarcode.kt:76:9 Unresolved reference: buttonWifi
e: file:///Users/loitran/AndroidStudioProjects/@mckimquyen/@playstore/@prodution/@ad/260221_QrAndBarcodeScanner/app/src/main/java/com/mckimquyen/barcodescanner/feature/tabs/create/FragmentCreateBarcode.kt:83:9 Unresolved reference: buttonLocation
e: file:///Users/loitran/AndroidStudioProjects/@mckimquyen/@playstore/@prodution/@ad/260221_QrAndBarcodeScanner/app/src/main/java/com/mckimquyen/barcodescanner/feature/tabs/create/FragmentCreateBarcode.kt:90:9 Unresolved reference: buttonContactVcard
e: file:///Users/loitran/AndroidStudioProjects/@mckimquyen/@playstore/@prodution/@ad/260221_QrAndBarcodeScanner/app/src/main/java/com/mckimquyen/barcodescanner/feature/tabs/create/FragmentCreateBarcode.kt:97:9 Unresolved reference: buttonShowAllQrCode
e: file:///Users/loitran/AndroidStudioProjects/@mckimquyen/@playstore/@prodution/@ad/260221_QrAndBarcodeScanner/app/src/main/java/com/mckimquyen/barcodescanner/feature/tabs/create/FragmentCreateBarcode.kt:109:9 Unresolved reference: buttonCreateBarcode
e: file:///Users/loitran/AndroidStudioProjects/@mckimquyen/@playstore/@prodution/@ad/260221_QrAndBarcodeScanner/app/src/main/java/com/mckimquyen/barcodescanner/feature/tabs/create/barcode/ActivityCreateBarcodeAll.kt:36:9 Unresolved reference: rootView
e: file:///Users/loitran/AndroidStudioProjects/@mckimquyen/@playstore/@prodution/@ad/260221_QrAndBarcodeScanner/app/src/main/java/com/mckimquyen/barcodescanner/feature/tabs/create/barcode/ActivityCreateBarcodeAll.kt:40:9 Unresolved reference: toolbar
e: file:///Users/loitran/AndroidStudioProjects/@mckimquyen/@playstore/@prodution/@ad/260221_QrAndBarcodeScanner/app/src/main/java/com/mckimquyen/barcodescanner/feature/tabs/create/barcode/ActivityCreateBarcodeAll.kt:46:9 Unresolved reference: buttonDataMatrix
e: file:///Users/loitran/AndroidStudioProjects/@mckimquyen/@playstore/@prodution/@ad/260221_QrAndBarcodeScanner/app/src/main/java/com/mckimquyen/barcodescanner/feature/tabs/create/barcode/ActivityCreateBarcodeAll.kt:49:9 Unresolved reference: buttonAztec
e: file:///Users/loitran/AndroidStudioProjects/@mckimquyen/@playstore/@prodution/@ad/260221_QrAndBarcodeScanner/app/src/main/java/com/mckimquyen/barcodescanner/feature/tabs/create/barcode/ActivityCreateBarcodeAll.kt:52:9 Unresolved reference: buttonPdf417
e: file:///Users/loitran/AndroidStudioProjects/@mckimquyen/@playstore/@prodution/@ad/260221_QrAndBarcodeScanner/app/src/main/java/com/mckimquyen/barcodescanner/feature/tabs/create/barcode/ActivityCreateBarcodeAll.kt:55:9 Unresolved reference: buttonCodabar
e: file:///Users/loitran/AndroidStudioProjects/@mckimquyen/@playstore/@prodution/@ad/260221_QrAndBarcodeScanner/app/src/main/java/com/mckimquyen/barcodescanner/feature/tabs/create/barcode/ActivityCreateBarcodeAll.kt:58:9 Unresolved reference: buttonCode39
e: file:///Users/loitran/AndroidStudioProjects/@mckimquyen/@playstore/@prodution/@ad/260221_QrAndBarcodeScanner/app/src/main/java/com/mckimquyen/barcodescanner/feature/tabs/create/barcode/ActivityCreateBarcodeAll.kt:61:9 Unresolved reference: buttonCode93
e: file:///Users/loitran/AndroidStudioProjects/@mckimquyen/@playstore/@prodution/@ad/260221_QrAndBarcodeScanner/app/src/main/java/com/mckimquyen/barcodescanner/feature/tabs/create/barcode/ActivityCreateBarcodeAll.kt:64:9 Unresolved reference: buttonCode128
e: file:///Users/loitran/AndroidStudioProjects/@mckimquyen/@playstore/@prodution/@ad/260221_QrAndBarcodeScanner/app/src/main/java/com/mckimquyen/barcodescanner/feature/tabs/create/barcode/ActivityCreateBarcodeAll.kt:67:9 Unresolved reference: buttonEan8
e: file:///Users/loitran/AndroidStudioProjects/@mckimquyen/@playstore/@prodution/@ad/260221_QrAndBarcodeScanner/app/src/main/java/com/mckimquyen/barcodescanner/feature/tabs/create/barcode/ActivityCreateBarcodeAll.kt:70:9 Unresolved reference: buttonEan13
e: file:///Users/loitran/AndroidStudioProjects/@mckimquyen/@playstore/@prodution/@ad/260221_QrAndBarcodeScanner/app/src/main/java/com/mckimquyen/barcodescanner/feature/tabs/create/barcode/ActivityCreateBarcodeAll.kt:73:9 Unresolved reference: buttonItf14
e: file:///Users/loitran/AndroidStudioProjects/@mckimquyen/@playstore/@prodution/@ad/260221_QrAndBarcodeScanner/app/src/main/java/com/mckimquyen/barcodescanner/feature/tabs/create/barcode/ActivityCreateBarcodeAll.kt:76:9 Unresolved reference: buttonUpcA
e: file:///Users/loitran/AndroidStudioProjects/@mckimquyen/@playstore/@prodution/@ad/260221_QrAndBarcodeScanner/app/src/main/java/com/mckimquyen/barcodescanner/feature/tabs/create/barcode/ActivityCreateBarcodeAll.kt:79:9 Unresolved reference: buttonUpcE
e: file:///Users/loitran/AndroidStudioProjects/@mckimquyen/@playstore/@prodution/@ad/260221_QrAndBarcodeScanner/app/src/main/java/com/mckimquyen/barcodescanner/feature/tabs/create/barcode/FragmentCreateAztec.kt:33:9 Unresolved reference: editText
e: file:///Users/loitran/AndroidStudioProjects/@mckimquyen/@playstore/@prodution/@ad/260221_QrAndBarcodeScanner/app/src/main/java/com/mckimquyen/barcodescanner/feature/tabs/create/barcode/FragmentCreateAztec.kt:34:9 Unresolved reference: editText
e: file:///Users/loitran/AndroidStudioProjects/@mckimquyen/@playstore/@prodution/@ad/260221_QrAndBarcodeScanner/app/src/main/java/com/mckimquyen/barcodescanner/feature/tabs/create/barcode/FragmentCreateAztec.kt:35:59 Unresolved reference: editText
e: file:///Users/loitran/AndroidStudioProjects/@mckimquyen/@playstore/@prodution/@ad/260221_QrAndBarcodeScanner/app/src/main/java/com/mckimquyen/barcodescanner/feature/tabs/create/barcode/FragmentCreateAztec.kt:40:22 Unresolved reference: editText
e: file:///Users/loitran/AndroidStudioProjects/@mckimquyen/@playstore/@prodution/@ad/260221_QrAndBarcodeScanner/app/src/main/java/com/mckimquyen/barcodescanner/feature/tabs/create/barcode/FragmentCreateCodabar.kt:33:9 Unresolved reference: editText
e: file:///Users/loitran/AndroidStudioProjects/@mckimquyen/@playstore/@prodution/@ad/260221_QrAndBarcodeScanner/app/src/main/java/com/mckimquyen/barcodescanner/feature/tabs/create/barcode/FragmentCreateCodabar.kt:34:9 Unresolved reference: editText
e: file:///Users/loitran/AndroidStudioProjects/@mckimquyen/@playstore/@prodution/@ad/260221_QrAndBarcodeScanner/app/src/main/java/com/mckimquyen/barcodescanner/feature/tabs/create/barcode/FragmentCreateCodabar.kt:35:59 Unresolved reference: editText
e: file:///Users/loitran/AndroidStudioProjects/@mckimquyen/@playstore/@prodution/@ad/260221_QrAndBarcodeScanner/app/src/main/java/com/mckimquyen/barcodescanner/feature/tabs/create/barcode/FragmentCreateCodabar.kt:40:22 Unresolved reference: editText
e: file:///Users/loitran/AndroidStudioProjects/@mckimquyen/@playstore/@prodution/@ad/260221_QrAndBarcodeScanner/app/src/main/java/com/mckimquyen/barcodescanner/feature/tabs/create/barcode/FragmentCreateCode128.kt:33:9 Unresolved reference: editText
e: file:///Users/loitran/AndroidStudioProjects/@mckimquyen/@playstore/@prodution/@ad/260221_QrAndBarcodeScanner/app/src/main/java/com/mckimquyen/barcodescanner/feature/tabs/create/barcode/FragmentCreateCode128.kt:34:9 Unresolved reference: editText
e: file:///Users/loitran/AndroidStudioProjects/@mckimquyen/@playstore/@prodution/@ad/260221_QrAndBarcodeScanner/app/src/main/java/com/mckimquyen/barcodescanner/feature/tabs/create/barcode/FragmentCreateCode128.kt:35:59 Unresolved reference: editText
e: file:///Users/loitran/AndroidStudioProjects/@mckimquyen/@playstore/@prodution/@ad/260221_QrAndBarcodeScanner/app/src/main/java/com/mckimquyen/barcodescanner/feature/tabs/create/barcode/FragmentCreateCode128.kt:40:22 Unresolved reference: editText
e: file:///Users/loitran/AndroidStudioProjects/@mckimquyen/@playstore/@prodution/@ad/260221_QrAndBarcodeScanner/app/src/main/java/com/mckimquyen/barcodescanner/feature/tabs/create/barcode/FragmentCreateCode39.kt:33:9 Unresolved reference: editText
e: file:///Users/loitran/AndroidStudioProjects/@mckimquyen/@playstore/@prodution/@ad/260221_QrAndBarcodeScanner/app/src/main/java/com/mckimquyen/barcodescanner/feature/tabs/create/barcode/FragmentCreateCode39.kt:34:9 Unresolved reference: editText
e: file:///Users/loitran/AndroidStudioProjects/@mckimquyen/@playstore/@prodution/@ad/260221_QrAndBarcodeScanner/app/src/main/java/com/mckimquyen/barcodescanner/feature/tabs/create/barcode/FragmentCreateCode39.kt:35:59 Unresolved reference: editText
e: file:///Users/loitran/AndroidStudioProjects/@mckimquyen/@playstore/@prodution/@ad/260221_QrAndBarcodeScanner/app/src/main/java/com/mckimquyen/barcodescanner/feature/tabs/create/barcode/FragmentCreateCode39.kt:40:22 Unresolved reference: editText
e: file:///Users/loitran/AndroidStudioProjects/@mckimquyen/@playstore/@prodution/@ad/260221_QrAndBarcodeScanner/app/src/main/java/com/mckimquyen/barcodescanner/feature/tabs/create/barcode/FragmentCreateCode93.kt:33:9 Unresolved reference: editText
e: file:///Users/loitran/AndroidStudioProjects/@mckimquyen/@playstore/@prodution/@ad/260221_QrAndBarcodeScanner/app/src/main/java/com/mckimquyen/barcodescanner/feature/tabs/create/barcode/FragmentCreateCode93.kt:34:9 Unresolved reference: editText
e: file:///Users/loitran/AndroidStudioProjects/@mckimquyen/@playstore/@prodution/@ad/260221_QrAndBarcodeScanner/app/src/main/java/com/mckimquyen/barcodescanner/feature/tabs/create/barcode/FragmentCreateCode93.kt:35:59 Unresolved reference: editText
e: file:///Users/loitran/AndroidStudioProjects/@mckimquyen/@playstore/@prodution/@ad/260221_QrAndBarcodeScanner/app/src/main/java/com/mckimquyen/barcodescanner/feature/tabs/create/barcode/FragmentCreateCode93.kt:40:22 Unresolved reference: editText
e: file:///Users/loitran/AndroidStudioProjects/@mckimquyen/@playstore/@prodution/@ad/260221_QrAndBarcodeScanner/app/src/main/java/com/mckimquyen/barcodescanner/feature/tabs/create/barcode/FragmentCreateDataMatrix.kt:33:9 Unresolved reference: editText
e: file:///Users/loitran/AndroidStudioProjects/@mckimquyen/@playstore/@prodution/@ad/260221_QrAndBarcodeScanner/app/src/main/java/com/mckimquyen/barcodescanner/feature/tabs/create/barcode/FragmentCreateDataMatrix.kt:34:9 Unresolved reference: editText
e: file:///Users/loitran/AndroidStudioProjects/@mckimquyen/@playstore/@prodution/@ad/260221_QrAndBarcodeScanner/app/src/main/java/com/mckimquyen/barcodescanner/feature/tabs/create/barcode/FragmentCreateDataMatrix.kt:35:59 Unresolved reference: editText
e: file:///Users/loitran/AndroidStudioProjects/@mckimquyen/@playstore/@prodution/@ad/260221_QrAndBarcodeScanner/app/src/main/java/com/mckimquyen/barcodescanner/feature/tabs/create/barcode/FragmentCreateDataMatrix.kt:40:22 Unresolved reference: editText
e: file:///Users/loitran/AndroidStudioProjects/@mckimquyen/@playstore/@prodution/@ad/260221_QrAndBarcodeScanner/app/src/main/java/com/mckimquyen/barcodescanner/feature/tabs/create/barcode/FragmentCreateEan13.kt:32:9 Unresolved reference: editText
e: file:///Users/loitran/AndroidStudioProjects/@mckimquyen/@playstore/@prodution/@ad/260221_QrAndBarcodeScanner/app/src/main/java/com/mckimquyen/barcodescanner/feature/tabs/create/barcode/FragmentCreateEan13.kt:33:9 Unresolved reference: editText
e: file:///Users/loitran/AndroidStudioProjects/@mckimquyen/@playstore/@prodution/@ad/260221_QrAndBarcodeScanner/app/src/main/java/com/mckimquyen/barcodescanner/feature/tabs/create/barcode/FragmentCreateEan13.kt:34:59 Unresolved reference: editText
e: file:///Users/loitran/AndroidStudioProjects/@mckimquyen/@playstore/@prodution/@ad/260221_QrAndBarcodeScanner/app/src/main/java/com/mckimquyen/barcodescanner/feature/tabs/create/barcode/FragmentCreateEan13.kt:39:22 Unresolved reference: editText
e: file:///Users/loitran/AndroidStudioProjects/@mckimquyen/@playstore/@prodution/@ad/260221_QrAndBarcodeScanner/app/src/main/java/com/mckimquyen/barcodescanner/feature/tabs/create/barcode/FragmentCreateEan8.kt:32:9 Unresolved reference: editText
e: file:///Users/loitran/AndroidStudioProjects/@mckimquyen/@playstore/@prodution/@ad/260221_QrAndBarcodeScanner/app/src/main/java/com/mckimquyen/barcodescanner/feature/tabs/create/barcode/FragmentCreateEan8.kt:33:9 Unresolved reference: editText
e: file:///Users/loitran/AndroidStudioProjects/@mckimquyen/@playstore/@prodution/@ad/260221_QrAndBarcodeScanner/app/src/main/java/com/mckimquyen/barcodescanner/feature/tabs/create/barcode/FragmentCreateEan8.kt:34:59 Unresolved reference: editText
e: file:///Users/loitran/AndroidStudioProjects/@mckimquyen/@playstore/@prodution/@ad/260221_QrAndBarcodeScanner/app/src/main/java/com/mckimquyen/barcodescanner/feature/tabs/create/barcode/FragmentCreateEan8.kt:39:22 Unresolved reference: editText
e: file:///Users/loitran/AndroidStudioProjects/@mckimquyen/@playstore/@prodution/@ad/260221_QrAndBarcodeScanner/app/src/main/java/com/mckimquyen/barcodescanner/feature/tabs/create/barcode/FragmentCreateItf14.kt:32:9 Unresolved reference: editText
e: file:///Users/loitran/AndroidStudioProjects/@mckimquyen/@playstore/@prodution/@ad/260221_QrAndBarcodeScanner/app/src/main/java/com/mckimquyen/barcodescanner/feature/tabs/create/barcode/FragmentCreateItf14.kt:33:9 Unresolved reference: editText
e: file:///Users/loitran/AndroidStudioProjects/@mckimquyen/@playstore/@prodution/@ad/260221_QrAndBarcodeScanner/app/src/main/java/com/mckimquyen/barcodescanner/feature/tabs/create/barcode/FragmentCreateItf14.kt:34:60 Unresolved reference: editText
e: file:///Users/loitran/AndroidStudioProjects/@mckimquyen/@playstore/@prodution/@ad/260221_QrAndBarcodeScanner/app/src/main/java/com/mckimquyen/barcodescanner/feature/tabs/create/barcode/FragmentCreateItf14.kt:39:22 Unresolved reference: editText
e: file:///Users/loitran/AndroidStudioProjects/@mckimquyen/@playstore/@prodution/@ad/260221_QrAndBarcodeScanner/app/src/main/java/com/mckimquyen/barcodescanner/feature/tabs/create/barcode/FragmentCreatePdf417.kt:14:24 Unresolved reference: synthetic
e: file:///Users/loitran/AndroidStudioProjects/@mckimquyen/@playstore/@prodution/@ad/260221_QrAndBarcodeScanner/app/src/main/java/com/mckimquyen/barcodescanner/feature/tabs/create/barcode/FragmentCreatePdf417.kt:28:9 Unresolved reference: editText
e: file:///Users/loitran/AndroidStudioProjects/@mckimquyen/@playstore/@prodution/@ad/260221_QrAndBarcodeScanner/app/src/main/java/com/mckimquyen/barcodescanner/feature/tabs/create/barcode/FragmentCreatePdf417.kt:29:9 Unresolved reference: editText
e: file:///Users/loitran/AndroidStudioProjects/@mckimquyen/@playstore/@prodution/@ad/260221_QrAndBarcodeScanner/app/src/main/java/com/mckimquyen/barcodescanner/feature/tabs/create/barcode/FragmentCreatePdf417.kt:30:59 Unresolved reference: editText
e: file:///Users/loitran/AndroidStudioProjects/@mckimquyen/@playstore/@prodution/@ad/260221_QrAndBarcodeScanner/app/src/main/java/com/mckimquyen/barcodescanner/feature/tabs/create/barcode/FragmentCreatePdf417.kt:35:22 Unresolved reference: editText
e: file:///Users/loitran/AndroidStudioProjects/@mckimquyen/@playstore/@prodution/@ad/260221_QrAndBarcodeScanner/app/src/main/java/com/mckimquyen/barcodescanner/feature/tabs/create/barcode/FragmentCreateUpcA.kt:32:9 Unresolved reference: editText
e: file:///Users/loitran/AndroidStudioProjects/@mckimquyen/@playstore/@prodution/@ad/260221_QrAndBarcodeScanner/app/src/main/java/com/mckimquyen/barcodescanner/feature/tabs/create/barcode/FragmentCreateUpcA.kt:33:9 Unresolved reference: editText
e: file:///Users/loitran/AndroidStudioProjects/@mckimquyen/@playstore/@prodution/@ad/260221_QrAndBarcodeScanner/app/src/main/java/com/mckimquyen/barcodescanner/feature/tabs/create/barcode/FragmentCreateUpcA.kt:34:59 Unresolved reference: editText
e: file:///Users/loitran/AndroidStudioProjects/@mckimquyen/@playstore/@prodution/@ad/260221_QrAndBarcodeScanner/app/src/main/java/com/mckimquyen/barcodescanner/feature/tabs/create/barcode/FragmentCreateUpcA.kt:39:22 Unresolved reference: editText
e: file:///Users/loitran/AndroidStudioProjects/@mckimquyen/@playstore/@prodution/@ad/260221_QrAndBarcodeScanner/app/src/main/java/com/mckimquyen/barcodescanner/feature/tabs/create/barcode/FragmentCreateUpcE.kt:32:9 Unresolved reference: editText
e: file:///Users/loitran/AndroidStudioProjects/@mckimquyen/@playstore/@prodution/@ad/260221_QrAndBarcodeScanner/app/src/main/java/com/mckimquyen/barcodescanner/feature/tabs/create/barcode/FragmentCreateUpcE.kt:33:9 Unresolved reference: editText
e: file:///Users/loitran/AndroidStudioProjects/@mckimquyen/@playstore/@prodution/@ad/260221_QrAndBarcodeScanner/app/src/main/java/com/mckimquyen/barcodescanner/feature/tabs/create/barcode/FragmentCreateUpcE.kt:34:59 Unresolved reference: editText
e: file:///Users/loitran/AndroidStudioProjects/@mckimquyen/@playstore/@prodution/@ad/260221_QrAndBarcodeScanner/app/src/main/java/com/mckimquyen/barcodescanner/feature/tabs/create/barcode/FragmentCreateUpcE.kt:39:22 Unresolved reference: editText
e: file:///Users/loitran/AndroidStudioProjects/@mckimquyen/@playstore/@prodution/@ad/260221_QrAndBarcodeScanner/app/src/main/java/com/mckimquyen/barcodescanner/feature/tabs/create/qr/ActivityCreateQrCodeAll.kt:37:9 Unresolved reference: rootView
e: file:///Users/loitran/AndroidStudioProjects/@mckimquyen/@playstore/@prodution/@ad/260221_QrAndBarcodeScanner/app/src/main/java/com/mckimquyen/barcodescanner/feature/tabs/create/qr/ActivityCreateQrCodeAll.kt:41:9 Unresolved reference: toolbar
e: file:///Users/loitran/AndroidStudioProjects/@mckimquyen/@playstore/@prodution/@ad/260221_QrAndBarcodeScanner/app/src/main/java/com/mckimquyen/barcodescanner/feature/tabs/create/qr/ActivityCreateQrCodeAll.kt:47:9 Unresolved reference: buttonText
e: file:///Users/loitran/AndroidStudioProjects/@mckimquyen/@playstore/@prodution/@ad/260221_QrAndBarcodeScanner/app/src/main/java/com/mckimquyen/barcodescanner/feature/tabs/create/qr/ActivityCreateQrCodeAll.kt:54:9 Unresolved reference: buttonUrl
e: file:///Users/loitran/AndroidStudioProjects/@mckimquyen/@playstore/@prodution/@ad/260221_QrAndBarcodeScanner/app/src/main/java/com/mckimquyen/barcodescanner/feature/tabs/create/qr/ActivityCreateQrCodeAll.kt:61:9 Unresolved reference: buttonWifi
e: file:///Users/loitran/AndroidStudioProjects/@mckimquyen/@playstore/@prodution/@ad/260221_QrAndBarcodeScanner/app/src/main/java/com/mckimquyen/barcodescanner/feature/tabs/create/qr/ActivityCreateQrCodeAll.kt:68:9 Unresolved reference: buttonLocation
e: file:///Users/loitran/AndroidStudioProjects/@mckimquyen/@playstore/@prodution/@ad/260221_QrAndBarcodeScanner/app/src/main/java/com/mckimquyen/barcodescanner/feature/tabs/create/qr/ActivityCreateQrCodeAll.kt:75:9 Unresolved reference: buttonOtp
e: file:///Users/loitran/AndroidStudioProjects/@mckimquyen/@playstore/@prodution/@ad/260221_QrAndBarcodeScanner/app/src/main/java/com/mckimquyen/barcodescanner/feature/tabs/create/qr/ActivityCreateQrCodeAll.kt:82:9 Unresolved reference: buttonContactVcard
e: file:///Users/loitran/AndroidStudioProjects/@mckimquyen/@playstore/@prodution/@ad/260221_QrAndBarcodeScanner/app/src/main/java/com/mckimquyen/barcodescanner/feature/tabs/create/qr/ActivityCreateQrCodeAll.kt:89:9 Unresolved reference: buttonContactMecard
e: file:///Users/loitran/AndroidStudioProjects/@mckimquyen/@playstore/@prodution/@ad/260221_QrAndBarcodeScanner/app/src/main/java/com/mckimquyen/barcodescanner/feature/tabs/create/qr/ActivityCreateQrCodeAll.kt:96:9 Unresolved reference: buttonEvent
e: file:///Users/loitran/AndroidStudioProjects/@mckimquyen/@playstore/@prodution/@ad/260221_QrAndBarcodeScanner/app/src/main/java/com/mckimquyen/barcodescanner/feature/tabs/create/qr/ActivityCreateQrCodeAll.kt:103:9 Unresolved reference: buttonPhone
e: file:///Users/loitran/AndroidStudioProjects/@mckimquyen/@playstore/@prodution/@ad/260221_QrAndBarcodeScanner/app/src/main/java/com/mckimquyen/barcodescanner/feature/tabs/create/qr/ActivityCreateQrCodeAll.kt:110:9 Unresolved reference: buttonEmail
e: file:///Users/loitran/AndroidStudioProjects/@mckimquyen/@playstore/@prodution/@ad/260221_QrAndBarcodeScanner/app/src/main/java/com/mckimquyen/barcodescanner/feature/tabs/create/qr/ActivityCreateQrCodeAll.kt:117:9 Unresolved reference: buttonSms
e: file:///Users/loitran/AndroidStudioProjects/@mckimquyen/@playstore/@prodution/@ad/260221_QrAndBarcodeScanner/app/src/main/java/com/mckimquyen/barcodescanner/feature/tabs/create/qr/ActivityCreateQrCodeAll.kt:124:9 Unresolved reference: buttonMms
e: file:///Users/loitran/AndroidStudioProjects/@mckimquyen/@playstore/@prodution/@ad/260221_QrAndBarcodeScanner/app/src/main/java/com/mckimquyen/barcodescanner/feature/tabs/create/qr/ActivityCreateQrCodeAll.kt:131:9 Unresolved reference: buttonCryptoCurrency
e: file:///Users/loitran/AndroidStudioProjects/@mckimquyen/@playstore/@prodution/@ad/260221_QrAndBarcodeScanner/app/src/main/java/com/mckimquyen/barcodescanner/feature/tabs/create/qr/ActivityCreateQrCodeAll.kt:138:9 Unresolved reference: buttonBookmark
e: file:///Users/loitran/AndroidStudioProjects/@mckimquyen/@playstore/@prodution/@ad/260221_QrAndBarcodeScanner/app/src/main/java/com/mckimquyen/barcodescanner/feature/tabs/create/qr/ActivityCreateQrCodeAll.kt:145:9 Unresolved reference: buttonApp
e: file:///Users/loitran/AndroidStudioProjects/@mckimquyen/@playstore/@prodution/@ad/260221_QrAndBarcodeScanner/app/src/main/java/com/mckimquyen/barcodescanner/feature/tabs/create/qr/AdapterApp.kt:12:24 Unresolved reference: synthetic
e: file:///Users/loitran/AndroidStudioProjects/@mckimquyen/@playstore/@prodution/@ad/260221_QrAndBarcodeScanner/app/src/main/java/com/mckimquyen/barcodescanner/feature/tabs/create/qr/AdapterApp.kt:58:22 Unresolved reference: textView
e: file:///Users/loitran/AndroidStudioProjects/@mckimquyen/@playstore/@prodution/@ad/260221_QrAndBarcodeScanner/app/src/main/java/com/mckimquyen/barcodescanner/feature/tabs/create/qr/AdapterApp.kt:58:31 Variable expected
e: file:///Users/loitran/AndroidStudioProjects/@mckimquyen/@playstore/@prodution/@ad/260221_QrAndBarcodeScanner/app/src/main/java/com/mckimquyen/barcodescanner/feature/tabs/create/qr/AdapterApp.kt:62:22 Unresolved reference: imageView
e: file:///Users/loitran/AndroidStudioProjects/@mckimquyen/@playstore/@prodution/@ad/260221_QrAndBarcodeScanner/app/src/main/java/com/mckimquyen/barcodescanner/feature/tabs/create/qr/AdapterApp.kt:66:22 Unresolved reference: delimiter
e: file:///Users/loitran/AndroidStudioProjects/@mckimquyen/@playstore/@prodution/@ad/260221_QrAndBarcodeScanner/app/src/main/java/com/mckimquyen/barcodescanner/feature/tabs/create/qr/AdapterApp.kt:66:32 Variable expected
e: file:///Users/loitran/AndroidStudioProjects/@mckimquyen/@playstore/@prodution/@ad/260221_QrAndBarcodeScanner/app/src/main/java/com/mckimquyen/barcodescanner/feature/tabs/create/qr/FragmentCreateQrCodeApp.kt:22:24 Unresolved reference: synthetic
e: file:///Users/loitran/AndroidStudioProjects/@mckimquyen/@playstore/@prodution/@ad/260221_QrAndBarcodeScanner/app/src/main/java/com/mckimquyen/barcodescanner/feature/tabs/create/qr/FragmentCreateQrCodeApp.kt:23:24 Unresolved reference: synthetic
e: file:///Users/loitran/AndroidStudioProjects/@mckimquyen/@playstore/@prodution/@ad/260221_QrAndBarcodeScanner/app/src/main/java/com/mckimquyen/barcodescanner/feature/tabs/create/qr/FragmentCreateQrCodeApp.kt:53:9 Unresolved reference: recyclerViewApps
e: file:///Users/loitran/AndroidStudioProjects/@mckimquyen/@playstore/@prodution/@ad/260221_QrAndBarcodeScanner/app/src/main/java/com/mckimquyen/barcodescanner/feature/tabs/create/qr/FragmentCreateQrCodeApp.kt:54:13 Unresolved reference: layoutManager
e: file:///Users/loitran/AndroidStudioProjects/@mckimquyen/@playstore/@prodution/@ad/260221_QrAndBarcodeScanner/app/src/main/java/com/mckimquyen/barcodescanner/feature/tabs/create/qr/FragmentCreateQrCodeApp.kt:55:13 Unresolved reference: adapter
e: file:///Users/loitran/AndroidStudioProjects/@mckimquyen/@playstore/@prodution/@ad/260221_QrAndBarcodeScanner/app/src/main/java/com/mckimquyen/barcodescanner/feature/tabs/create/qr/FragmentCreateQrCodeApp.kt:89:9 Unresolved reference: progressBarLoading
e: file:///Users/loitran/AndroidStudioProjects/@mckimquyen/@playstore/@prodution/@ad/260221_QrAndBarcodeScanner/app/src/main/java/com/mckimquyen/barcodescanner/feature/tabs/create/qr/FragmentCreateQrCodeApp.kt:89:28 Variable expected
e: file:///Users/loitran/AndroidStudioProjects/@mckimquyen/@playstore/@prodution/@ad/260221_QrAndBarcodeScanner/app/src/main/java/com/mckimquyen/barcodescanner/feature/tabs/create/qr/FragmentCreateQrCodeApp.kt:90:9 Unresolved reference: recyclerViewApps
e: file:///Users/loitran/AndroidStudioProjects/@mckimquyen/@playstore/@prodution/@ad/260221_QrAndBarcodeScanner/app/src/main/java/com/mckimquyen/barcodescanner/feature/tabs/create/qr/FragmentCreateQrCodeApp.kt:90:26 Variable expected
e: file:///Users/loitran/AndroidStudioProjects/@mckimquyen/@playstore/@prodution/@ad/260221_QrAndBarcodeScanner/app/src/main/java/com/mckimquyen/barcodescanner/feature/tabs/create/qr/FragmentCreateQrCodeBookmark.kt:39:21 Unresolved reference: editTextTitle
e: file:///Users/loitran/AndroidStudioProjects/@mckimquyen/@playstore/@prodution/@ad/260221_QrAndBarcodeScanner/app/src/main/java/com/mckimquyen/barcodescanner/feature/tabs/create/qr/FragmentCreateQrCodeBookmark.kt:40:19 Unresolved reference: editTextUrl
e: file:///Users/loitran/AndroidStudioProjects/@mckimquyen/@playstore/@prodution/@ad/260221_QrAndBarcodeScanner/app/src/main/java/com/mckimquyen/barcodescanner/feature/tabs/create/qr/FragmentCreateQrCodeBookmark.kt:45:9 Unresolved reference: editTextTitle
e: file:///Users/loitran/AndroidStudioProjects/@mckimquyen/@playstore/@prodution/@ad/260221_QrAndBarcodeScanner/app/src/main/java/com/mckimquyen/barcodescanner/feature/tabs/create/qr/FragmentCreateQrCodeBookmark.kt:49:9 Unresolved reference: editTextTitle
e: file:///Users/loitran/AndroidStudioProjects/@mckimquyen/@playstore/@prodution/@ad/260221_QrAndBarcodeScanner/app/src/main/java/com/mckimquyen/barcodescanner/feature/tabs/create/qr/FragmentCreateQrCodeBookmark.kt:52:9 Unresolved reference: editTextUrl
e: file:///Users/loitran/AndroidStudioProjects/@mckimquyen/@playstore/@prodution/@ad/260221_QrAndBarcodeScanner/app/src/main/java/com/mckimquyen/barcodescanner/feature/tabs/create/qr/FragmentCreateQrCodeBookmark.kt:58:55 Unresolved reference: editTextTitle
e: file:///Users/loitran/AndroidStudioProjects/@mckimquyen/@playstore/@prodution/@ad/260221_QrAndBarcodeScanner/app/src/main/java/com/mckimquyen/barcodescanner/feature/tabs/create/qr/FragmentCreateQrCodeBookmark.kt:58:85 Unresolved reference: editTextUrl
e: file:///Users/loitran/AndroidStudioProjects/@mckimquyen/@playstore/@prodution/@ad/260221_QrAndBarcodeScanner/app/src/main/java/com/mckimquyen/barcodescanner/feature/tabs/create/qr/FragmentCreateQrCodeCryptocurrency.kt:40:36 Unresolved reference: spinnerCryptocurrency
e: file:///Users/loitran/AndroidStudioProjects/@mckimquyen/@playstore/@prodution/@ad/260221_QrAndBarcodeScanner/app/src/main/java/com/mckimquyen/barcodescanner/feature/tabs/create/qr/FragmentCreateQrCodeCryptocurrency.kt:50:23 Unresolved reference: editTextAddress
e: file:///Users/loitran/AndroidStudioProjects/@mckimquyen/@playstore/@prodution/@ad/260221_QrAndBarcodeScanner/app/src/main/java/com/mckimquyen/barcodescanner/feature/tabs/create/qr/FragmentCreateQrCodeCryptocurrency.kt:51:21 Unresolved reference: editTextLabel
e: file:///Users/loitran/AndroidStudioProjects/@mckimquyen/@playstore/@prodution/@ad/260221_QrAndBarcodeScanner/app/src/main/java/com/mckimquyen/barcodescanner/feature/tabs/create/qr/FragmentCreateQrCodeCryptocurrency.kt:52:22 Unresolved reference: editTextAmount
e: file:///Users/loitran/AndroidStudioProjects/@mckimquyen/@playstore/@prodution/@ad/260221_QrAndBarcodeScanner/app/src/main/java/com/mckimquyen/barcodescanner/feature/tabs/create/qr/FragmentCreateQrCodeCryptocurrency.kt:53:23 Unresolved reference: editTextMessage
e: file:///Users/loitran/AndroidStudioProjects/@mckimquyen/@playstore/@prodution/@ad/260221_QrAndBarcodeScanner/app/src/main/java/com/mckimquyen/barcodescanner/feature/tabs/create/qr/FragmentCreateQrCodeCryptocurrency.kt:58:9 Unresolved reference: spinnerCryptocurrency
e: file:///Users/loitran/AndroidStudioProjects/@mckimquyen/@playstore/@prodution/@ad/260221_QrAndBarcodeScanner/app/src/main/java/com/mckimquyen/barcodescanner/feature/tabs/create/qr/FragmentCreateQrCodeCryptocurrency.kt:58:31 Variable expected
e: file:///Users/loitran/AndroidStudioProjects/@mckimquyen/@playstore/@prodution/@ad/260221_QrAndBarcodeScanner/app/src/main/java/com/mckimquyen/barcodescanner/feature/tabs/create/qr/FragmentCreateQrCodeCryptocurrency.kt:66:9 Unresolved reference: editTextAddress
e: file:///Users/loitran/AndroidStudioProjects/@mckimquyen/@playstore/@prodution/@ad/260221_QrAndBarcodeScanner/app/src/main/java/com/mckimquyen/barcodescanner/feature/tabs/create/qr/FragmentCreateQrCodeCryptocurrency.kt:71:13 Unresolved reference: editTextAddress
e: file:///Users/loitran/AndroidStudioProjects/@mckimquyen/@playstore/@prodution/@ad/260221_QrAndBarcodeScanner/app/src/main/java/com/mckimquyen/barcodescanner/feature/tabs/create/qr/FragmentCreateQrCodeCryptocurrency.kt:72:13 Unresolved reference: editTextAmount
e: file:///Users/loitran/AndroidStudioProjects/@mckimquyen/@playstore/@prodution/@ad/260221_QrAndBarcodeScanner/app/src/main/java/com/mckimquyen/barcodescanner/feature/tabs/create/qr/FragmentCreateQrCodeCryptocurrency.kt:73:13 Unresolved reference: editTextLabel
e: file:///Users/loitran/AndroidStudioProjects/@mckimquyen/@playstore/@prodution/@ad/260221_QrAndBarcodeScanner/app/src/main/java/com/mckimquyen/barcodescanner/feature/tabs/create/qr/FragmentCreateQrCodeCryptocurrency.kt:74:13 Unresolved reference: editTextMessage
e: file:///Users/loitran/AndroidStudioProjects/@mckimquyen/@playstore/@prodution/@ad/260221_QrAndBarcodeScanner/app/src/main/java/com/mckimquyen/barcodescanner/feature/tabs/create/qr/FragmentCreateQrCodeCryptocurrency.kt:75:11 Overload resolution ambiguity: 
public inline fun <T> Iterable<TypeVariable(T)>.forEach(action: (TypeVariable(T)) -> Unit): Unit defined in kotlin.collections
public inline fun <K, V> Map<out TypeVariable(K), TypeVariable(V)>.forEach(action: (Map.Entry<TypeVariable(K), TypeVariable(V)>) -> Unit): Unit defined in kotlin.collections
e: file:///Users/loitran/AndroidStudioProjects/@mckimquyen/@playstore/@prodution/@ad/260221_QrAndBarcodeScanner/app/src/main/java/com/mckimquyen/barcodescanner/feature/tabs/create/qr/FragmentCreateQrCodeCryptocurrency.kt:75:21 Cannot infer a type for this parameter. Please specify it explicitly.
e: file:///Users/loitran/AndroidStudioProjects/@mckimquyen/@playstore/@prodution/@ad/260221_QrAndBarcodeScanner/app/src/main/java/com/mckimquyen/barcodescanner/feature/tabs/create/qr/FragmentCreateQrCodeCryptocurrency.kt:81:55 Unresolved reference: editTextAddress
e: file:///Users/loitran/AndroidStudioProjects/@mckimquyen/@playstore/@prodution/@ad/260221_QrAndBarcodeScanner/app/src/main/java/com/mckimquyen/barcodescanner/feature/tabs/create/qr/FragmentCreateQrCodeEmail.kt:39:21 Unresolved reference: editTextEmail
e: file:///Users/loitran/AndroidStudioProjects/@mckimquyen/@playstore/@prodution/@ad/260221_QrAndBarcodeScanner/app/src/main/java/com/mckimquyen/barcodescanner/feature/tabs/create/qr/FragmentCreateQrCodeEmail.kt:40:23 Unresolved reference: editTextSubject
e: file:///Users/loitran/AndroidStudioProjects/@mckimquyen/@playstore/@prodution/@ad/260221_QrAndBarcodeScanner/app/src/main/java/com/mckimquyen/barcodescanner/feature/tabs/create/qr/FragmentCreateQrCodeEmail.kt:41:20 Unresolved reference: editTextMessage
e: file:///Users/loitran/AndroidStudioProjects/@mckimquyen/@playstore/@prodution/@ad/260221_QrAndBarcodeScanner/app/src/main/java/com/mckimquyen/barcodescanner/feature/tabs/create/qr/FragmentCreateQrCodeEmail.kt:46:9 Unresolved reference: editTextEmail
e: file:///Users/loitran/AndroidStudioProjects/@mckimquyen/@playstore/@prodution/@ad/260221_QrAndBarcodeScanner/app/src/main/java/com/mckimquyen/barcodescanner/feature/tabs/create/qr/FragmentCreateQrCodeEmail.kt:50:9 Unresolved reference: editTextEmail
e: file:///Users/loitran/AndroidStudioProjects/@mckimquyen/@playstore/@prodution/@ad/260221_QrAndBarcodeScanner/app/src/main/java/com/mckimquyen/barcodescanner/feature/tabs/create/qr/FragmentCreateQrCodeEmail.kt:53:9 Unresolved reference: editTextSubject
e: file:///Users/loitran/AndroidStudioProjects/@mckimquyen/@playstore/@prodution/@ad/260221_QrAndBarcodeScanner/app/src/main/java/com/mckimquyen/barcodescanner/feature/tabs/create/qr/FragmentCreateQrCodeEmail.kt:56:9 Unresolved reference: editTextMessage
e: file:///Users/loitran/AndroidStudioProjects/@mckimquyen/@playstore/@prodution/@ad/260221_QrAndBarcodeScanner/app/src/main/java/com/mckimquyen/barcodescanner/feature/tabs/create/qr/FragmentCreateQrCodeEmail.kt:63:13 Unresolved reference: editTextEmail
e: file:///Users/loitran/AndroidStudioProjects/@mckimquyen/@playstore/@prodution/@ad/260221_QrAndBarcodeScanner/app/src/main/java/com/mckimquyen/barcodescanner/feature/tabs/create/qr/FragmentCreateQrCodeEmail.kt:63:43 Unresolved reference: editTextSubject
e: file:///Users/loitran/AndroidStudioProjects/@mckimquyen/@playstore/@prodution/@ad/260221_QrAndBarcodeScanner/app/src/main/java/com/mckimquyen/barcodescanner/feature/tabs/create/qr/FragmentCreateQrCodeEmail.kt:63:75 Unresolved reference: editTextMessage
e: file:///Users/loitran/AndroidStudioProjects/@mckimquyen/@playstore/@prodution/@ad/260221_QrAndBarcodeScanner/app/src/main/java/com/mckimquyen/barcodescanner/feature/tabs/create/qr/FragmentCreateQrCodeEvent.kt:31:9 Unresolved reference: editTextTitle
e: file:///Users/loitran/AndroidStudioProjects/@mckimquyen/@playstore/@prodution/@ad/260221_QrAndBarcodeScanner/app/src/main/java/com/mckimquyen/barcodescanner/feature/tabs/create/qr/FragmentCreateQrCodeEvent.kt:37:19 Unresolved reference: editTextTitle
e: file:///Users/loitran/AndroidStudioProjects/@mckimquyen/@playstore/@prodution/@ad/260221_QrAndBarcodeScanner/app/src/main/java/com/mckimquyen/barcodescanner/feature/tabs/create/qr/FragmentCreateQrCodeEvent.kt:38:25 Unresolved reference: editTextOrganizer
e: file:///Users/loitran/AndroidStudioProjects/@mckimquyen/@playstore/@prodution/@ad/260221_QrAndBarcodeScanner/app/src/main/java/com/mckimquyen/barcodescanner/feature/tabs/create/qr/FragmentCreateQrCodeEvent.kt:39:23 Unresolved reference: editTextSummary
e: file:///Users/loitran/AndroidStudioProjects/@mckimquyen/@playstore/@prodution/@ad/260221_QrAndBarcodeScanner/app/src/main/java/com/mckimquyen/barcodescanner/feature/tabs/create/qr/FragmentCreateQrCodeEvent.kt:40:25 Unresolved reference: buttonDateTimeStart
e: file:///Users/loitran/AndroidStudioProjects/@mckimquyen/@playstore/@prodution/@ad/260221_QrAndBarcodeScanner/app/src/main/java/com/mckimquyen/barcodescanner/feature/tabs/create/qr/FragmentCreateQrCodeEvent.kt:41:23 Unresolved reference: button_date_time_end
e: file:///Users/loitran/AndroidStudioProjects/@mckimquyen/@playstore/@prodution/@ad/260221_QrAndBarcodeScanner/app/src/main/java/com/mckimquyen/barcodescanner/feature/tabs/create/qr/FragmentCreateQrCodeLocation.kt:23:17 Unresolved reference: editTextLatitude
e: file:///Users/loitran/AndroidStudioProjects/@mckimquyen/@playstore/@prodution/@ad/260221_QrAndBarcodeScanner/app/src/main/java/com/mckimquyen/barcodescanner/feature/tabs/create/qr/FragmentCreateQrCodeLocation.kt:26:17 Unresolved reference: editTextLongitude
e: file:///Users/loitran/AndroidStudioProjects/@mckimquyen/@playstore/@prodution/@ad/260221_QrAndBarcodeScanner/app/src/main/java/com/mckimquyen/barcodescanner/feature/tabs/create/qr/FragmentCreateQrCodeLocation.kt:45:24 Unresolved reference: editTextLatitude
e: file:///Users/loitran/AndroidStudioProjects/@mckimquyen/@playstore/@prodution/@ad/260221_QrAndBarcodeScanner/app/src/main/java/com/mckimquyen/barcodescanner/feature/tabs/create/qr/FragmentCreateQrCodeLocation.kt:46:25 Unresolved reference: editTextLongitude
e: file:///Users/loitran/AndroidStudioProjects/@mckimquyen/@playstore/@prodution/@ad/260221_QrAndBarcodeScanner/app/src/main/java/com/mckimquyen/barcodescanner/feature/tabs/create/qr/FragmentCreateQrCodeLocation.kt:47:24 Unresolved reference: editTextAltitude
e: file:///Users/loitran/AndroidStudioProjects/@mckimquyen/@playstore/@prodution/@ad/260221_QrAndBarcodeScanner/app/src/main/java/com/mckimquyen/barcodescanner/feature/tabs/create/qr/FragmentCreateQrCodeLocation.kt:53:13 Unresolved reference: editTextLatitude
e: file:///Users/loitran/AndroidStudioProjects/@mckimquyen/@playstore/@prodution/@ad/260221_QrAndBarcodeScanner/app/src/main/java/com/mckimquyen/barcodescanner/feature/tabs/create/qr/FragmentCreateQrCodeLocation.kt:56:13 Unresolved reference: editTextLongitude
e: file:///Users/loitran/AndroidStudioProjects/@mckimquyen/@playstore/@prodution/@ad/260221_QrAndBarcodeScanner/app/src/main/java/com/mckimquyen/barcodescanner/feature/tabs/create/qr/FragmentCreateQrCodeLocation.kt:61:9 Unresolved reference: editTextLatitude
e: file:///Users/loitran/AndroidStudioProjects/@mckimquyen/@playstore/@prodution/@ad/260221_QrAndBarcodeScanner/app/src/main/java/com/mckimquyen/barcodescanner/feature/tabs/create/qr/FragmentCreateQrCodeLocation.kt:65:9 Unresolved reference: editTextLatitude
e: file:///Users/loitran/AndroidStudioProjects/@mckimquyen/@playstore/@prodution/@ad/260221_QrAndBarcodeScanner/app/src/main/java/com/mckimquyen/barcodescanner/feature/tabs/create/qr/FragmentCreateQrCodeLocation.kt:68:9 Unresolved reference: editTextLongitude
e: file:///Users/loitran/AndroidStudioProjects/@mckimquyen/@playstore/@prodution/@ad/260221_QrAndBarcodeScanner/app/src/main/java/com/mckimquyen/barcodescanner/feature/tabs/create/qr/FragmentCreateQrCodeLocation.kt:74:55 Unresolved reference: editTextLatitude
e: file:///Users/loitran/AndroidStudioProjects/@mckimquyen/@playstore/@prodution/@ad/260221_QrAndBarcodeScanner/app/src/main/java/com/mckimquyen/barcodescanner/feature/tabs/create/qr/FragmentCreateQrCodeLocation.kt:74:88 Unresolved reference: editTextLongitude
e: file:///Users/loitran/AndroidStudioProjects/@mckimquyen/@playstore/@prodution/@ad/260221_QrAndBarcodeScanner/app/src/main/java/com/mckimquyen/barcodescanner/feature/tabs/create/qr/FragmentCreateQrCodeMeCard.kt:32:9 Unresolved reference: editTextFirstName
e: file:///Users/loitran/AndroidStudioProjects/@mckimquyen/@playstore/@prodution/@ad/260221_QrAndBarcodeScanner/app/src/main/java/com/mckimquyen/barcodescanner/feature/tabs/create/qr/FragmentCreateQrCodeMeCard.kt:38:25 Unresolved reference: editTextFirstName
e: file:///Users/loitran/AndroidStudioProjects/@mckimquyen/@playstore/@prodution/@ad/260221_QrAndBarcodeScanner/app/src/main/java/com/mckimquyen/barcodescanner/feature/tabs/create/qr/FragmentCreateQrCodeMeCard.kt:39:24 Unresolved reference: editTextLastName
e: file:///Users/loitran/AndroidStudioProjects/@mckimquyen/@playstore/@prodution/@ad/260221_QrAndBarcodeScanner/app/src/main/java/com/mckimquyen/barcodescanner/feature/tabs/create/qr/FragmentCreateQrCodeMeCard.kt:40:21 Unresolved reference: editTextEmail
e: file:///Users/loitran/AndroidStudioProjects/@mckimquyen/@playstore/@prodution/@ad/260221_QrAndBarcodeScanner/app/src/main/java/com/mckimquyen/barcodescanner/feature/tabs/create/qr/FragmentCreateQrCodeMeCard.kt:41:21 Unresolved reference: editTextPhone
e: file:///Users/loitran/AndroidStudioProjects/@mckimquyen/@playstore/@prodution/@ad/260221_QrAndBarcodeScanner/app/src/main/java/com/mckimquyen/barcodescanner/feature/tabs/create/qr/FragmentCreateQrCodeMeCard.kt:46:9 Unresolved reference: editTextFirstName
e: file:///Users/loitran/AndroidStudioProjects/@mckimquyen/@playstore/@prodution/@ad/260221_QrAndBarcodeScanner/app/src/main/java/com/mckimquyen/barcodescanner/feature/tabs/create/qr/FragmentCreateQrCodeMeCard.kt:47:9 Unresolved reference: editTextLastName
e: file:///Users/loitran/AndroidStudioProjects/@mckimquyen/@playstore/@prodution/@ad/260221_QrAndBarcodeScanner/app/src/main/java/com/mckimquyen/barcodescanner/feature/tabs/create/qr/FragmentCreateQrCodeMeCard.kt:48:9 Unresolved reference: editTextEmail
e: file:///Users/loitran/AndroidStudioProjects/@mckimquyen/@playstore/@prodution/@ad/260221_QrAndBarcodeScanner/app/src/main/java/com/mckimquyen/barcodescanner/feature/tabs/create/qr/FragmentCreateQrCodeMeCard.kt:49:9 Unresolved reference: editTextPhone
e: file:///Users/loitran/AndroidStudioProjects/@mckimquyen/@playstore/@prodution/@ad/260221_QrAndBarcodeScanner/app/src/main/java/com/mckimquyen/barcodescanner/feature/tabs/create/qr/FragmentCreateQrCodeMms.kt:38:9 Unresolved reference: editTextPhone
e: file:///Users/loitran/AndroidStudioProjects/@mckimquyen/@playstore/@prodution/@ad/260221_QrAndBarcodeScanner/app/src/main/java/com/mckimquyen/barcodescanner/feature/tabs/create/qr/FragmentCreateQrCodeMms.kt:39:13 Unresolved reference: setText
e: file:///Users/loitran/AndroidStudioProjects/@mckimquyen/@playstore/@prodution/@ad/260221_QrAndBarcodeScanner/app/src/main/java/com/mckimquyen/barcodescanner/feature/tabs/create/qr/FragmentCreateQrCodeMms.kt:40:13 Unresolved reference: setSelection
e: file:///Users/loitran/AndroidStudioProjects/@mckimquyen/@playstore/@prodution/@ad/260221_QrAndBarcodeScanner/app/src/main/java/com/mckimquyen/barcodescanner/feature/tabs/create/qr/FragmentCreateQrCodeMms.kt:46:21 Unresolved reference: editTextPhone
e: file:///Users/loitran/AndroidStudioProjects/@mckimquyen/@playstore/@prodution/@ad/260221_QrAndBarcodeScanner/app/src/main/java/com/mckimquyen/barcodescanner/feature/tabs/create/qr/FragmentCreateQrCodeMms.kt:47:23 Unresolved reference: editTextSubject
e: file:///Users/loitran/AndroidStudioProjects/@mckimquyen/@playstore/@prodution/@ad/260221_QrAndBarcodeScanner/app/src/main/java/com/mckimquyen/barcodescanner/feature/tabs/create/qr/FragmentCreateQrCodeMms.kt:48:23 Unresolved reference: editTextMessage
e: file:///Users/loitran/AndroidStudioProjects/@mckimquyen/@playstore/@prodution/@ad/260221_QrAndBarcodeScanner/app/src/main/java/com/mckimquyen/barcodescanner/feature/tabs/create/qr/FragmentCreateQrCodeMms.kt:53:9 Unresolved reference: editTextPhone
e: file:///Users/loitran/AndroidStudioProjects/@mckimquyen/@playstore/@prodution/@ad/260221_QrAndBarcodeScanner/app/src/main/java/com/mckimquyen/barcodescanner/feature/tabs/create/qr/FragmentCreateQrCodeMms.kt:57:9 Unresolved reference: editTextPhone
e: file:///Users/loitran/AndroidStudioProjects/@mckimquyen/@playstore/@prodution/@ad/260221_QrAndBarcodeScanner/app/src/main/java/com/mckimquyen/barcodescanner/feature/tabs/create/qr/FragmentCreateQrCodeMms.kt:60:9 Unresolved reference: editTextSubject
e: file:///Users/loitran/AndroidStudioProjects/@mckimquyen/@playstore/@prodution/@ad/260221_QrAndBarcodeScanner/app/src/main/java/com/mckimquyen/barcodescanner/feature/tabs/create/qr/FragmentCreateQrCodeMms.kt:63:9 Unresolved reference: editTextMessage
e: file:///Users/loitran/AndroidStudioProjects/@mckimquyen/@playstore/@prodution/@ad/260221_QrAndBarcodeScanner/app/src/main/java/com/mckimquyen/barcodescanner/feature/tabs/create/qr/FragmentCreateQrCodeMms.kt:70:13 Unresolved reference: editTextPhone
e: file:///Users/loitran/AndroidStudioProjects/@mckimquyen/@playstore/@prodution/@ad/260221_QrAndBarcodeScanner/app/src/main/java/com/mckimquyen/barcodescanner/feature/tabs/create/qr/FragmentCreateQrCodeMms.kt:70:43 Unresolved reference: editTextSubject
e: file:///Users/loitran/AndroidStudioProjects/@mckimquyen/@playstore/@prodution/@ad/260221_QrAndBarcodeScanner/app/src/main/java/com/mckimquyen/barcodescanner/feature/tabs/create/qr/FragmentCreateQrCodeMms.kt:70:75 Unresolved reference: editTextMessage
e: file:///Users/loitran/AndroidStudioProjects/@mckimquyen/@playstore/@prodution/@ad/260221_QrAndBarcodeScanner/app/src/main/java/com/mckimquyen/barcodescanner/feature/tabs/create/qr/FragmentCreateQrCodeOtp.kt:50:20 Unresolved reference: spinnerOptTypes
e: file:///Users/loitran/AndroidStudioProjects/@mckimquyen/@playstore/@prodution/@ad/260221_QrAndBarcodeScanner/app/src/main/java/com/mckimquyen/barcodescanner/feature/tabs/create/qr/FragmentCreateQrCodeOtp.kt:51:25 Unresolved reference: spinnerAlgorithms
e: file:///Users/loitran/AndroidStudioProjects/@mckimquyen/@playstore/@prodution/@ad/260221_QrAndBarcodeScanner/app/src/main/java/com/mckimquyen/barcodescanner/feature/tabs/create/qr/FragmentCreateQrCodeOtp.kt:52:25 Unresolved reference: editTextIssuer
e: file:///Users/loitran/AndroidStudioProjects/@mckimquyen/@playstore/@prodution/@ad/260221_QrAndBarcodeScanner/app/src/main/java/com/mckimquyen/barcodescanner/feature/tabs/create/qr/FragmentCreateQrCodeOtp.kt:53:20 Unresolved reference: editTextIssuer
e: file:///Users/loitran/AndroidStudioProjects/@mckimquyen/@playstore/@prodution/@ad/260221_QrAndBarcodeScanner/app/src/main/java/com/mckimquyen/barcodescanner/feature/tabs/create/qr/FragmentCreateQrCodeOtp.kt:53:49 Unresolved reference: editTextAccount
e: file:///Users/loitran/AndroidStudioProjects/@mckimquyen/@playstore/@prodution/@ad/260221_QrAndBarcodeScanner/app/src/main/java/com/mckimquyen/barcodescanner/feature/tabs/create/qr/FragmentCreateQrCodeOtp.kt:55:17 Unresolved reference: editTextAccount
e: file:///Users/loitran/AndroidStudioProjects/@mckimquyen/@playstore/@prodution/@ad/260221_QrAndBarcodeScanner/app/src/main/java/com/mckimquyen/barcodescanner/feature/tabs/create/qr/FragmentCreateQrCodeOtp.kt:57:22 Unresolved reference: editTextIssuer
e: file:///Users/loitran/AndroidStudioProjects/@mckimquyen/@playstore/@prodution/@ad/260221_QrAndBarcodeScanner/app/src/main/java/com/mckimquyen/barcodescanner/feature/tabs/create/qr/FragmentCreateQrCodeOtp.kt:58:22 Unresolved reference: editTextDigits
e: file:///Users/loitran/AndroidStudioProjects/@mckimquyen/@playstore/@prodution/@ad/260221_QrAndBarcodeScanner/app/src/main/java/com/mckimquyen/barcodescanner/feature/tabs/create/qr/FragmentCreateQrCodeOtp.kt:59:22 Unresolved reference: editTextPeriod
e: file:///Users/loitran/AndroidStudioProjects/@mckimquyen/@playstore/@prodution/@ad/260221_QrAndBarcodeScanner/app/src/main/java/com/mckimquyen/barcodescanner/feature/tabs/create/qr/FragmentCreateQrCodeOtp.kt:60:23 Unresolved reference: editTextCounter
e: file:///Users/loitran/AndroidStudioProjects/@mckimquyen/@playstore/@prodution/@ad/260221_QrAndBarcodeScanner/app/src/main/java/com/mckimquyen/barcodescanner/feature/tabs/create/qr/FragmentCreateQrCodeOtp.kt:61:22 Unresolved reference: editTextSecret
e: file:///Users/loitran/AndroidStudioProjects/@mckimquyen/@playstore/@prodution/@ad/260221_QrAndBarcodeScanner/app/src/main/java/com/mckimquyen/barcodescanner/feature/tabs/create/qr/FragmentCreateQrCodeOtp.kt:66:9 Unresolved reference: spinnerOptTypes
e: file:///Users/loitran/AndroidStudioProjects/@mckimquyen/@playstore/@prodution/@ad/260221_QrAndBarcodeScanner/app/src/main/java/com/mckimquyen/barcodescanner/feature/tabs/create/qr/FragmentCreateQrCodeOtp.kt:66:25 Variable expected
e: file:///Users/loitran/AndroidStudioProjects/@mckimquyen/@playstore/@prodution/@ad/260221_QrAndBarcodeScanner/app/src/main/java/com/mckimquyen/barcodescanner/feature/tabs/create/qr/FragmentCreateQrCodeOtp.kt:72:9 Unresolved reference: spinnerOptTypes
e: file:///Users/loitran/AndroidStudioProjects/@mckimquyen/@playstore/@prodution/@ad/260221_QrAndBarcodeScanner/app/src/main/java/com/mckimquyen/barcodescanner/feature/tabs/create/qr/FragmentCreateQrCodeOtp.kt:72:25 Variable expected
e: file:///Users/loitran/AndroidStudioProjects/@mckimquyen/@playstore/@prodution/@ad/260221_QrAndBarcodeScanner/app/src/main/java/com/mckimquyen/barcodescanner/feature/tabs/create/qr/FragmentCreateQrCodeOtp.kt:79:17 Unresolved reference: textInputLayoutCounter
e: file:///Users/loitran/AndroidStudioProjects/@mckimquyen/@playstore/@prodution/@ad/260221_QrAndBarcodeScanner/app/src/main/java/com/mckimquyen/barcodescanner/feature/tabs/create/qr/FragmentCreateQrCodeOtp.kt:79:40 Variable expected
e: file:///Users/loitran/AndroidStudioProjects/@mckimquyen/@playstore/@prodution/@ad/260221_QrAndBarcodeScanner/app/src/main/java/com/mckimquyen/barcodescanner/feature/tabs/create/qr/FragmentCreateQrCodeOtp.kt:89:9 Unresolved reference: spinnerAlgorithms
e: file:///Users/loitran/AndroidStudioProjects/@mckimquyen/@playstore/@prodution/@ad/260221_QrAndBarcodeScanner/app/src/main/java/com/mckimquyen/barcodescanner/feature/tabs/create/qr/FragmentCreateQrCodeOtp.kt:89:27 Variable expected
e: file:///Users/loitran/AndroidStudioProjects/@mckimquyen/@playstore/@prodution/@ad/260221_QrAndBarcodeScanner/app/src/main/java/com/mckimquyen/barcodescanner/feature/tabs/create/qr/FragmentCreateQrCodeOtp.kt:97:9 Unresolved reference: editTextAccount
e: file:///Users/loitran/AndroidStudioProjects/@mckimquyen/@playstore/@prodution/@ad/260221_QrAndBarcodeScanner/app/src/main/java/com/mckimquyen/barcodescanner/feature/tabs/create/qr/FragmentCreateQrCodeOtp.kt:100:9 Unresolved reference: editTextSecret
e: file:///Users/loitran/AndroidStudioProjects/@mckimquyen/@playstore/@prodution/@ad/260221_QrAndBarcodeScanner/app/src/main/java/com/mckimquyen/barcodescanner/feature/tabs/create/qr/FragmentCreateQrCodeOtp.kt:103:9 Unresolved reference: editTextPeriod
e: file:///Users/loitran/AndroidStudioProjects/@mckimquyen/@playstore/@prodution/@ad/260221_QrAndBarcodeScanner/app/src/main/java/com/mckimquyen/barcodescanner/feature/tabs/create/qr/FragmentCreateQrCodeOtp.kt:106:9 Unresolved reference: editTextCounter
e: file:///Users/loitran/AndroidStudioProjects/@mckimquyen/@playstore/@prodution/@ad/260221_QrAndBarcodeScanner/app/src/main/java/com/mckimquyen/barcodescanner/feature/tabs/create/qr/FragmentCreateQrCodeOtp.kt:112:9 Unresolved reference: buttonGenerateRandomSecret
e: file:///Users/loitran/AndroidStudioProjects/@mckimquyen/@playstore/@prodution/@ad/260221_QrAndBarcodeScanner/app/src/main/java/com/mckimquyen/barcodescanner/feature/tabs/create/qr/FragmentCreateQrCodeOtp.kt:118:22 Unresolved reference: spinnerOptTypes
e: file:///Users/loitran/AndroidStudioProjects/@mckimquyen/@playstore/@prodution/@ad/260221_QrAndBarcodeScanner/app/src/main/java/com/mckimquyen/barcodescanner/feature/tabs/create/qr/FragmentCreateQrCodeOtp.kt:119:40 Unresolved reference: editTextAccount
e: file:///Users/loitran/AndroidStudioProjects/@mckimquyen/@playstore/@prodution/@ad/260221_QrAndBarcodeScanner/app/src/main/java/com/mckimquyen/barcodescanner/feature/tabs/create/qr/FragmentCreateQrCodeOtp.kt:119:72 Unresolved reference: editTextSecret
e: file:///Users/loitran/AndroidStudioProjects/@mckimquyen/@playstore/@prodution/@ad/260221_QrAndBarcodeScanner/app/src/main/java/com/mckimquyen/barcodescanner/feature/tabs/create/qr/FragmentCreateQrCodeOtp.kt:120:37 Unresolved reference: editTextCounter
e: file:///Users/loitran/AndroidStudioProjects/@mckimquyen/@playstore/@prodution/@ad/260221_QrAndBarcodeScanner/app/src/main/java/com/mckimquyen/barcodescanner/feature/tabs/create/qr/FragmentCreateQrCodeOtp.kt:120:69 Unresolved reference: editTextPeriod
e: file:///Users/loitran/AndroidStudioProjects/@mckimquyen/@playstore/@prodution/@ad/260221_QrAndBarcodeScanner/app/src/main/java/com/mckimquyen/barcodescanner/feature/tabs/create/qr/FragmentCreateQrCodeOtp.kt:126:9 Unresolved reference: editTextSecret
e: file:///Users/loitran/AndroidStudioProjects/@mckimquyen/@playstore/@prodution/@ad/260221_QrAndBarcodeScanner/app/src/main/java/com/mckimquyen/barcodescanner/feature/tabs/create/qr/FragmentCreateQrCodeOtp.kt:130:25 Unresolved reference: spinnerAlgorithms
e: file:///Users/loitran/AndroidStudioProjects/@mckimquyen/@playstore/@prodution/@ad/260221_QrAndBarcodeScanner/app/src/main/java/com/mckimquyen/barcodescanner/feature/tabs/create/qr/FragmentCreateQrCodeOtp.kt:131:38 Overload resolution ambiguity: 
public final fun createRandomSecret(hmacAlgorithm: HmacAlgorithm): ByteArray defined in dev.turingcomplete.kotlinonetimepassword.RandomSecretGenerator
public final fun createRandomSecret(secretBytes: Int): ByteArray defined in dev.turingcomplete.kotlinonetimepassword.RandomSecretGenerator
e: file:///Users/loitran/AndroidStudioProjects/@mckimquyen/@playstore/@prodution/@ad/260221_QrAndBarcodeScanner/app/src/main/java/com/mckimquyen/barcodescanner/feature/tabs/create/qr/FragmentCreateQrCodePhone.kt:38:9 Unresolved reference: editText
e: file:///Users/loitran/AndroidStudioProjects/@mckimquyen/@playstore/@prodution/@ad/260221_QrAndBarcodeScanner/app/src/main/java/com/mckimquyen/barcodescanner/feature/tabs/create/qr/FragmentCreateQrCodePhone.kt:39:13 Unresolved reference: setText
e: file:///Users/loitran/AndroidStudioProjects/@mckimquyen/@playstore/@prodution/@ad/260221_QrAndBarcodeScanner/app/src/main/java/com/mckimquyen/barcodescanner/feature/tabs/create/qr/FragmentCreateQrCodePhone.kt:40:13 Unresolved reference: setSelection
e: file:///Users/loitran/AndroidStudioProjects/@mckimquyen/@playstore/@prodution/@ad/260221_QrAndBarcodeScanner/app/src/main/java/com/mckimquyen/barcodescanner/feature/tabs/create/qr/FragmentCreateQrCodePhone.kt:45:22 Unresolved reference: editText
e: file:///Users/loitran/AndroidStudioProjects/@mckimquyen/@playstore/@prodution/@ad/260221_QrAndBarcodeScanner/app/src/main/java/com/mckimquyen/barcodescanner/feature/tabs/create/qr/FragmentCreateQrCodePhone.kt:49:9 Unresolved reference: editText
e: file:///Users/loitran/AndroidStudioProjects/@mckimquyen/@playstore/@prodution/@ad/260221_QrAndBarcodeScanner/app/src/main/java/com/mckimquyen/barcodescanner/feature/tabs/create/qr/FragmentCreateQrCodePhone.kt:53:9 Unresolved reference: editText
e: file:///Users/loitran/AndroidStudioProjects/@mckimquyen/@playstore/@prodution/@ad/260221_QrAndBarcodeScanner/app/src/main/java/com/mckimquyen/barcodescanner/feature/tabs/create/qr/FragmentCreateQrCodePhone.kt:54:59 Unresolved reference: editText
e: file:///Users/loitran/AndroidStudioProjects/@mckimquyen/@playstore/@prodution/@ad/260221_QrAndBarcodeScanner/app/src/main/java/com/mckimquyen/barcodescanner/feature/tabs/create/qr/FragmentCreateQrCodeSms.kt:34:9 Unresolved reference: editTextPhone
e: file:///Users/loitran/AndroidStudioProjects/@mckimquyen/@playstore/@prodution/@ad/260221_QrAndBarcodeScanner/app/src/main/java/com/mckimquyen/barcodescanner/feature/tabs/create/qr/FragmentCreateQrCodeSms.kt:35:13 Unresolved reference: setText
e: file:///Users/loitran/AndroidStudioProjects/@mckimquyen/@playstore/@prodution/@ad/260221_QrAndBarcodeScanner/app/src/main/java/com/mckimquyen/barcodescanner/feature/tabs/create/qr/FragmentCreateQrCodeSms.kt:36:13 Unresolved reference: setSelection
e: file:///Users/loitran/AndroidStudioProjects/@mckimquyen/@playstore/@prodution/@ad/260221_QrAndBarcodeScanner/app/src/main/java/com/mckimquyen/barcodescanner/feature/tabs/create/qr/FragmentCreateQrCodeSms.kt:42:21 Unresolved reference: editTextPhone
e: file:///Users/loitran/AndroidStudioProjects/@mckimquyen/@playstore/@prodution/@ad/260221_QrAndBarcodeScanner/app/src/main/java/com/mckimquyen/barcodescanner/feature/tabs/create/qr/FragmentCreateQrCodeSms.kt:43:23 Unresolved reference: editTextMessage
e: file:///Users/loitran/AndroidStudioProjects/@mckimquyen/@playstore/@prodution/@ad/260221_QrAndBarcodeScanner/app/src/main/java/com/mckimquyen/barcodescanner/feature/tabs/create/qr/FragmentCreateQrCodeSms.kt:48:9 Unresolved reference: editTextPhone
e: file:///Users/loitran/AndroidStudioProjects/@mckimquyen/@playstore/@prodution/@ad/260221_QrAndBarcodeScanner/app/src/main/java/com/mckimquyen/barcodescanner/feature/tabs/create/qr/FragmentCreateQrCodeSms.kt:52:9 Unresolved reference: editTextPhone
e: file:///Users/loitran/AndroidStudioProjects/@mckimquyen/@playstore/@prodution/@ad/260221_QrAndBarcodeScanner/app/src/main/java/com/mckimquyen/barcodescanner/feature/tabs/create/qr/FragmentCreateQrCodeSms.kt:53:9 Unresolved reference: editTextMessage
e: file:///Users/loitran/AndroidStudioProjects/@mckimquyen/@playstore/@prodution/@ad/260221_QrAndBarcodeScanner/app/src/main/java/com/mckimquyen/barcodescanner/feature/tabs/create/qr/FragmentCreateQrCodeSms.kt:57:55 Unresolved reference: editTextPhone
e: file:///Users/loitran/AndroidStudioProjects/@mckimquyen/@playstore/@prodution/@ad/260221_QrAndBarcodeScanner/app/src/main/java/com/mckimquyen/barcodescanner/feature/tabs/create/qr/FragmentCreateQrCodeSms.kt:57:85 Unresolved reference: editTextMessage
e: file:///Users/loitran/AndroidStudioProjects/@mckimquyen/@playstore/@prodution/@ad/260221_QrAndBarcodeScanner/app/src/main/java/com/mckimquyen/barcodescanner/feature/tabs/create/qr/FragmentCreateQrCodeText.kt:51:65 Unresolved reference: editText
e: file:///Users/loitran/AndroidStudioProjects/@mckimquyen/@playstore/@prodution/@ad/260221_QrAndBarcodeScanner/app/src/main/java/com/mckimquyen/barcodescanner/feature/tabs/create/qr/FragmentCreateQrCodeText.kt:56:9 Unresolved reference: editText
e: file:///Users/loitran/AndroidStudioProjects/@mckimquyen/@playstore/@prodution/@ad/260221_QrAndBarcodeScanner/app/src/main/java/com/mckimquyen/barcodescanner/feature/tabs/create/qr/FragmentCreateQrCodeText.kt:57:13 Unresolved reference: setText
e: file:///Users/loitran/AndroidStudioProjects/@mckimquyen/@playstore/@prodution/@ad/260221_QrAndBarcodeScanner/app/src/main/java/com/mckimquyen/barcodescanner/feature/tabs/create/qr/FragmentCreateQrCodeText.kt:58:13 Unresolved reference: setSelection
e: file:///Users/loitran/AndroidStudioProjects/@mckimquyen/@playstore/@prodution/@ad/260221_QrAndBarcodeScanner/app/src/main/java/com/mckimquyen/barcodescanner/feature/tabs/create/qr/FragmentCreateQrCodeText.kt:59:13 Unresolved reference: requestFocus
e: file:///Users/loitran/AndroidStudioProjects/@mckimquyen/@playstore/@prodution/@ad/260221_QrAndBarcodeScanner/app/src/main/java/com/mckimquyen/barcodescanner/feature/tabs/create/qr/FragmentCreateQrCodeText.kt:64:9 Unresolved reference: editText
e: file:///Users/loitran/AndroidStudioProjects/@mckimquyen/@playstore/@prodution/@ad/260221_QrAndBarcodeScanner/app/src/main/java/com/mckimquyen/barcodescanner/feature/tabs/create/qr/FragmentCreateQrCodeText.kt:65:59 Unresolved reference: editText
e: file:///Users/loitran/AndroidStudioProjects/@mckimquyen/@playstore/@prodution/@ad/260221_QrAndBarcodeScanner/app/src/main/java/com/mckimquyen/barcodescanner/feature/tabs/create/qr/FragmentCreateQrCodeUrl.kt:38:20 Unresolved reference: editText
e: file:///Users/loitran/AndroidStudioProjects/@mckimquyen/@playstore/@prodution/@ad/260221_QrAndBarcodeScanner/app/src/main/java/com/mckimquyen/barcodescanner/feature/tabs/create/qr/FragmentCreateQrCodeUrl.kt:43:9 Unresolved reference: editText
e: file:///Users/loitran/AndroidStudioProjects/@mckimquyen/@playstore/@prodution/@ad/260221_QrAndBarcodeScanner/app/src/main/java/com/mckimquyen/barcodescanner/feature/tabs/create/qr/FragmentCreateQrCodeUrl.kt:44:13 Unresolved reference: setText
e: file:///Users/loitran/AndroidStudioProjects/@mckimquyen/@playstore/@prodution/@ad/260221_QrAndBarcodeScanner/app/src/main/java/com/mckimquyen/barcodescanner/feature/tabs/create/qr/FragmentCreateQrCodeUrl.kt:45:13 Unresolved reference: setSelection
e: file:///Users/loitran/AndroidStudioProjects/@mckimquyen/@playstore/@prodution/@ad/260221_QrAndBarcodeScanner/app/src/main/java/com/mckimquyen/barcodescanner/feature/tabs/create/qr/FragmentCreateQrCodeUrl.kt:46:13 Unresolved reference: requestFocus
e: file:///Users/loitran/AndroidStudioProjects/@mckimquyen/@playstore/@prodution/@ad/260221_QrAndBarcodeScanner/app/src/main/java/com/mckimquyen/barcodescanner/feature/tabs/create/qr/FragmentCreateQrCodeUrl.kt:51:9 Unresolved reference: editText
e: file:///Users/loitran/AndroidStudioProjects/@mckimquyen/@playstore/@prodution/@ad/260221_QrAndBarcodeScanner/app/src/main/java/com/mckimquyen/barcodescanner/feature/tabs/create/qr/FragmentCreateQrCodeUrl.kt:52:59 Unresolved reference: editText
e: file:///Users/loitran/AndroidStudioProjects/@mckimquyen/@playstore/@prodution/@ad/260221_QrAndBarcodeScanner/app/src/main/java/com/mckimquyen/barcodescanner/feature/tabs/create/qr/FragmentCreateQrCodeVCard.kt:32:9 Unresolved reference: editTextFirstName
e: file:///Users/loitran/AndroidStudioProjects/@mckimquyen/@playstore/@prodution/@ad/260221_QrAndBarcodeScanner/app/src/main/java/com/mckimquyen/barcodescanner/feature/tabs/create/qr/FragmentCreateQrCodeVCard.kt:38:25 Unresolved reference: editTextFirstName
e: file:///Users/loitran/AndroidStudioProjects/@mckimquyen/@playstore/@prodution/@ad/260221_QrAndBarcodeScanner/app/src/main/java/com/mckimquyen/barcodescanner/feature/tabs/create/qr/FragmentCreateQrCodeVCard.kt:39:24 Unresolved reference: editTextLastName
e: file:///Users/loitran/AndroidStudioProjects/@mckimquyen/@playstore/@prodution/@ad/260221_QrAndBarcodeScanner/app/src/main/java/com/mckimquyen/barcodescanner/feature/tabs/create/qr/FragmentCreateQrCodeVCard.kt:40:28 Unresolved reference: editTextOrganization
e: file:///Users/loitran/AndroidStudioProjects/@mckimquyen/@playstore/@prodution/@ad/260221_QrAndBarcodeScanner/app/src/main/java/com/mckimquyen/barcodescanner/feature/tabs/create/qr/FragmentCreateQrCodeVCard.kt:41:21 Unresolved reference: editTextJob
e: file:///Users/loitran/AndroidStudioProjects/@mckimquyen/@playstore/@prodution/@ad/260221_QrAndBarcodeScanner/app/src/main/java/com/mckimquyen/barcodescanner/feature/tabs/create/qr/FragmentCreateQrCodeVCard.kt:42:21 Unresolved reference: editTextEmail
e: file:///Users/loitran/AndroidStudioProjects/@mckimquyen/@playstore/@prodution/@ad/260221_QrAndBarcodeScanner/app/src/main/java/com/mckimquyen/barcodescanner/feature/tabs/create/qr/FragmentCreateQrCodeVCard.kt:43:21 Unresolved reference: editTextPhone
e: file:///Users/loitran/AndroidStudioProjects/@mckimquyen/@playstore/@prodution/@ad/260221_QrAndBarcodeScanner/app/src/main/java/com/mckimquyen/barcodescanner/feature/tabs/create/qr/FragmentCreateQrCodeVCard.kt:44:30 Unresolved reference: editTextFax
e: file:///Users/loitran/AndroidStudioProjects/@mckimquyen/@playstore/@prodution/@ad/260221_QrAndBarcodeScanner/app/src/main/java/com/mckimquyen/barcodescanner/feature/tabs/create/qr/FragmentCreateQrCodeVCard.kt:45:19 Unresolved reference: editTextWebsite
e: file:///Users/loitran/AndroidStudioProjects/@mckimquyen/@playstore/@prodution/@ad/260221_QrAndBarcodeScanner/app/src/main/java/com/mckimquyen/barcodescanner/feature/tabs/create/qr/FragmentCreateQrCodeVCard.kt:50:9 Unresolved reference: editTextFirstName
e: file:///Users/loitran/AndroidStudioProjects/@mckimquyen/@playstore/@prodution/@ad/260221_QrAndBarcodeScanner/app/src/main/java/com/mckimquyen/barcodescanner/feature/tabs/create/qr/FragmentCreateQrCodeVCard.kt:51:9 Unresolved reference: editTextLastName
e: file:///Users/loitran/AndroidStudioProjects/@mckimquyen/@playstore/@prodution/@ad/260221_QrAndBarcodeScanner/app/src/main/java/com/mckimquyen/barcodescanner/feature/tabs/create/qr/FragmentCreateQrCodeVCard.kt:52:9 Unresolved reference: editTextEmail
e: file:///Users/loitran/AndroidStudioProjects/@mckimquyen/@playstore/@prodution/@ad/260221_QrAndBarcodeScanner/app/src/main/java/com/mckimquyen/barcodescanner/feature/tabs/create/qr/FragmentCreateQrCodeVCard.kt:53:9 Unresolved reference: editTextPhone
e: file:///Users/loitran/AndroidStudioProjects/@mckimquyen/@playstore/@prodution/@ad/260221_QrAndBarcodeScanner/app/src/main/java/com/mckimquyen/barcodescanner/feature/tabs/create/qr/FragmentCreateQrCodeWifi.kt:45:32 Unresolved reference: spinnerEncryption
e: file:///Users/loitran/AndroidStudioProjects/@mckimquyen/@playstore/@prodution/@ad/260221_QrAndBarcodeScanner/app/src/main/java/com/mckimquyen/barcodescanner/feature/tabs/create/qr/FragmentCreateQrCodeWifi.kt:53:20 Unresolved reference: editTextNetworkName
e: file:///Users/loitran/AndroidStudioProjects/@mckimquyen/@playstore/@prodution/@ad/260221_QrAndBarcodeScanner/app/src/main/java/com/mckimquyen/barcodescanner/feature/tabs/create/qr/FragmentCreateQrCodeWifi.kt:54:24 Unresolved reference: editTextPassword
e: file:///Users/loitran/AndroidStudioProjects/@mckimquyen/@playstore/@prodution/@ad/260221_QrAndBarcodeScanner/app/src/main/java/com/mckimquyen/barcodescanner/feature/tabs/create/qr/FragmentCreateQrCodeWifi.kt:55:24 Unresolved reference: checkBoxIsHidden
e: file:///Users/loitran/AndroidStudioProjects/@mckimquyen/@playstore/@prodution/@ad/260221_QrAndBarcodeScanner/app/src/main/java/com/mckimquyen/barcodescanner/feature/tabs/create/qr/FragmentCreateQrCodeWifi.kt:60:9 Unresolved reference: spinnerEncryption
e: file:///Users/loitran/AndroidStudioProjects/@mckimquyen/@playstore/@prodution/@ad/260221_QrAndBarcodeScanner/app/src/main/java/com/mckimquyen/barcodescanner/feature/tabs/create/qr/FragmentCreateQrCodeWifi.kt:60:27 Variable expected
e: file:///Users/loitran/AndroidStudioProjects/@mckimquyen/@playstore/@prodution/@ad/260221_QrAndBarcodeScanner/app/src/main/java/com/mckimquyen/barcodescanner/feature/tabs/create/qr/FragmentCreateQrCodeWifi.kt:66:9 Unresolved reference: spinnerEncryption
e: file:///Users/loitran/AndroidStudioProjects/@mckimquyen/@playstore/@prodution/@ad/260221_QrAndBarcodeScanner/app/src/main/java/com/mckimquyen/barcodescanner/feature/tabs/create/qr/FragmentCreateQrCodeWifi.kt:66:27 Variable expected
e: file:///Users/loitran/AndroidStudioProjects/@mckimquyen/@playstore/@prodution/@ad/260221_QrAndBarcodeScanner/app/src/main/java/com/mckimquyen/barcodescanner/feature/tabs/create/qr/FragmentCreateQrCodeWifi.kt:73:17 Unresolved reference: textInputLayoutPassword
e: file:///Users/loitran/AndroidStudioProjects/@mckimquyen/@playstore/@prodution/@ad/260221_QrAndBarcodeScanner/app/src/main/java/com/mckimquyen/barcodescanner/feature/tabs/create/qr/FragmentCreateQrCodeWifi.kt:73:41 Variable expected
e: file:///Users/loitran/AndroidStudioProjects/@mckimquyen/@playstore/@prodution/@ad/260221_QrAndBarcodeScanner/app/src/main/java/com/mckimquyen/barcodescanner/feature/tabs/create/qr/FragmentCreateQrCodeWifi.kt:83:9 Unresolved reference: editTextNetworkName
e: file:///Users/loitran/AndroidStudioProjects/@mckimquyen/@playstore/@prodution/@ad/260221_QrAndBarcodeScanner/app/src/main/java/com/mckimquyen/barcodescanner/feature/tabs/create/qr/FragmentCreateQrCodeWifi.kt:87:9 Unresolved reference: editTextNetworkName
e: file:///Users/loitran/AndroidStudioProjects/@mckimquyen/@playstore/@prodution/@ad/260221_QrAndBarcodeScanner/app/src/main/java/com/mckimquyen/barcodescanner/feature/tabs/create/qr/FragmentCreateQrCodeWifi.kt:90:9 Unresolved reference: editTextPassword
e: file:///Users/loitran/AndroidStudioProjects/@mckimquyen/@playstore/@prodution/@ad/260221_QrAndBarcodeScanner/app/src/main/java/com/mckimquyen/barcodescanner/feature/tabs/create/qr/FragmentCreateQrCodeWifi.kt:96:55 Unresolved reference: editTextNetworkName
e: file:///Users/loitran/AndroidStudioProjects/@mckimquyen/@playstore/@prodution/@ad/260221_QrAndBarcodeScanner/app/src/main/java/com/mckimquyen/barcodescanner/feature/tabs/history/AdapterBarcodeHistory.kt:19:24 Unresolved reference: synthetic
e: file:///Users/loitran/AndroidStudioProjects/@mckimquyen/@playstore/@prodution/@ad/260221_QrAndBarcodeScanner/app/src/main/java/com/mckimquyen/barcodescanner/feature/tabs/history/AdapterBarcodeHistory.kt:64:22 Unresolved reference: textViewDate
e: file:///Users/loitran/AndroidStudioProjects/@mckimquyen/@playstore/@prodution/@ad/260221_QrAndBarcodeScanner/app/src/main/java/com/mckimquyen/barcodescanner/feature/tabs/history/AdapterBarcodeHistory.kt:64:35 Variable expected
e: file:///Users/loitran/AndroidStudioProjects/@mckimquyen/@playstore/@prodution/@ad/260221_QrAndBarcodeScanner/app/src/main/java/com/mckimquyen/barcodescanner/feature/tabs/history/AdapterBarcodeHistory.kt:68:22 Unresolved reference: text_view_format
e: file:///Users/loitran/AndroidStudioProjects/@mckimquyen/@playstore/@prodution/@ad/260221_QrAndBarcodeScanner/app/src/main/java/com/mckimquyen/barcodescanner/feature/tabs/history/AdapterBarcodeHistory.kt:72:22 Unresolved reference: textViewText
e: file:///Users/loitran/AndroidStudioProjects/@mckimquyen/@playstore/@prodution/@ad/260221_QrAndBarcodeScanner/app/src/main/java/com/mckimquyen/barcodescanner/feature/tabs/history/AdapterBarcodeHistory.kt:72:35 Variable expected
e: file:///Users/loitran/AndroidStudioProjects/@mckimquyen/@playstore/@prodution/@ad/260221_QrAndBarcodeScanner/app/src/main/java/com/mckimquyen/barcodescanner/feature/tabs/history/AdapterBarcodeHistory.kt:78:22 Unresolved reference: imageViewSchema
e: file:///Users/loitran/AndroidStudioProjects/@mckimquyen/@playstore/@prodution/@ad/260221_QrAndBarcodeScanner/app/src/main/java/com/mckimquyen/barcodescanner/feature/tabs/history/AdapterBarcodeHistory.kt:85:23 Unresolved reference: layoutImage
e: file:///Users/loitran/AndroidStudioProjects/@mckimquyen/@playstore/@prodution/@ad/260221_QrAndBarcodeScanner/app/src/main/java/com/mckimquyen/barcodescanner/feature/tabs/history/AdapterBarcodeHistory.kt:89:22 Unresolved reference: imageViewFavorite
e: file:///Users/loitran/AndroidStudioProjects/@mckimquyen/@playstore/@prodution/@ad/260221_QrAndBarcodeScanner/app/src/main/java/com/mckimquyen/barcodescanner/feature/tabs/history/AdapterBarcodeHistory.kt:89:40 Variable expected
e: file:///Users/loitran/AndroidStudioProjects/@mckimquyen/@playstore/@prodution/@ad/260221_QrAndBarcodeScanner/app/src/main/java/com/mckimquyen/barcodescanner/feature/tabs/history/AdapterBarcodeHistory.kt:93:22 Unresolved reference: delimiter
e: file:///Users/loitran/AndroidStudioProjects/@mckimquyen/@playstore/@prodution/@ad/260221_QrAndBarcodeScanner/app/src/main/java/com/mckimquyen/barcodescanner/feature/tabs/history/AdapterBarcodeHistory.kt:93:32 Variable expected
e: file:///Users/loitran/AndroidStudioProjects/@mckimquyen/@playstore/@prodution/@ad/260221_QrAndBarcodeScanner/app/src/main/java/com/mckimquyen/barcodescanner/feature/tabs/history/FragmentBarcodeHistory.kt:55:9 Unresolved reference: appBarLayout
e: file:///Users/loitran/AndroidStudioProjects/@mckimquyen/@playstore/@prodution/@ad/260221_QrAndBarcodeScanner/app/src/main/java/com/mckimquyen/barcodescanner/feature/tabs/history/FragmentBarcodeHistory.kt:59:9 Unresolved reference: viewPager
e: file:///Users/loitran/AndroidStudioProjects/@mckimquyen/@playstore/@prodution/@ad/260221_QrAndBarcodeScanner/app/src/main/java/com/mckimquyen/barcodescanner/feature/tabs/history/FragmentBarcodeHistory.kt:59:19 Variable expected
e: file:///Users/loitran/AndroidStudioProjects/@mckimquyen/@playstore/@prodution/@ad/260221_QrAndBarcodeScanner/app/src/main/java/com/mckimquyen/barcodescanner/feature/tabs/history/FragmentBarcodeHistory.kt:60:9 Unresolved reference: tabLayout
e: file:///Users/loitran/AndroidStudioProjects/@mckimquyen/@playstore/@prodution/@ad/260221_QrAndBarcodeScanner/app/src/main/java/com/mckimquyen/barcodescanner/feature/tabs/history/FragmentBarcodeHistory.kt:60:38 Unresolved reference: viewPager
e: file:///Users/loitran/AndroidStudioProjects/@mckimquyen/@playstore/@prodution/@ad/260221_QrAndBarcodeScanner/app/src/main/java/com/mckimquyen/barcodescanner/feature/tabs/history/FragmentBarcodeHistory.kt:64:9 Unresolved reference: toolbar
e: file:///Users/loitran/AndroidStudioProjects/@mckimquyen/@playstore/@prodution/@ad/260221_QrAndBarcodeScanner/app/src/main/java/com/mckimquyen/barcodescanner/feature/tabs/history/FragmentBarcodeHistory.kt:64:46 Cannot infer a type for this parameter. Please specify it explicitly.
e: file:///Users/loitran/AndroidStudioProjects/@mckimquyen/@playstore/@prodution/@ad/260221_QrAndBarcodeScanner/app/src/main/java/com/mckimquyen/barcodescanner/feature/tabs/history/FragmentBarcodeHistoryList.kt:81:9 Unresolved reference: recyclerViewHistory
e: file:///Users/loitran/AndroidStudioProjects/@mckimquyen/@playstore/@prodution/@ad/260221_QrAndBarcodeScanner/app/src/main/java/com/mckimquyen/barcodescanner/feature/tabs/history/FragmentBarcodeHistoryList.kt:82:13 Unresolved reference: layoutManager
e: file:///Users/loitran/AndroidStudioProjects/@mckimquyen/@playstore/@prodution/@ad/260221_QrAndBarcodeScanner/app/src/main/java/com/mckimquyen/barcodescanner/feature/tabs/history/FragmentBarcodeHistoryList.kt:83:13 Unresolved reference: adapter
e: file:///Users/loitran/AndroidStudioProjects/@mckimquyen/@playstore/@prodution/@ad/260221_QrAndBarcodeScanner/app/src/main/java/com/mckimquyen/barcodescanner/feature/tabs/history/FragmentBarcodeHistoryList.kt:113:9 Unresolved reference: layoutEmptyState
e: file:///Users/loitran/AndroidStudioProjects/@mckimquyen/@playstore/@prodution/@ad/260221_QrAndBarcodeScanner/app/src/main/java/com/mckimquyen/barcodescanner/feature/tabs/history/FragmentBarcodeHistoryList.kt:113:27 Variable expected
e: file:///Users/loitran/AndroidStudioProjects/@mckimquyen/@playstore/@prodution/@ad/260221_QrAndBarcodeScanner/app/src/main/java/com/mckimquyen/barcodescanner/feature/tabs/history/FragmentBarcodeHistoryList.kt:114:9 Unresolved reference: recyclerViewHistory
e: file:///Users/loitran/AndroidStudioProjects/@mckimquyen/@playstore/@prodution/@ad/260221_QrAndBarcodeScanner/app/src/main/java/com/mckimquyen/barcodescanner/feature/tabs/history/FragmentBarcodeHistoryList.kt:114:30 Variable expected
e: file:///Users/loitran/AndroidStudioProjects/@mckimquyen/@playstore/@prodution/@ad/260221_QrAndBarcodeScanner/app/src/main/java/com/mckimquyen/barcodescanner/feature/tabs/history/export/ActivityExportHistory.kt:69:9 Unresolved reference: rootView
e: file:///Users/loitran/AndroidStudioProjects/@mckimquyen/@playstore/@prodution/@ad/260221_QrAndBarcodeScanner/app/src/main/java/com/mckimquyen/barcodescanner/feature/tabs/history/export/ActivityExportHistory.kt:73:9 Unresolved reference: toolbar
e: file:///Users/loitran/AndroidStudioProjects/@mckimquyen/@playstore/@prodution/@ad/260221_QrAndBarcodeScanner/app/src/main/java/com/mckimquyen/barcodescanner/feature/tabs/history/export/ActivityExportHistory.kt:79:9 Unresolved reference: spinnerExportAs
e: file:///Users/loitran/AndroidStudioProjects/@mckimquyen/@playstore/@prodution/@ad/260221_QrAndBarcodeScanner/app/src/main/java/com/mckimquyen/barcodescanner/feature/tabs/history/export/ActivityExportHistory.kt:79:25 Variable expected
e: file:///Users/loitran/AndroidStudioProjects/@mckimquyen/@playstore/@prodution/@ad/260221_QrAndBarcodeScanner/app/src/main/java/com/mckimquyen/barcodescanner/feature/tabs/history/export/ActivityExportHistory.kt:87:9 Unresolved reference: editTextFileName
e: file:///Users/loitran/AndroidStudioProjects/@mckimquyen/@playstore/@prodution/@ad/260221_QrAndBarcodeScanner/app/src/main/java/com/mckimquyen/barcodescanner/feature/tabs/history/export/ActivityExportHistory.kt:88:13 Unresolved reference: buttonExport
e: file:///Users/loitran/AndroidStudioProjects/@mckimquyen/@playstore/@prodution/@ad/260221_QrAndBarcodeScanner/app/src/main/java/com/mckimquyen/barcodescanner/feature/tabs/history/export/ActivityExportHistory.kt:88:26 Variable expected
e: file:///Users/loitran/AndroidStudioProjects/@mckimquyen/@playstore/@prodution/@ad/260221_QrAndBarcodeScanner/app/src/main/java/com/mckimquyen/barcodescanner/feature/tabs/history/export/ActivityExportHistory.kt:88:38 Unresolved reference: editTextFileName
e: file:///Users/loitran/AndroidStudioProjects/@mckimquyen/@playstore/@prodution/@ad/260221_QrAndBarcodeScanner/app/src/main/java/com/mckimquyen/barcodescanner/feature/tabs/history/export/ActivityExportHistory.kt:93:9 Unresolved reference: buttonExport
e: file:///Users/loitran/AndroidStudioProjects/@mckimquyen/@playstore/@prodution/@ad/260221_QrAndBarcodeScanner/app/src/main/java/com/mckimquyen/barcodescanner/feature/tabs/history/export/ActivityExportHistory.kt:107:24 Unresolved reference: editTextFileName
e: file:///Users/loitran/AndroidStudioProjects/@mckimquyen/@playstore/@prodution/@ad/260221_QrAndBarcodeScanner/app/src/main/java/com/mckimquyen/barcodescanner/feature/tabs/history/export/ActivityExportHistory.kt:108:30 Unresolved reference: spinnerExportAs
e: file:///Users/loitran/AndroidStudioProjects/@mckimquyen/@playstore/@prodution/@ad/260221_QrAndBarcodeScanner/app/src/main/java/com/mckimquyen/barcodescanner/feature/tabs/history/export/ActivityExportHistory.kt:136:9 Unresolved reference: progressBarLoading
e: file:///Users/loitran/AndroidStudioProjects/@mckimquyen/@playstore/@prodution/@ad/260221_QrAndBarcodeScanner/app/src/main/java/com/mckimquyen/barcodescanner/feature/tabs/history/export/ActivityExportHistory.kt:136:28 Variable expected
e: file:///Users/loitran/AndroidStudioProjects/@mckimquyen/@playstore/@prodution/@ad/260221_QrAndBarcodeScanner/app/src/main/java/com/mckimquyen/barcodescanner/feature/tabs/history/export/ActivityExportHistory.kt:137:9 Unresolved reference: scrollView
e: file:///Users/loitran/AndroidStudioProjects/@mckimquyen/@playstore/@prodution/@ad/260221_QrAndBarcodeScanner/app/src/main/java/com/mckimquyen/barcodescanner/feature/tabs/history/export/ActivityExportHistory.kt:137:20 Variable expected
e: file:///Users/loitran/AndroidStudioProjects/@mckimquyen/@playstore/@prodution/@ad/260221_QrAndBarcodeScanner/app/src/main/java/com/mckimquyen/barcodescanner/feature/tabs/scan/FragmentScanBarcodeFromCamera.kt:132:9 Unresolved reference: layoutTopControls
e: file:///Users/loitran/AndroidStudioProjects/@mckimquyen/@playstore/@prodution/@ad/260221_QrAndBarcodeScanner/app/src/main/java/com/mckimquyen/barcodescanner/feature/tabs/scan/FragmentScanBarcodeFromCamera.kt:164:54 Unresolved reference: scannerView
e: file:///Users/loitran/AndroidStudioProjects/@mckimquyen/@playstore/@prodution/@ad/260221_QrAndBarcodeScanner/app/src/main/java/com/mckimquyen/barcodescanner/feature/tabs/scan/FragmentScanBarcodeFromCamera.kt:188:13 Unresolved reference: seekBarZoom
e: file:///Users/loitran/AndroidStudioProjects/@mckimquyen/@playstore/@prodution/@ad/260221_QrAndBarcodeScanner/app/src/main/java/com/mckimquyen/barcodescanner/feature/tabs/scan/FragmentScanBarcodeFromCamera.kt:188:25 Variable expected
e: file:///Users/loitran/AndroidStudioProjects/@mckimquyen/@playstore/@prodution/@ad/260221_QrAndBarcodeScanner/app/src/main/java/com/mckimquyen/barcodescanner/feature/tabs/scan/FragmentScanBarcodeFromCamera.kt:189:13 Unresolved reference: seekBarZoom
e: file:///Users/loitran/AndroidStudioProjects/@mckimquyen/@playstore/@prodution/@ad/260221_QrAndBarcodeScanner/app/src/main/java/com/mckimquyen/barcodescanner/feature/tabs/scan/FragmentScanBarcodeFromCamera.kt:189:25 Variable expected
e: file:///Users/loitran/AndroidStudioProjects/@mckimquyen/@playstore/@prodution/@ad/260221_QrAndBarcodeScanner/app/src/main/java/com/mckimquyen/barcodescanner/feature/tabs/scan/FragmentScanBarcodeFromCamera.kt:194:9 Unresolved reference: layoutFlashContainer
e: file:///Users/loitran/AndroidStudioProjects/@mckimquyen/@playstore/@prodution/@ad/260221_QrAndBarcodeScanner/app/src/main/java/com/mckimquyen/barcodescanner/feature/tabs/scan/FragmentScanBarcodeFromCamera.kt:197:9 Unresolved reference: imageViewFlash
e: file:///Users/loitran/AndroidStudioProjects/@mckimquyen/@playstore/@prodution/@ad/260221_QrAndBarcodeScanner/app/src/main/java/com/mckimquyen/barcodescanner/feature/tabs/scan/FragmentScanBarcodeFromCamera.kt:197:24 Variable expected
e: file:///Users/loitran/AndroidStudioProjects/@mckimquyen/@playstore/@prodution/@ad/260221_QrAndBarcodeScanner/app/src/main/java/com/mckimquyen/barcodescanner/feature/tabs/scan/FragmentScanBarcodeFromCamera.kt:203:13 Unresolved reference: layoutBatchScanContainer
e: file:///Users/loitran/AndroidStudioProjects/@mckimquyen/@playstore/@prodution/@ad/260221_QrAndBarcodeScanner/app/src/main/java/com/mckimquyen/barcodescanner/feature/tabs/scan/FragmentScanBarcodeFromCamera.kt:204:13 Unresolved reference: imageViewBatchScan
e: file:///Users/loitran/AndroidStudioProjects/@mckimquyen/@playstore/@prodution/@ad/260221_QrAndBarcodeScanner/app/src/main/java/com/mckimquyen/barcodescanner/feature/tabs/scan/FragmentScanBarcodeFromCamera.kt:208:13 Unresolved reference: textViewBatchScan
e: file:///Users/loitran/AndroidStudioProjects/@mckimquyen/@playstore/@prodution/@ad/260221_QrAndBarcodeScanner/app/src/main/java/com/mckimquyen/barcodescanner/feature/tabs/scan/FragmentScanBarcodeFromCamera.kt:211:13 Unresolved reference: layoutBatchScanContainer
e: file:///Users/loitran/AndroidStudioProjects/@mckimquyen/@playstore/@prodution/@ad/260221_QrAndBarcodeScanner/app/src/main/java/com/mckimquyen/barcodescanner/feature/tabs/scan/FragmentScanBarcodeFromCamera.kt:212:13 Unresolved reference: imageViewBatchScan
e: file:///Users/loitran/AndroidStudioProjects/@mckimquyen/@playstore/@prodution/@ad/260221_QrAndBarcodeScanner/app/src/main/java/com/mckimquyen/barcodescanner/feature/tabs/scan/FragmentScanBarcodeFromCamera.kt:213:13 Unresolved reference: textViewBatchScan
e: file:///Users/loitran/AndroidStudioProjects/@mckimquyen/@playstore/@prodution/@ad/260221_QrAndBarcodeScanner/app/src/main/java/com/mckimquyen/barcodescanner/feature/tabs/scan/FragmentScanBarcodeFromCamera.kt:218:9 Unresolved reference: layoutBatchScanContainer
e: file:///Users/loitran/AndroidStudioProjects/@mckimquyen/@playstore/@prodution/@ad/260221_QrAndBarcodeScanner/app/src/main/java/com/mckimquyen/barcodescanner/feature/tabs/scan/FragmentScanBarcodeFromCamera.kt:224:21 Unresolved reference: recyclerViewBatch
e: file:///Users/loitran/AndroidStudioProjects/@mckimquyen/@playstore/@prodution/@ad/260221_QrAndBarcodeScanner/app/src/main/java/com/mckimquyen/barcodescanner/feature/tabs/scan/FragmentScanBarcodeFromCamera.kt:225:21 Unresolved reference: recyclerViewBatch
e: file:///Users/loitran/AndroidStudioProjects/@mckimquyen/@playstore/@prodution/@ad/260221_QrAndBarcodeScanner/app/src/main/java/com/mckimquyen/barcodescanner/feature/tabs/scan/FragmentScanBarcodeFromCamera.kt:225:39 Variable expected
e: file:///Users/loitran/AndroidStudioProjects/@mckimquyen/@playstore/@prodution/@ad/260221_QrAndBarcodeScanner/app/src/main/java/com/mckimquyen/barcodescanner/feature/tabs/scan/FragmentScanBarcodeFromCamera.kt:226:21 Unresolved reference: recyclerViewBatch
e: file:///Users/loitran/AndroidStudioProjects/@mckimquyen/@playstore/@prodution/@ad/260221_QrAndBarcodeScanner/app/src/main/java/com/mckimquyen/barcodescanner/feature/tabs/scan/FragmentScanBarcodeFromCamera.kt:226:39 Variable expected
e: file:///Users/loitran/AndroidStudioProjects/@mckimquyen/@playstore/@prodution/@ad/260221_QrAndBarcodeScanner/app/src/main/java/com/mckimquyen/barcodescanner/feature/tabs/scan/FragmentScanBarcodeFromCamera.kt:228:21 Unresolved reference: recyclerViewBatch
e: file:///Users/loitran/AndroidStudioProjects/@mckimquyen/@playstore/@prodution/@ad/260221_QrAndBarcodeScanner/app/src/main/java/com/mckimquyen/barcodescanner/feature/tabs/scan/FragmentScanBarcodeFromCamera.kt:228:39 Variable expected
e: file:///Users/loitran/AndroidStudioProjects/@mckimquyen/@playstore/@prodution/@ad/260221_QrAndBarcodeScanner/app/src/main/java/com/mckimquyen/barcodescanner/feature/tabs/scan/FragmentScanBarcodeFromCamera.kt:229:21 Unresolved reference: recyclerViewBatch
e: file:///Users/loitran/AndroidStudioProjects/@mckimquyen/@playstore/@prodution/@ad/260221_QrAndBarcodeScanner/app/src/main/java/com/mckimquyen/barcodescanner/feature/tabs/scan/FragmentScanBarcodeFromCamera.kt:229:39 Variable expected
e: file:///Users/loitran/AndroidStudioProjects/@mckimquyen/@playstore/@prodution/@ad/260221_QrAndBarcodeScanner/app/src/main/java/com/mckimquyen/barcodescanner/feature/tabs/scan/FragmentScanBarcodeFromCamera.kt:230:21 Unresolved reference: recyclerViewBatch
e: file:///Users/loitran/AndroidStudioProjects/@mckimquyen/@playstore/@prodution/@ad/260221_QrAndBarcodeScanner/app/src/main/java/com/mckimquyen/barcodescanner/feature/tabs/scan/FragmentScanBarcodeFromCamera.kt:230:39 Variable expected
e: file:///Users/loitran/AndroidStudioProjects/@mckimquyen/@playstore/@prodution/@ad/260221_QrAndBarcodeScanner/app/src/main/java/com/mckimquyen/barcodescanner/feature/tabs/scan/FragmentScanBarcodeFromCamera.kt:240:17 Unresolved reference: layoutBatchListPanel
e: file:///Users/loitran/AndroidStudioProjects/@mckimquyen/@playstore/@prodution/@ad/260221_QrAndBarcodeScanner/app/src/main/java/com/mckimquyen/barcodescanner/feature/tabs/scan/FragmentScanBarcodeFromCamera.kt:240:38 Variable expected
e: file:///Users/loitran/AndroidStudioProjects/@mckimquyen/@playstore/@prodution/@ad/260221_QrAndBarcodeScanner/app/src/main/java/com/mckimquyen/barcodescanner/feature/tabs/scan/FragmentScanBarcodeFromCamera.kt:245:9 Unresolved reference: buttonExportCsv
e: file:///Users/loitran/AndroidStudioProjects/@mckimquyen/@playstore/@prodution/@ad/260221_QrAndBarcodeScanner/app/src/main/java/com/mckimquyen/barcodescanner/feature/tabs/scan/FragmentScanBarcodeFromCamera.kt:247:9 Unresolved reference: layoutBatchListPanel
e: file:///Users/loitran/AndroidStudioProjects/@mckimquyen/@playstore/@prodution/@ad/260221_QrAndBarcodeScanner/app/src/main/java/com/mckimquyen/barcodescanner/feature/tabs/scan/FragmentScanBarcodeFromCamera.kt:277:17 Unresolved reference: layoutBatchListPanel
e: file:///Users/loitran/AndroidStudioProjects/@mckimquyen/@playstore/@prodution/@ad/260221_QrAndBarcodeScanner/app/src/main/java/com/mckimquyen/barcodescanner/feature/tabs/scan/FragmentScanBarcodeFromCamera.kt:277:38 Variable expected
e: file:///Users/loitran/AndroidStudioProjects/@mckimquyen/@playstore/@prodution/@ad/260221_QrAndBarcodeScanner/app/src/main/java/com/mckimquyen/barcodescanner/feature/tabs/scan/FragmentScanBarcodeFromCamera.kt:288:9 Unresolved reference: layoutScanFromFileContainer
e: file:///Users/loitran/AndroidStudioProjects/@mckimquyen/@playstore/@prodution/@ad/260221_QrAndBarcodeScanner/app/src/main/java/com/mckimquyen/barcodescanner/feature/tabs/scan/FragmentScanBarcodeFromCamera.kt:294:9 Unresolved reference: seekBarZoom
e: file:///Users/loitran/AndroidStudioProjects/@mckimquyen/@playstore/@prodution/@ad/260221_QrAndBarcodeScanner/app/src/main/java/com/mckimquyen/barcodescanner/feature/tabs/scan/FragmentScanBarcodeFromCamera.kt:310:9 Unresolved reference: buttonDecreaseZoom
e: file:///Users/loitran/AndroidStudioProjects/@mckimquyen/@playstore/@prodution/@ad/260221_QrAndBarcodeScanner/app/src/main/java/com/mckimquyen/barcodescanner/feature/tabs/scan/FragmentScanBarcodeFromCamera.kt:316:9 Unresolved reference: buttonIncreaseZoom
e: file:///Users/loitran/AndroidStudioProjects/@mckimquyen/@playstore/@prodution/@ad/260221_QrAndBarcodeScanner/app/src/main/java/com/mckimquyen/barcodescanner/feature/tabs/scan/FragmentScanBarcodeFromCamera.kt:328:13 Unresolved reference: seekBarZoom
e: file:///Users/loitran/AndroidStudioProjects/@mckimquyen/@playstore/@prodution/@ad/260221_QrAndBarcodeScanner/app/src/main/java/com/mckimquyen/barcodescanner/feature/tabs/scan/FragmentScanBarcodeFromCamera.kt:328:25 Variable expected
e: file:///Users/loitran/AndroidStudioProjects/@mckimquyen/@playstore/@prodution/@ad/260221_QrAndBarcodeScanner/app/src/main/java/com/mckimquyen/barcodescanner/feature/tabs/scan/FragmentScanBarcodeFromCamera.kt:339:13 Unresolved reference: seekBarZoom
e: file:///Users/loitran/AndroidStudioProjects/@mckimquyen/@playstore/@prodution/@ad/260221_QrAndBarcodeScanner/app/src/main/java/com/mckimquyen/barcodescanner/feature/tabs/scan/FragmentScanBarcodeFromCamera.kt:339:25 Variable expected
e: file:///Users/loitran/AndroidStudioProjects/@mckimquyen/@playstore/@prodution/@ad/260221_QrAndBarcodeScanner/app/src/main/java/com/mckimquyen/barcodescanner/feature/tabs/scan/FragmentScanBarcodeFromCamera.kt:395:21 Unresolved reference: recyclerViewBatch
e: file:///Users/loitran/AndroidStudioProjects/@mckimquyen/@playstore/@prodution/@ad/260221_QrAndBarcodeScanner/app/src/main/java/com/mckimquyen/barcodescanner/feature/tabs/scan/FragmentScanBarcodeFromCamera.kt:398:26 Unresolved reference: layoutBatchListPanel
e: file:///Users/loitran/AndroidStudioProjects/@mckimquyen/@playstore/@prodution/@ad/260221_QrAndBarcodeScanner/app/src/main/java/com/mckimquyen/barcodescanner/feature/tabs/scan/FragmentScanBarcodeFromCamera.kt:399:25 Unresolved reference: layoutBatchListPanel
e: file:///Users/loitran/AndroidStudioProjects/@mckimquyen/@playstore/@prodution/@ad/260221_QrAndBarcodeScanner/app/src/main/java/com/mckimquyen/barcodescanner/feature/tabs/scan/FragmentScanBarcodeFromCamera.kt:399:46 Variable expected
e: file:///Users/loitran/AndroidStudioProjects/@mckimquyen/@playstore/@prodution/@ad/260221_QrAndBarcodeScanner/app/src/main/java/com/mckimquyen/barcodescanner/feature/tabs/scan/FragmentScanBarcodeFromCamera.kt:446:9 Unresolved reference: imageViewFlash
e: file:///Users/loitran/AndroidStudioProjects/@mckimquyen/@playstore/@prodution/@ad/260221_QrAndBarcodeScanner/app/src/main/java/com/mckimquyen/barcodescanner/feature/tabs/scan/FragmentScanBarcodeFromCamera.kt:446:24 Variable expected
e: file:///Users/loitran/AndroidStudioProjects/@mckimquyen/@playstore/@prodution/@ad/260221_QrAndBarcodeScanner/app/src/main/java/com/mckimquyen/barcodescanner/feature/tabs/scan/FragmentScanBarcodeFromCamera.kt:446:38 Unresolved reference: imageViewFlash
e: file:///Users/loitran/AndroidStudioProjects/@mckimquyen/@playstore/@prodution/@ad/260221_QrAndBarcodeScanner/app/src/main/java/com/mckimquyen/barcodescanner/feature/tabs/scan/file/ActivityScanBarcodeFromFile.kt:118:9 Unresolved reference: rootView
e: file:///Users/loitran/AndroidStudioProjects/@mckimquyen/@playstore/@prodution/@ad/260221_QrAndBarcodeScanner/app/src/main/java/com/mckimquyen/barcodescanner/feature/tabs/scan/file/ActivityScanBarcodeFromFile.kt:171:9 Unresolved reference: toolbar
e: file:///Users/loitran/AndroidStudioProjects/@mckimquyen/@playstore/@prodution/@ad/260221_QrAndBarcodeScanner/app/src/main/java/com/mckimquyen/barcodescanner/feature/tabs/scan/file/ActivityScanBarcodeFromFile.kt:177:9 Unresolved reference: toolbar
e: file:///Users/loitran/AndroidStudioProjects/@mckimquyen/@playstore/@prodution/@ad/260221_QrAndBarcodeScanner/app/src/main/java/com/mckimquyen/barcodescanner/feature/tabs/scan/file/ActivityScanBarcodeFromFile.kt:177:46 Cannot infer a type for this parameter. Please specify it explicitly.
e: file:///Users/loitran/AndroidStudioProjects/@mckimquyen/@playstore/@prodution/@ad/260221_QrAndBarcodeScanner/app/src/main/java/com/mckimquyen/barcodescanner/feature/tabs/scan/file/ActivityScanBarcodeFromFile.kt:179:40 Unresolved reference: cropImageView
e: file:///Users/loitran/AndroidStudioProjects/@mckimquyen/@playstore/@prodution/@ad/260221_QrAndBarcodeScanner/app/src/main/java/com/mckimquyen/barcodescanner/feature/tabs/scan/file/ActivityScanBarcodeFromFile.kt:180:41 Unresolved reference: cropImageView
e: file:///Users/loitran/AndroidStudioProjects/@mckimquyen/@playstore/@prodution/@ad/260221_QrAndBarcodeScanner/app/src/main/java/com/mckimquyen/barcodescanner/feature/tabs/scan/file/ActivityScanBarcodeFromFile.kt:188:9 Unresolved reference: cropImageView
e: file:///Users/loitran/AndroidStudioProjects/@mckimquyen/@playstore/@prodution/@ad/260221_QrAndBarcodeScanner/app/src/main/java/com/mckimquyen/barcodescanner/feature/tabs/scan/file/ActivityScanBarcodeFromFile.kt:189:23 Unresolved reference: it
e: file:///Users/loitran/AndroidStudioProjects/@mckimquyen/@playstore/@prodution/@ad/260221_QrAndBarcodeScanner/app/src/main/java/com/mckimquyen/barcodescanner/feature/tabs/scan/file/ActivityScanBarcodeFromFile.kt:197:9 Unresolved reference: buttonScan
e: file:///Users/loitran/AndroidStudioProjects/@mckimquyen/@playstore/@prodution/@ad/260221_QrAndBarcodeScanner/app/src/main/java/com/mckimquyen/barcodescanner/feature/tabs/scan/file/ActivityScanBarcodeFromFile.kt:205:9 Unresolved reference: cropImageView
e: file:///Users/loitran/AndroidStudioProjects/@mckimquyen/@playstore/@prodution/@ad/260221_QrAndBarcodeScanner/app/src/main/java/com/mckimquyen/barcodescanner/feature/tabs/scan/file/ActivityScanBarcodeFromFile.kt:232:9 Unresolved reference: cropImageView
e: file:///Users/loitran/AndroidStudioProjects/@mckimquyen/@playstore/@prodution/@ad/260221_QrAndBarcodeScanner/app/src/main/java/com/mckimquyen/barcodescanner/feature/tabs/scan/file/ActivityScanBarcodeFromFile.kt:279:9 Unresolved reference: progressBarLoading
e: file:///Users/loitran/AndroidStudioProjects/@mckimquyen/@playstore/@prodution/@ad/260221_QrAndBarcodeScanner/app/src/main/java/com/mckimquyen/barcodescanner/feature/tabs/scan/file/ActivityScanBarcodeFromFile.kt:279:28 Variable expected
e: file:///Users/loitran/AndroidStudioProjects/@mckimquyen/@playstore/@prodution/@ad/260221_QrAndBarcodeScanner/app/src/main/java/com/mckimquyen/barcodescanner/feature/tabs/scan/file/ActivityScanBarcodeFromFile.kt:280:9 Unresolved reference: buttonScan
e: file:///Users/loitran/AndroidStudioProjects/@mckimquyen/@playstore/@prodution/@ad/260221_QrAndBarcodeScanner/app/src/main/java/com/mckimquyen/barcodescanner/feature/tabs/scan/file/ActivityScanBarcodeFromFile.kt:280:20 Variable expected
e: file:///Users/loitran/AndroidStudioProjects/@mckimquyen/@playstore/@prodution/@ad/260221_QrAndBarcodeScanner/app/src/main/java/com/mckimquyen/barcodescanner/feature/tabs/scan/file/ActivityScanBarcodeFromFile.kt:284:9 Unresolved reference: buttonScan
e: file:///Users/loitran/AndroidStudioProjects/@mckimquyen/@playstore/@prodution/@ad/260221_QrAndBarcodeScanner/app/src/main/java/com/mckimquyen/barcodescanner/feature/tabs/scan/file/ActivityScanBarcodeFromFile.kt:284:20 Variable expected
e: file:///Users/loitran/AndroidStudioProjects/@mckimquyen/@playstore/@prodution/@ad/260221_QrAndBarcodeScanner/app/src/main/java/com/mckimquyen/barcodescanner/feature/tabs/setting/SettingsFragment.kt:80:9 Unresolved reference: appBarLayout
e: file:///Users/loitran/AndroidStudioProjects/@mckimquyen/@playstore/@prodution/@ad/260221_QrAndBarcodeScanner/app/src/main/java/com/mckimquyen/barcodescanner/feature/tabs/setting/SettingsFragment.kt:84:9 Unresolved reference: buttonInverseBarcodeColorsInDarkTheme
e: file:///Users/loitran/AndroidStudioProjects/@mckimquyen/@playstore/@prodution/@ad/260221_QrAndBarcodeScanner/app/src/main/java/com/mckimquyen/barcodescanner/feature/tabs/setting/SettingsFragment.kt:84:111 Unresolved reference: it
e: file:///Users/loitran/AndroidStudioProjects/@mckimquyen/@playstore/@prodution/@ad/260221_QrAndBarcodeScanner/app/src/main/java/com/mckimquyen/barcodescanner/feature/tabs/setting/SettingsFragment.kt:85:9 Unresolved reference: buttonOpenLinksAutomatically
e: file:///Users/loitran/AndroidStudioProjects/@mckimquyen/@playstore/@prodution/@ad/260221_QrAndBarcodeScanner/app/src/main/java/com/mckimquyen/barcodescanner/feature/tabs/setting/SettingsFragment.kt:85:100 Unresolved reference: it
e: file:///Users/loitran/AndroidStudioProjects/@mckimquyen/@playstore/@prodution/@ad/260221_QrAndBarcodeScanner/app/src/main/java/com/mckimquyen/barcodescanner/feature/tabs/setting/SettingsFragment.kt:86:9 Unresolved reference: buttonCopyToClipboard
e: file:///Users/loitran/AndroidStudioProjects/@mckimquyen/@playstore/@prodution/@ad/260221_QrAndBarcodeScanner/app/src/main/java/com/mckimquyen/barcodescanner/feature/tabs/setting/SettingsFragment.kt:86:86 Unresolved reference: it
e: file:///Users/loitran/AndroidStudioProjects/@mckimquyen/@playstore/@prodution/@ad/260221_QrAndBarcodeScanner/app/src/main/java/com/mckimquyen/barcodescanner/feature/tabs/setting/SettingsFragment.kt:87:9 Unresolved reference: buttonSimpleAutoFocus
e: file:///Users/loitran/AndroidStudioProjects/@mckimquyen/@playstore/@prodution/@ad/260221_QrAndBarcodeScanner/app/src/main/java/com/mckimquyen/barcodescanner/feature/tabs/setting/SettingsFragment.kt:87:86 Unresolved reference: it
e: file:///Users/loitran/AndroidStudioProjects/@mckimquyen/@playstore/@prodution/@ad/260221_QrAndBarcodeScanner/app/src/main/java/com/mckimquyen/barcodescanner/feature/tabs/setting/SettingsFragment.kt:88:9 Unresolved reference: buttonFlashlight
e: file:///Users/loitran/AndroidStudioProjects/@mckimquyen/@playstore/@prodution/@ad/260221_QrAndBarcodeScanner/app/src/main/java/com/mckimquyen/barcodescanner/feature/tabs/setting/SettingsFragment.kt:88:71 Unresolved reference: it
e: file:///Users/loitran/AndroidStudioProjects/@mckimquyen/@playstore/@prodution/@ad/260221_QrAndBarcodeScanner/app/src/main/java/com/mckimquyen/barcodescanner/feature/tabs/setting/SettingsFragment.kt:89:9 Unresolved reference: buttonVibrate
e: file:///Users/loitran/AndroidStudioProjects/@mckimquyen/@playstore/@prodution/@ad/260221_QrAndBarcodeScanner/app/src/main/java/com/mckimquyen/barcodescanner/feature/tabs/setting/SettingsFragment.kt:89:70 Unresolved reference: it
e: file:///Users/loitran/AndroidStudioProjects/@mckimquyen/@playstore/@prodution/@ad/260221_QrAndBarcodeScanner/app/src/main/java/com/mckimquyen/barcodescanner/feature/tabs/setting/SettingsFragment.kt:90:9 Unresolved reference: buttonContinuousScanning
e: file:///Users/loitran/AndroidStudioProjects/@mckimquyen/@playstore/@prodution/@ad/260221_QrAndBarcodeScanner/app/src/main/java/com/mckimquyen/barcodescanner/feature/tabs/setting/SettingsFragment.kt:90:92 Unresolved reference: it
e: file:///Users/loitran/AndroidStudioProjects/@mckimquyen/@playstore/@prodution/@ad/260221_QrAndBarcodeScanner/app/src/main/java/com/mckimquyen/barcodescanner/feature/tabs/setting/SettingsFragment.kt:91:9 Unresolved reference: buttonConfirmScansManually
e: file:///Users/loitran/AndroidStudioProjects/@mckimquyen/@playstore/@prodution/@ad/260221_QrAndBarcodeScanner/app/src/main/java/com/mckimquyen/barcodescanner/feature/tabs/setting/SettingsFragment.kt:91:96 Unresolved reference: it
e: file:///Users/loitran/AndroidStudioProjects/@mckimquyen/@playstore/@prodution/@ad/260221_QrAndBarcodeScanner/app/src/main/java/com/mckimquyen/barcodescanner/feature/tabs/setting/SettingsFragment.kt:92:9 Unresolved reference: buttonSaveScannedBarcodes
e: file:///Users/loitran/AndroidStudioProjects/@mckimquyen/@playstore/@prodution/@ad/260221_QrAndBarcodeScanner/app/src/main/java/com/mckimquyen/barcodescanner/feature/tabs/setting/SettingsFragment.kt:92:103 Unresolved reference: it
e: file:///Users/loitran/AndroidStudioProjects/@mckimquyen/@playstore/@prodution/@ad/260221_QrAndBarcodeScanner/app/src/main/java/com/mckimquyen/barcodescanner/feature/tabs/setting/SettingsFragment.kt:93:9 Unresolved reference: buttonSaveCreatedBarcodes
e: file:///Users/loitran/AndroidStudioProjects/@mckimquyen/@playstore/@prodution/@ad/260221_QrAndBarcodeScanner/app/src/main/java/com/mckimquyen/barcodescanner/feature/tabs/setting/SettingsFragment.kt:93:103 Unresolved reference: it
e: file:///Users/loitran/AndroidStudioProjects/@mckimquyen/@playstore/@prodution/@ad/260221_QrAndBarcodeScanner/app/src/main/java/com/mckimquyen/barcodescanner/feature/tabs/setting/SettingsFragment.kt:94:9 Unresolved reference: buttonDoNotSaveDuplicates
e: file:///Users/loitran/AndroidStudioProjects/@mckimquyen/@playstore/@prodution/@ad/260221_QrAndBarcodeScanner/app/src/main/java/com/mckimquyen/barcodescanner/feature/tabs/setting/SettingsFragment.kt:94:94 Unresolved reference: it
e: file:///Users/loitran/AndroidStudioProjects/@mckimquyen/@playstore/@prodution/@ad/260221_QrAndBarcodeScanner/app/src/main/java/com/mckimquyen/barcodescanner/feature/tabs/setting/SettingsFragment.kt:95:9 Unresolved reference: buttonEnableErrorReports
e: file:///Users/loitran/AndroidStudioProjects/@mckimquyen/@playstore/@prodution/@ad/260221_QrAndBarcodeScanner/app/src/main/java/com/mckimquyen/barcodescanner/feature/tabs/setting/SettingsFragment.kt:95:96 Unresolved reference: it
e: file:///Users/loitran/AndroidStudioProjects/@mckimquyen/@playstore/@prodution/@ad/260221_QrAndBarcodeScanner/app/src/main/java/com/mckimquyen/barcodescanner/feature/tabs/setting/SettingsFragment.kt:99:9 Unresolved reference: buttonChooseTheme
e: file:///Users/loitran/AndroidStudioProjects/@mckimquyen/@playstore/@prodution/@ad/260221_QrAndBarcodeScanner/app/src/main/java/com/mckimquyen/barcodescanner/feature/tabs/setting/SettingsFragment.kt:109:9 Unresolved reference: buttonChooseLanguage
e: file:///Users/loitran/AndroidStudioProjects/@mckimquyen/@playstore/@prodution/@ad/260221_QrAndBarcodeScanner/app/src/main/java/com/mckimquyen/barcodescanner/feature/tabs/setting/SettingsFragment.kt:119:9 Unresolved reference: buttonChooseCamera
e: file:///Users/loitran/AndroidStudioProjects/@mckimquyen/@playstore/@prodution/@ad/260221_QrAndBarcodeScanner/app/src/main/java/com/mckimquyen/barcodescanner/feature/tabs/setting/SettingsFragment.kt:129:9 Unresolved reference: buttonSelectSupportedFormats
e: file:///Users/loitran/AndroidStudioProjects/@mckimquyen/@playstore/@prodution/@ad/260221_QrAndBarcodeScanner/app/src/main/java/com/mckimquyen/barcodescanner/feature/tabs/setting/SettingsFragment.kt:139:9 Unresolved reference: buttonClearHistory
e: file:///Users/loitran/AndroidStudioProjects/@mckimquyen/@playstore/@prodution/@ad/260221_QrAndBarcodeScanner/app/src/main/java/com/mckimquyen/barcodescanner/feature/tabs/setting/SettingsFragment.kt:142:9 Unresolved reference: buttonChooseSearchEngine
e: file:///Users/loitran/AndroidStudioProjects/@mckimquyen/@playstore/@prodution/@ad/260221_QrAndBarcodeScanner/app/src/main/java/com/mckimquyen/barcodescanner/feature/tabs/setting/SettingsFragment.kt:152:9 Unresolved reference: buttonPermissions
e: file:///Users/loitran/AndroidStudioProjects/@mckimquyen/@playstore/@prodution/@ad/260221_QrAndBarcodeScanner/app/src/main/java/com/mckimquyen/barcodescanner/feature/tabs/setting/SettingsFragment.kt:155:9 Unresolved reference: buttonCheckUpdates
e: file:///Users/loitran/AndroidStudioProjects/@mckimquyen/@playstore/@prodution/@ad/260221_QrAndBarcodeScanner/app/src/main/java/com/mckimquyen/barcodescanner/feature/tabs/setting/SettingsFragment.kt:158:9 Unresolved reference: buttonSourceCode
e: file:///Users/loitran/AndroidStudioProjects/@mckimquyen/@playstore/@prodution/@ad/260221_QrAndBarcodeScanner/app/src/main/java/com/mckimquyen/barcodescanner/feature/tabs/setting/SettingsFragment.kt:161:9 Unresolved reference: buttonSourceCodeFork
e: file:///Users/loitran/AndroidStudioProjects/@mckimquyen/@playstore/@prodution/@ad/260221_QrAndBarcodeScanner/app/src/main/java/com/mckimquyen/barcodescanner/feature/tabs/setting/SettingsFragment.kt:164:9 Unresolved reference: btRateApp
e: file:///Users/loitran/AndroidStudioProjects/@mckimquyen/@playstore/@prodution/@ad/260221_QrAndBarcodeScanner/app/src/main/java/com/mckimquyen/barcodescanner/feature/tabs/setting/SettingsFragment.kt:167:9 Unresolved reference: btMoreApp
e: file:///Users/loitran/AndroidStudioProjects/@mckimquyen/@playstore/@prodution/@ad/260221_QrAndBarcodeScanner/app/src/main/java/com/mckimquyen/barcodescanner/feature/tabs/setting/SettingsFragment.kt:170:9 Unresolved reference: btShareApp
e: file:///Users/loitran/AndroidStudioProjects/@mckimquyen/@playstore/@prodution/@ad/260221_QrAndBarcodeScanner/app/src/main/java/com/mckimquyen/barcodescanner/feature/tabs/setting/SettingsFragment.kt:173:9 Unresolved reference: btPolicy
e: file:///Users/loitran/AndroidStudioProjects/@mckimquyen/@playstore/@prodution/@ad/260221_QrAndBarcodeScanner/app/src/main/java/com/mckimquyen/barcodescanner/feature/tabs/setting/SettingsFragment.kt:179:9 Unresolved reference: buttonClearHistory
e: file:///Users/loitran/AndroidStudioProjects/@mckimquyen/@playstore/@prodution/@ad/260221_QrAndBarcodeScanner/app/src/main/java/com/mckimquyen/barcodescanner/feature/tabs/setting/SettingsFragment.kt:179:28 Variable expected
e: file:///Users/loitran/AndroidStudioProjects/@mckimquyen/@playstore/@prodution/@ad/260221_QrAndBarcodeScanner/app/src/main/java/com/mckimquyen/barcodescanner/feature/tabs/setting/SettingsFragment.kt:186:21 Unresolved reference: buttonClearHistory
e: file:///Users/loitran/AndroidStudioProjects/@mckimquyen/@playstore/@prodution/@ad/260221_QrAndBarcodeScanner/app/src/main/java/com/mckimquyen/barcodescanner/feature/tabs/setting/SettingsFragment.kt:186:40 Variable expected
e: file:///Users/loitran/AndroidStudioProjects/@mckimquyen/@playstore/@prodution/@ad/260221_QrAndBarcodeScanner/app/src/main/java/com/mckimquyen/barcodescanner/feature/tabs/setting/SettingsFragment.kt:189:21 Unresolved reference: buttonClearHistory
e: file:///Users/loitran/AndroidStudioProjects/@mckimquyen/@playstore/@prodution/@ad/260221_QrAndBarcodeScanner/app/src/main/java/com/mckimquyen/barcodescanner/feature/tabs/setting/SettingsFragment.kt:189:40 Variable expected
e: file:///Users/loitran/AndroidStudioProjects/@mckimquyen/@playstore/@prodution/@ad/260221_QrAndBarcodeScanner/app/src/main/java/com/mckimquyen/barcodescanner/feature/tabs/setting/SettingsFragment.kt:198:13 Unresolved reference: buttonInverseBarcodeColorsInDarkTheme
e: file:///Users/loitran/AndroidStudioProjects/@mckimquyen/@playstore/@prodution/@ad/260221_QrAndBarcodeScanner/app/src/main/java/com/mckimquyen/barcodescanner/feature/tabs/setting/SettingsFragment.kt:198:51 Variable expected
e: file:///Users/loitran/AndroidStudioProjects/@mckimquyen/@playstore/@prodution/@ad/260221_QrAndBarcodeScanner/app/src/main/java/com/mckimquyen/barcodescanner/feature/tabs/setting/SettingsFragment.kt:199:13 Unresolved reference: buttonOpenLinksAutomatically
e: file:///Users/loitran/AndroidStudioProjects/@mckimquyen/@playstore/@prodution/@ad/260221_QrAndBarcodeScanner/app/src/main/java/com/mckimquyen/barcodescanner/feature/tabs/setting/SettingsFragment.kt:199:42 Variable expected
e: file:///Users/loitran/AndroidStudioProjects/@mckimquyen/@playstore/@prodution/@ad/260221_QrAndBarcodeScanner/app/src/main/java/com/mckimquyen/barcodescanner/feature/tabs/setting/SettingsFragment.kt:200:13 Unresolved reference: buttonCopyToClipboard
e: file:///Users/loitran/AndroidStudioProjects/@mckimquyen/@playstore/@prodution/@ad/260221_QrAndBarcodeScanner/app/src/main/java/com/mckimquyen/barcodescanner/feature/tabs/setting/SettingsFragment.kt:200:35 Variable expected
e: file:///Users/loitran/AndroidStudioProjects/@mckimquyen/@playstore/@prodution/@ad/260221_QrAndBarcodeScanner/app/src/main/java/com/mckimquyen/barcodescanner/feature/tabs/setting/SettingsFragment.kt:201:13 Unresolved reference: buttonSimpleAutoFocus
e: file:///Users/loitran/AndroidStudioProjects/@mckimquyen/@playstore/@prodution/@ad/260221_QrAndBarcodeScanner/app/src/main/java/com/mckimquyen/barcodescanner/feature/tabs/setting/SettingsFragment.kt:201:35 Variable expected
e: file:///Users/loitran/AndroidStudioProjects/@mckimquyen/@playstore/@prodution/@ad/260221_QrAndBarcodeScanner/app/src/main/java/com/mckimquyen/barcodescanner/feature/tabs/setting/SettingsFragment.kt:202:13 Unresolved reference: buttonFlashlight
e: file:///Users/loitran/AndroidStudioProjects/@mckimquyen/@playstore/@prodution/@ad/260221_QrAndBarcodeScanner/app/src/main/java/com/mckimquyen/barcodescanner/feature/tabs/setting/SettingsFragment.kt:202:30 Variable expected
e: file:///Users/loitran/AndroidStudioProjects/@mckimquyen/@playstore/@prodution/@ad/260221_QrAndBarcodeScanner/app/src/main/java/com/mckimquyen/barcodescanner/feature/tabs/setting/SettingsFragment.kt:203:13 Unresolved reference: buttonVibrate
e: file:///Users/loitran/AndroidStudioProjects/@mckimquyen/@playstore/@prodution/@ad/260221_QrAndBarcodeScanner/app/src/main/java/com/mckimquyen/barcodescanner/feature/tabs/setting/SettingsFragment.kt:203:27 Variable expected
e: file:///Users/loitran/AndroidStudioProjects/@mckimquyen/@playstore/@prodution/@ad/260221_QrAndBarcodeScanner/app/src/main/java/com/mckimquyen/barcodescanner/feature/tabs/setting/SettingsFragment.kt:204:13 Unresolved reference: buttonContinuousScanning
e: file:///Users/loitran/AndroidStudioProjects/@mckimquyen/@playstore/@prodution/@ad/260221_QrAndBarcodeScanner/app/src/main/java/com/mckimquyen/barcodescanner/feature/tabs/setting/SettingsFragment.kt:204:38 Variable expected
e: file:///Users/loitran/AndroidStudioProjects/@mckimquyen/@playstore/@prodution/@ad/260221_QrAndBarcodeScanner/app/src/main/java/com/mckimquyen/barcodescanner/feature/tabs/setting/SettingsFragment.kt:205:13 Unresolved reference: buttonConfirmScansManually
e: file:///Users/loitran/AndroidStudioProjects/@mckimquyen/@playstore/@prodution/@ad/260221_QrAndBarcodeScanner/app/src/main/java/com/mckimquyen/barcodescanner/feature/tabs/setting/SettingsFragment.kt:205:40 Variable expected
e: file:///Users/loitran/AndroidStudioProjects/@mckimquyen/@playstore/@prodution/@ad/260221_QrAndBarcodeScanner/app/src/main/java/com/mckimquyen/barcodescanner/feature/tabs/setting/SettingsFragment.kt:206:13 Unresolved reference: buttonSaveScannedBarcodes
e: file:///Users/loitran/AndroidStudioProjects/@mckimquyen/@playstore/@prodution/@ad/260221_QrAndBarcodeScanner/app/src/main/java/com/mckimquyen/barcodescanner/feature/tabs/setting/SettingsFragment.kt:206:39 Variable expected
e: file:///Users/loitran/AndroidStudioProjects/@mckimquyen/@playstore/@prodution/@ad/260221_QrAndBarcodeScanner/app/src/main/java/com/mckimquyen/barcodescanner/feature/tabs/setting/SettingsFragment.kt:207:13 Unresolved reference: buttonSaveCreatedBarcodes
e: file:///Users/loitran/AndroidStudioProjects/@mckimquyen/@playstore/@prodution/@ad/260221_QrAndBarcodeScanner/app/src/main/java/com/mckimquyen/barcodescanner/feature/tabs/setting/SettingsFragment.kt:207:39 Variable expected
e: file:///Users/loitran/AndroidStudioProjects/@mckimquyen/@playstore/@prodution/@ad/260221_QrAndBarcodeScanner/app/src/main/java/com/mckimquyen/barcodescanner/feature/tabs/setting/SettingsFragment.kt:208:13 Unresolved reference: buttonDoNotSaveDuplicates
e: file:///Users/loitran/AndroidStudioProjects/@mckimquyen/@playstore/@prodution/@ad/260221_QrAndBarcodeScanner/app/src/main/java/com/mckimquyen/barcodescanner/feature/tabs/setting/SettingsFragment.kt:208:39 Variable expected
e: file:///Users/loitran/AndroidStudioProjects/@mckimquyen/@playstore/@prodution/@ad/260221_QrAndBarcodeScanner/app/src/main/java/com/mckimquyen/barcodescanner/feature/tabs/setting/SettingsFragment.kt:209:13 Unresolved reference: buttonEnableErrorReports
e: file:///Users/loitran/AndroidStudioProjects/@mckimquyen/@playstore/@prodution/@ad/260221_QrAndBarcodeScanner/app/src/main/java/com/mckimquyen/barcodescanner/feature/tabs/setting/SettingsFragment.kt:209:38 Variable expected
e: file:///Users/loitran/AndroidStudioProjects/@mckimquyen/@playstore/@prodution/@ad/260221_QrAndBarcodeScanner/app/src/main/java/com/mckimquyen/barcodescanner/feature/tabs/setting/SettingsFragment.kt:230:9 Unresolved reference: buttonAppVersion
e: file:///Users/loitran/AndroidStudioProjects/@mckimquyen/@playstore/@prodution/@ad/260221_QrAndBarcodeScanner/app/src/main/java/com/mckimquyen/barcodescanner/feature/tabs/setting/SettingsFragment.kt:230:26 Variable expected
e: file:///Users/loitran/AndroidStudioProjects/@mckimquyen/@playstore/@prodution/@ad/260221_QrAndBarcodeScanner/app/src/main/java/com/mckimquyen/barcodescanner/feature/tabs/setting/camera/ChooseCameraActivityBase.kt:41:9 Unresolved reference: buttonBackCamera
e: file:///Users/loitran/AndroidStudioProjects/@mckimquyen/@playstore/@prodution/@ad/260221_QrAndBarcodeScanner/app/src/main/java/com/mckimquyen/barcodescanner/feature/tabs/setting/camera/ChooseCameraActivityBase.kt:41:26 Variable expected
e: file:///Users/loitran/AndroidStudioProjects/@mckimquyen/@playstore/@prodution/@ad/260221_QrAndBarcodeScanner/app/src/main/java/com/mckimquyen/barcodescanner/feature/tabs/setting/camera/ChooseCameraActivityBase.kt:42:9 Unresolved reference: buttonFrontCamera
e: file:///Users/loitran/AndroidStudioProjects/@mckimquyen/@playstore/@prodution/@ad/260221_QrAndBarcodeScanner/app/src/main/java/com/mckimquyen/barcodescanner/feature/tabs/setting/camera/ChooseCameraActivityBase.kt:42:27 Variable expected
e: file:///Users/loitran/AndroidStudioProjects/@mckimquyen/@playstore/@prodution/@ad/260221_QrAndBarcodeScanner/app/src/main/java/com/mckimquyen/barcodescanner/feature/tabs/setting/camera/ChooseCameraActivityBase.kt:46:9 Unresolved reference: rootView
e: file:///Users/loitran/AndroidStudioProjects/@mckimquyen/@playstore/@prodution/@ad/260221_QrAndBarcodeScanner/app/src/main/java/com/mckimquyen/barcodescanner/feature/tabs/setting/camera/ChooseCameraActivityBase.kt:50:9 Unresolved reference: toolbar
e: file:///Users/loitran/AndroidStudioProjects/@mckimquyen/@playstore/@prodution/@ad/260221_QrAndBarcodeScanner/app/src/main/java/com/mckimquyen/barcodescanner/feature/tabs/setting/camera/ChooseCameraActivityBase.kt:56:9 Unresolved reference: buttonBackCamera
e: file:///Users/loitran/AndroidStudioProjects/@mckimquyen/@playstore/@prodution/@ad/260221_QrAndBarcodeScanner/app/src/main/java/com/mckimquyen/barcodescanner/feature/tabs/setting/camera/ChooseCameraActivityBase.kt:56:54 Cannot infer a type for this parameter. Please specify it explicitly.
e: file:///Users/loitran/AndroidStudioProjects/@mckimquyen/@playstore/@prodution/@ad/260221_QrAndBarcodeScanner/app/src/main/java/com/mckimquyen/barcodescanner/feature/tabs/setting/camera/ChooseCameraActivityBase.kt:58:17 Unresolved reference: buttonFrontCamera
e: file:///Users/loitran/AndroidStudioProjects/@mckimquyen/@playstore/@prodution/@ad/260221_QrAndBarcodeScanner/app/src/main/java/com/mckimquyen/barcodescanner/feature/tabs/setting/camera/ChooseCameraActivityBase.kt:58:35 Variable expected
e: file:///Users/loitran/AndroidStudioProjects/@mckimquyen/@playstore/@prodution/@ad/260221_QrAndBarcodeScanner/app/src/main/java/com/mckimquyen/barcodescanner/feature/tabs/setting/camera/ChooseCameraActivityBase.kt:65:9 Unresolved reference: buttonFrontCamera
e: file:///Users/loitran/AndroidStudioProjects/@mckimquyen/@playstore/@prodution/@ad/260221_QrAndBarcodeScanner/app/src/main/java/com/mckimquyen/barcodescanner/feature/tabs/setting/camera/ChooseCameraActivityBase.kt:65:55 Cannot infer a type for this parameter. Please specify it explicitly.
e: file:///Users/loitran/AndroidStudioProjects/@mckimquyen/@playstore/@prodution/@ad/260221_QrAndBarcodeScanner/app/src/main/java/com/mckimquyen/barcodescanner/feature/tabs/setting/camera/ChooseCameraActivityBase.kt:67:17 Unresolved reference: buttonBackCamera
e: file:///Users/loitran/AndroidStudioProjects/@mckimquyen/@playstore/@prodution/@ad/260221_QrAndBarcodeScanner/app/src/main/java/com/mckimquyen/barcodescanner/feature/tabs/setting/camera/ChooseCameraActivityBase.kt:67:34 Variable expected
e: file:///Users/loitran/AndroidStudioProjects/@mckimquyen/@playstore/@prodution/@ad/260221_QrAndBarcodeScanner/app/src/main/java/com/mckimquyen/barcodescanner/feature/tabs/setting/formats/FormatsAdapter.kt:11:24 Unresolved reference: synthetic
e: file:///Users/loitran/AndroidStudioProjects/@mckimquyen/@playstore/@prodution/@ad/260221_QrAndBarcodeScanner/app/src/main/java/com/mckimquyen/barcodescanner/feature/tabs/setting/formats/FormatsAdapter.kt:41:22 Unresolved reference: textViewText
e: file:///Users/loitran/AndroidStudioProjects/@mckimquyen/@playstore/@prodution/@ad/260221_QrAndBarcodeScanner/app/src/main/java/com/mckimquyen/barcodescanner/feature/tabs/setting/formats/FormatsAdapter.kt:41:35 Variable expected
e: file:///Users/loitran/AndroidStudioProjects/@mckimquyen/@playstore/@prodution/@ad/260221_QrAndBarcodeScanner/app/src/main/java/com/mckimquyen/barcodescanner/feature/tabs/setting/formats/FormatsAdapter.kt:42:22 Unresolved reference: delimiter
e: file:///Users/loitran/AndroidStudioProjects/@mckimquyen/@playstore/@prodution/@ad/260221_QrAndBarcodeScanner/app/src/main/java/com/mckimquyen/barcodescanner/feature/tabs/setting/formats/FormatsAdapter.kt:42:32 Variable expected
e: file:///Users/loitran/AndroidStudioProjects/@mckimquyen/@playstore/@prodution/@ad/260221_QrAndBarcodeScanner/app/src/main/java/com/mckimquyen/barcodescanner/feature/tabs/setting/formats/FormatsAdapter.kt:43:22 Unresolved reference: checkBox
e: file:///Users/loitran/AndroidStudioProjects/@mckimquyen/@playstore/@prodution/@ad/260221_QrAndBarcodeScanner/app/src/main/java/com/mckimquyen/barcodescanner/feature/tabs/setting/formats/FormatsAdapter.kt:43:31 Variable expected
e: file:///Users/loitran/AndroidStudioProjects/@mckimquyen/@playstore/@prodution/@ad/260221_QrAndBarcodeScanner/app/src/main/java/com/mckimquyen/barcodescanner/feature/tabs/setting/formats/FormatsAdapter.kt:45:22 Unresolved reference: checkBox
e: file:///Users/loitran/AndroidStudioProjects/@mckimquyen/@playstore/@prodution/@ad/260221_QrAndBarcodeScanner/app/src/main/java/com/mckimquyen/barcodescanner/feature/tabs/setting/formats/FormatsAdapter.kt:45:60 Cannot infer a type for this parameter. Please specify it explicitly.
e: file:///Users/loitran/AndroidStudioProjects/@mckimquyen/@playstore/@prodution/@ad/260221_QrAndBarcodeScanner/app/src/main/java/com/mckimquyen/barcodescanner/feature/tabs/setting/formats/FormatsAdapter.kt:45:63 Cannot infer a type for this parameter. Please specify it explicitly.
e: file:///Users/loitran/AndroidStudioProjects/@mckimquyen/@playstore/@prodution/@ad/260221_QrAndBarcodeScanner/app/src/main/java/com/mckimquyen/barcodescanner/feature/tabs/setting/formats/FormatsAdapter.kt:50:26 Unresolved reference: checkBox
e: file:///Users/loitran/AndroidStudioProjects/@mckimquyen/@playstore/@prodution/@ad/260221_QrAndBarcodeScanner/app/src/main/java/com/mckimquyen/barcodescanner/feature/tabs/setting/formats/SupportedFormatsActivityBase.kt:46:9 Unresolved reference: rootView
e: file:///Users/loitran/AndroidStudioProjects/@mckimquyen/@playstore/@prodution/@ad/260221_QrAndBarcodeScanner/app/src/main/java/com/mckimquyen/barcodescanner/feature/tabs/setting/formats/SupportedFormatsActivityBase.kt:50:9 Unresolved reference: recyclerViewFormats
e: file:///Users/loitran/AndroidStudioProjects/@mckimquyen/@playstore/@prodution/@ad/260221_QrAndBarcodeScanner/app/src/main/java/com/mckimquyen/barcodescanner/feature/tabs/setting/formats/SupportedFormatsActivityBase.kt:51:13 Unresolved reference: layoutManager
e: file:///Users/loitran/AndroidStudioProjects/@mckimquyen/@playstore/@prodution/@ad/260221_QrAndBarcodeScanner/app/src/main/java/com/mckimquyen/barcodescanner/feature/tabs/setting/formats/SupportedFormatsActivityBase.kt:52:13 Unresolved reference: adapter
e: file:///Users/loitran/AndroidStudioProjects/@mckimquyen/@playstore/@prodution/@ad/260221_QrAndBarcodeScanner/app/src/main/java/com/mckimquyen/barcodescanner/feature/tabs/setting/formats/SupportedFormatsActivityBase.kt:57:9 Unresolved reference: toolbar
e: file:///Users/loitran/AndroidStudioProjects/@mckimquyen/@playstore/@prodution/@ad/260221_QrAndBarcodeScanner/app/src/main/java/com/mckimquyen/barcodescanner/feature/tabs/setting/permissions/AllPermissionsActivityBase.kt:27:9 Unresolved reference: rootView
e: file:///Users/loitran/AndroidStudioProjects/@mckimquyen/@playstore/@prodution/@ad/260221_QrAndBarcodeScanner/app/src/main/java/com/mckimquyen/barcodescanner/feature/tabs/setting/permissions/AllPermissionsActivityBase.kt:28:9 Unresolved reference: toolbar
e: file:///Users/loitran/AndroidStudioProjects/@mckimquyen/@playstore/@prodution/@ad/260221_QrAndBarcodeScanner/app/src/main/java/com/mckimquyen/barcodescanner/feature/tabs/setting/search/ChooseSearchEngineActivityBase.kt:28:28 Not enough information to infer type variable T
e: file:///Users/loitran/AndroidStudioProjects/@mckimquyen/@playstore/@prodution/@ad/260221_QrAndBarcodeScanner/app/src/main/java/com/mckimquyen/barcodescanner/feature/tabs/setting/search/ChooseSearchEngineActivityBase.kt:28:28 Property delegate must have a 'getValue(ChooseSearchEngineActivityBase, KProperty<*>)' method. None of the following functions is suitable: 
public inline operator fun <T> Lazy<???>.getValue(thisRef: Any?, property: KProperty<*>): ??? defined in kotlin
e: file:///Users/loitran/AndroidStudioProjects/@mckimquyen/@playstore/@prodution/@ad/260221_QrAndBarcodeScanner/app/src/main/java/com/mckimquyen/barcodescanner/feature/tabs/setting/search/ChooseSearchEngineActivityBase.kt:29:16 Unresolved reference: buttonNone
e: file:///Users/loitran/AndroidStudioProjects/@mckimquyen/@playstore/@prodution/@ad/260221_QrAndBarcodeScanner/app/src/main/java/com/mckimquyen/barcodescanner/feature/tabs/setting/search/ChooseSearchEngineActivityBase.kt:29:28 Unresolved reference: buttonAskEveryTime
e: file:///Users/loitran/AndroidStudioProjects/@mckimquyen/@playstore/@prodution/@ad/260221_QrAndBarcodeScanner/app/src/main/java/com/mckimquyen/barcodescanner/feature/tabs/setting/search/ChooseSearchEngineActivityBase.kt:29:48 Unresolved reference: buttonBing
e: file:///Users/loitran/AndroidStudioProjects/@mckimquyen/@playstore/@prodution/@ad/260221_QrAndBarcodeScanner/app/src/main/java/com/mckimquyen/barcodescanner/feature/tabs/setting/search/ChooseSearchEngineActivityBase.kt:29:60 Unresolved reference: buttonDuckDuckGo
e: file:///Users/loitran/AndroidStudioProjects/@mckimquyen/@playstore/@prodution/@ad/260221_QrAndBarcodeScanner/app/src/main/java/com/mckimquyen/barcodescanner/feature/tabs/setting/search/ChooseSearchEngineActivityBase.kt:29:78 Unresolved reference: buttonGoogle
e: file:///Users/loitran/AndroidStudioProjects/@mckimquyen/@playstore/@prodution/@ad/260221_QrAndBarcodeScanner/app/src/main/java/com/mckimquyen/barcodescanner/feature/tabs/setting/search/ChooseSearchEngineActivityBase.kt:29:92 Unresolved reference: buttonQwant
e: file:///Users/loitran/AndroidStudioProjects/@mckimquyen/@playstore/@prodution/@ad/260221_QrAndBarcodeScanner/app/src/main/java/com/mckimquyen/barcodescanner/feature/tabs/setting/search/ChooseSearchEngineActivityBase.kt:29:105 Unresolved reference: buttonStartPage
e: file:///Users/loitran/AndroidStudioProjects/@mckimquyen/@playstore/@prodution/@ad/260221_QrAndBarcodeScanner/app/src/main/java/com/mckimquyen/barcodescanner/feature/tabs/setting/search/ChooseSearchEngineActivityBase.kt:29:122 Unresolved reference: buttonYahoo
e: file:///Users/loitran/AndroidStudioProjects/@mckimquyen/@playstore/@prodution/@ad/260221_QrAndBarcodeScanner/app/src/main/java/com/mckimquyen/barcodescanner/feature/tabs/setting/search/ChooseSearchEngineActivityBase.kt:29:135 Unresolved reference: buttonYandex
e: file:///Users/loitran/AndroidStudioProjects/@mckimquyen/@playstore/@prodution/@ad/260221_QrAndBarcodeScanner/app/src/main/java/com/mckimquyen/barcodescanner/feature/tabs/setting/search/ChooseSearchEngineActivityBase.kt:43:9 Unresolved reference: rootView
e: file:///Users/loitran/AndroidStudioProjects/@mckimquyen/@playstore/@prodution/@ad/260221_QrAndBarcodeScanner/app/src/main/java/com/mckimquyen/barcodescanner/feature/tabs/setting/search/ChooseSearchEngineActivityBase.kt:47:9 Unresolved reference: toolbar
e: file:///Users/loitran/AndroidStudioProjects/@mckimquyen/@playstore/@prodution/@ad/260221_QrAndBarcodeScanner/app/src/main/java/com/mckimquyen/barcodescanner/feature/tabs/setting/search/ChooseSearchEngineActivityBase.kt:52:34 Unresolved reference: buttonNone
e: file:///Users/loitran/AndroidStudioProjects/@mckimquyen/@playstore/@prodution/@ad/260221_QrAndBarcodeScanner/app/src/main/java/com/mckimquyen/barcodescanner/feature/tabs/setting/search/ChooseSearchEngineActivityBase.kt:52:45 Variable expected
e: file:///Users/loitran/AndroidStudioProjects/@mckimquyen/@playstore/@prodution/@ad/260221_QrAndBarcodeScanner/app/src/main/java/com/mckimquyen/barcodescanner/feature/tabs/setting/search/ChooseSearchEngineActivityBase.kt:53:44 Unresolved reference: buttonAskEveryTime
e: file:///Users/loitran/AndroidStudioProjects/@mckimquyen/@playstore/@prodution/@ad/260221_QrAndBarcodeScanner/app/src/main/java/com/mckimquyen/barcodescanner/feature/tabs/setting/search/ChooseSearchEngineActivityBase.kt:53:63 Variable expected
e: file:///Users/loitran/AndroidStudioProjects/@mckimquyen/@playstore/@prodution/@ad/260221_QrAndBarcodeScanner/app/src/main/java/com/mckimquyen/barcodescanner/feature/tabs/setting/search/ChooseSearchEngineActivityBase.kt:54:34 Unresolved reference: buttonBing
e: file:///Users/loitran/AndroidStudioProjects/@mckimquyen/@playstore/@prodution/@ad/260221_QrAndBarcodeScanner/app/src/main/java/com/mckimquyen/barcodescanner/feature/tabs/setting/search/ChooseSearchEngineActivityBase.kt:54:45 Variable expected
e: file:///Users/loitran/AndroidStudioProjects/@mckimquyen/@playstore/@prodution/@ad/260221_QrAndBarcodeScanner/app/src/main/java/com/mckimquyen/barcodescanner/feature/tabs/setting/search/ChooseSearchEngineActivityBase.kt:55:42 Unresolved reference: buttonDuckDuckGo
e: file:///Users/loitran/AndroidStudioProjects/@mckimquyen/@playstore/@prodution/@ad/260221_QrAndBarcodeScanner/app/src/main/java/com/mckimquyen/barcodescanner/feature/tabs/setting/search/ChooseSearchEngineActivityBase.kt:55:59 Variable expected
e: file:///Users/loitran/AndroidStudioProjects/@mckimquyen/@playstore/@prodution/@ad/260221_QrAndBarcodeScanner/app/src/main/java/com/mckimquyen/barcodescanner/feature/tabs/setting/search/ChooseSearchEngineActivityBase.kt:56:36 Unresolved reference: buttonGoogle
e: file:///Users/loitran/AndroidStudioProjects/@mckimquyen/@playstore/@prodution/@ad/260221_QrAndBarcodeScanner/app/src/main/java/com/mckimquyen/barcodescanner/feature/tabs/setting/search/ChooseSearchEngineActivityBase.kt:56:49 Variable expected
e: file:///Users/loitran/AndroidStudioProjects/@mckimquyen/@playstore/@prodution/@ad/260221_QrAndBarcodeScanner/app/src/main/java/com/mckimquyen/barcodescanner/feature/tabs/setting/search/ChooseSearchEngineActivityBase.kt:57:35 Unresolved reference: buttonQwant
e: file:///Users/loitran/AndroidStudioProjects/@mckimquyen/@playstore/@prodution/@ad/260221_QrAndBarcodeScanner/app/src/main/java/com/mckimquyen/barcodescanner/feature/tabs/setting/search/ChooseSearchEngineActivityBase.kt:57:47 Variable expected
e: file:///Users/loitran/AndroidStudioProjects/@mckimquyen/@playstore/@prodution/@ad/260221_QrAndBarcodeScanner/app/src/main/java/com/mckimquyen/barcodescanner/feature/tabs/setting/search/ChooseSearchEngineActivityBase.kt:58:39 Unresolved reference: buttonStartPage
e: file:///Users/loitran/AndroidStudioProjects/@mckimquyen/@playstore/@prodution/@ad/260221_QrAndBarcodeScanner/app/src/main/java/com/mckimquyen/barcodescanner/feature/tabs/setting/search/ChooseSearchEngineActivityBase.kt:58:55 Variable expected
e: file:///Users/loitran/AndroidStudioProjects/@mckimquyen/@playstore/@prodution/@ad/260221_QrAndBarcodeScanner/app/src/main/java/com/mckimquyen/barcodescanner/feature/tabs/setting/search/ChooseSearchEngineActivityBase.kt:59:35 Unresolved reference: buttonYahoo
e: file:///Users/loitran/AndroidStudioProjects/@mckimquyen/@playstore/@prodution/@ad/260221_QrAndBarcodeScanner/app/src/main/java/com/mckimquyen/barcodescanner/feature/tabs/setting/search/ChooseSearchEngineActivityBase.kt:59:47 Variable expected
e: file:///Users/loitran/AndroidStudioProjects/@mckimquyen/@playstore/@prodution/@ad/260221_QrAndBarcodeScanner/app/src/main/java/com/mckimquyen/barcodescanner/feature/tabs/setting/search/ChooseSearchEngineActivityBase.kt:60:36 Unresolved reference: buttonYandex
e: file:///Users/loitran/AndroidStudioProjects/@mckimquyen/@playstore/@prodution/@ad/260221_QrAndBarcodeScanner/app/src/main/java/com/mckimquyen/barcodescanner/feature/tabs/setting/search/ChooseSearchEngineActivityBase.kt:60:49 Variable expected
e: file:///Users/loitran/AndroidStudioProjects/@mckimquyen/@playstore/@prodution/@ad/260221_QrAndBarcodeScanner/app/src/main/java/com/mckimquyen/barcodescanner/feature/tabs/setting/search/ChooseSearchEngineActivityBase.kt:65:9 Unresolved reference: buttonNone
e: file:///Users/loitran/AndroidStudioProjects/@mckimquyen/@playstore/@prodution/@ad/260221_QrAndBarcodeScanner/app/src/main/java/com/mckimquyen/barcodescanner/feature/tabs/setting/search/ChooseSearchEngineActivityBase.kt:66:9 Unresolved reference: buttonAskEveryTime
e: file:///Users/loitran/AndroidStudioProjects/@mckimquyen/@playstore/@prodution/@ad/260221_QrAndBarcodeScanner/app/src/main/java/com/mckimquyen/barcodescanner/feature/tabs/setting/search/ChooseSearchEngineActivityBase.kt:67:9 Unresolved reference: buttonBing
e: file:///Users/loitran/AndroidStudioProjects/@mckimquyen/@playstore/@prodution/@ad/260221_QrAndBarcodeScanner/app/src/main/java/com/mckimquyen/barcodescanner/feature/tabs/setting/search/ChooseSearchEngineActivityBase.kt:68:9 Unresolved reference: buttonDuckDuckGo
e: file:///Users/loitran/AndroidStudioProjects/@mckimquyen/@playstore/@prodution/@ad/260221_QrAndBarcodeScanner/app/src/main/java/com/mckimquyen/barcodescanner/feature/tabs/setting/search/ChooseSearchEngineActivityBase.kt:69:9 Unresolved reference: buttonGoogle
e: file:///Users/loitran/AndroidStudioProjects/@mckimquyen/@playstore/@prodution/@ad/260221_QrAndBarcodeScanner/app/src/main/java/com/mckimquyen/barcodescanner/feature/tabs/setting/search/ChooseSearchEngineActivityBase.kt:70:9 Unresolved reference: buttonQwant
e: file:///Users/loitran/AndroidStudioProjects/@mckimquyen/@playstore/@prodution/@ad/260221_QrAndBarcodeScanner/app/src/main/java/com/mckimquyen/barcodescanner/feature/tabs/setting/search/ChooseSearchEngineActivityBase.kt:71:9 Unresolved reference: buttonStartPage
e: file:///Users/loitran/AndroidStudioProjects/@mckimquyen/@playstore/@prodution/@ad/260221_QrAndBarcodeScanner/app/src/main/java/com/mckimquyen/barcodescanner/feature/tabs/setting/search/ChooseSearchEngineActivityBase.kt:72:9 Unresolved reference: buttonYahoo
e: file:///Users/loitran/AndroidStudioProjects/@mckimquyen/@playstore/@prodution/@ad/260221_QrAndBarcodeScanner/app/src/main/java/com/mckimquyen/barcodescanner/feature/tabs/setting/search/ChooseSearchEngineActivityBase.kt:73:9 Unresolved reference: buttonYandex
e: file:///Users/loitran/AndroidStudioProjects/@mckimquyen/@playstore/@prodution/@ad/260221_QrAndBarcodeScanner/app/src/main/java/com/mckimquyen/barcodescanner/feature/tabs/setting/search/ChooseSearchEngineActivityBase.kt:86:17 Overload resolution ambiguity: 
public inline fun <T> Iterable<TypeVariable(T)>.forEach(action: (TypeVariable(T)) -> Unit): Unit defined in kotlin.collections
public inline fun <K, V> Map<out TypeVariable(K), TypeVariable(V)>.forEach(action: (Map.Entry<TypeVariable(K), TypeVariable(V)>) -> Unit): Unit defined in kotlin.collections
e: file:///Users/loitran/AndroidStudioProjects/@mckimquyen/@playstore/@prodution/@ad/260221_QrAndBarcodeScanner/app/src/main/java/com/mckimquyen/barcodescanner/feature/tabs/setting/search/ChooseSearchEngineActivityBase.kt:86:27 Cannot infer a type for this parameter. Please specify it explicitly.
e: file:///Users/loitran/AndroidStudioProjects/@mckimquyen/@playstore/@prodution/@ad/260221_QrAndBarcodeScanner/app/src/main/java/com/mckimquyen/barcodescanner/feature/tabs/setting/search/ChooseSearchEngineActivityBase.kt:88:24 Variable expected
e: file:///Users/loitran/AndroidStudioProjects/@mckimquyen/@playstore/@prodution/@ad/260221_QrAndBarcodeScanner/app/src/main/java/com/mckimquyen/barcodescanner/feature/tabs/setting/theme/ChooseThemeActivityBase.kt:27:28 Not enough information to infer type variable T
e: file:///Users/loitran/AndroidStudioProjects/@mckimquyen/@playstore/@prodution/@ad/260221_QrAndBarcodeScanner/app/src/main/java/com/mckimquyen/barcodescanner/feature/tabs/setting/theme/ChooseThemeActivityBase.kt:27:28 Property delegate must have a 'getValue(ChooseThemeActivityBase, KProperty<*>)' method. None of the following functions is suitable: 
public inline operator fun <T> Lazy<???>.getValue(thisRef: Any?, property: KProperty<*>): ??? defined in kotlin
e: file:///Users/loitran/AndroidStudioProjects/@mckimquyen/@playstore/@prodution/@ad/260221_QrAndBarcodeScanner/app/src/main/java/com/mckimquyen/barcodescanner/feature/tabs/setting/theme/ChooseThemeActivityBase.kt:28:16 Unresolved reference: buttonSystemTheme
e: file:///Users/loitran/AndroidStudioProjects/@mckimquyen/@playstore/@prodution/@ad/260221_QrAndBarcodeScanner/app/src/main/java/com/mckimquyen/barcodescanner/feature/tabs/setting/theme/ChooseThemeActivityBase.kt:28:35 Unresolved reference: buttonLightTheme
e: file:///Users/loitran/AndroidStudioProjects/@mckimquyen/@playstore/@prodution/@ad/260221_QrAndBarcodeScanner/app/src/main/java/com/mckimquyen/barcodescanner/feature/tabs/setting/theme/ChooseThemeActivityBase.kt:28:53 Unresolved reference: buttonDarkTheme
e: file:///Users/loitran/AndroidStudioProjects/@mckimquyen/@playstore/@prodution/@ad/260221_QrAndBarcodeScanner/app/src/main/java/com/mckimquyen/barcodescanner/feature/tabs/setting/theme/ChooseThemeActivityBase.kt:46:9 Unresolved reference: rootView
e: file:///Users/loitran/AndroidStudioProjects/@mckimquyen/@playstore/@prodution/@ad/260221_QrAndBarcodeScanner/app/src/main/java/com/mckimquyen/barcodescanner/feature/tabs/setting/theme/ChooseThemeActivityBase.kt:50:9 Unresolved reference: toolbar
e: file:///Users/loitran/AndroidStudioProjects/@mckimquyen/@playstore/@prodution/@ad/260221_QrAndBarcodeScanner/app/src/main/java/com/mckimquyen/barcodescanner/feature/tabs/setting/theme/ChooseThemeActivityBase.kt:55:9 Unresolved reference: buttonSystemTheme
e: file:///Users/loitran/AndroidStudioProjects/@mckimquyen/@playstore/@prodution/@ad/260221_QrAndBarcodeScanner/app/src/main/java/com/mckimquyen/barcodescanner/feature/tabs/setting/theme/ChooseThemeActivityBase.kt:55:27 Variable expected
e: file:///Users/loitran/AndroidStudioProjects/@mckimquyen/@playstore/@prodution/@ad/260221_QrAndBarcodeScanner/app/src/main/java/com/mckimquyen/barcodescanner/feature/tabs/setting/theme/ChooseThemeActivityBase.kt:56:9 Unresolved reference: buttonLightTheme
e: file:///Users/loitran/AndroidStudioProjects/@mckimquyen/@playstore/@prodution/@ad/260221_QrAndBarcodeScanner/app/src/main/java/com/mckimquyen/barcodescanner/feature/tabs/setting/theme/ChooseThemeActivityBase.kt:56:26 Variable expected
e: file:///Users/loitran/AndroidStudioProjects/@mckimquyen/@playstore/@prodution/@ad/260221_QrAndBarcodeScanner/app/src/main/java/com/mckimquyen/barcodescanner/feature/tabs/setting/theme/ChooseThemeActivityBase.kt:57:9 Unresolved reference: buttonDarkTheme
e: file:///Users/loitran/AndroidStudioProjects/@mckimquyen/@playstore/@prodution/@ad/260221_QrAndBarcodeScanner/app/src/main/java/com/mckimquyen/barcodescanner/feature/tabs/setting/theme/ChooseThemeActivityBase.kt:57:25 Variable expected
e: file:///Users/loitran/AndroidStudioProjects/@mckimquyen/@playstore/@prodution/@ad/260221_QrAndBarcodeScanner/app/src/main/java/com/mckimquyen/barcodescanner/feature/tabs/setting/theme/ChooseThemeActivityBase.kt:61:9 Unresolved reference: buttonSystemTheme
e: file:///Users/loitran/AndroidStudioProjects/@mckimquyen/@playstore/@prodution/@ad/260221_QrAndBarcodeScanner/app/src/main/java/com/mckimquyen/barcodescanner/feature/tabs/setting/theme/ChooseThemeActivityBase.kt:61:55 Cannot infer a type for this parameter. Please specify it explicitly.
e: file:///Users/loitran/AndroidStudioProjects/@mckimquyen/@playstore/@prodution/@ad/260221_QrAndBarcodeScanner/app/src/main/java/com/mckimquyen/barcodescanner/feature/tabs/setting/theme/ChooseThemeActivityBase.kt:66:33 Unresolved reference: buttonSystemTheme
e: file:///Users/loitran/AndroidStudioProjects/@mckimquyen/@playstore/@prodution/@ad/260221_QrAndBarcodeScanner/app/src/main/java/com/mckimquyen/barcodescanner/feature/tabs/setting/theme/ChooseThemeActivityBase.kt:70:9 Unresolved reference: buttonLightTheme
e: file:///Users/loitran/AndroidStudioProjects/@mckimquyen/@playstore/@prodution/@ad/260221_QrAndBarcodeScanner/app/src/main/java/com/mckimquyen/barcodescanner/feature/tabs/setting/theme/ChooseThemeActivityBase.kt:70:54 Cannot infer a type for this parameter. Please specify it explicitly.
e: file:///Users/loitran/AndroidStudioProjects/@mckimquyen/@playstore/@prodution/@ad/260221_QrAndBarcodeScanner/app/src/main/java/com/mckimquyen/barcodescanner/feature/tabs/setting/theme/ChooseThemeActivityBase.kt:75:33 Unresolved reference: buttonLightTheme
e: file:///Users/loitran/AndroidStudioProjects/@mckimquyen/@playstore/@prodution/@ad/260221_QrAndBarcodeScanner/app/src/main/java/com/mckimquyen/barcodescanner/feature/tabs/setting/theme/ChooseThemeActivityBase.kt:79:9 Unresolved reference: buttonDarkTheme
e: file:///Users/loitran/AndroidStudioProjects/@mckimquyen/@playstore/@prodution/@ad/260221_QrAndBarcodeScanner/app/src/main/java/com/mckimquyen/barcodescanner/feature/tabs/setting/theme/ChooseThemeActivityBase.kt:79:53 Cannot infer a type for this parameter. Please specify it explicitly.
e: file:///Users/loitran/AndroidStudioProjects/@mckimquyen/@playstore/@prodution/@ad/260221_QrAndBarcodeScanner/app/src/main/java/com/mckimquyen/barcodescanner/feature/tabs/setting/theme/ChooseThemeActivityBase.kt:84:33 Unresolved reference: buttonDarkTheme
e: file:///Users/loitran/AndroidStudioProjects/@mckimquyen/@playstore/@prodution/@ad/260221_QrAndBarcodeScanner/app/src/main/java/com/mckimquyen/barcodescanner/feature/tabs/setting/theme/ChooseThemeActivityBase.kt:90:17 Overload resolution ambiguity: 
public inline fun <T> Iterable<TypeVariable(T)>.forEach(action: (TypeVariable(T)) -> Unit): Unit defined in kotlin.collections
public inline fun <K, V> Map<out TypeVariable(K), TypeVariable(V)>.forEach(action: (Map.Entry<TypeVariable(K), TypeVariable(V)>) -> Unit): Unit defined in kotlin.collections
e: file:///Users/loitran/AndroidStudioProjects/@mckimquyen/@playstore/@prodution/@ad/260221_QrAndBarcodeScanner/app/src/main/java/com/mckimquyen/barcodescanner/feature/tabs/setting/theme/ChooseThemeActivityBase.kt:90:27 Cannot infer a type for this parameter. Please specify it explicitly.
e: file:///Users/loitran/AndroidStudioProjects/@mckimquyen/@playstore/@prodution/@ad/260221_QrAndBarcodeScanner/app/src/main/java/com/mckimquyen/barcodescanner/feature/tabs/setting/theme/ChooseThemeActivityBase.kt:92:24 Variable expected
e: file:///Users/loitran/AndroidStudioProjects/@mckimquyen/@playstore/@prodution/@ad/260221_QrAndBarcodeScanner/app/src/main/java/com/mckimquyen/barcodescanner/feature/widget/MyQrWidgetConfigActivity.kt:54:9 Unresolved reference: toolbar
e: file:///Users/loitran/AndroidStudioProjects/@mckimquyen/@playstore/@prodution/@ad/260221_QrAndBarcodeScanner/app/src/main/java/com/mckimquyen/barcodescanner/feature/widget/MyQrWidgetConfigActivity.kt:64:9 Unresolved reference: recyclerViewCodes
e: file:///Users/loitran/AndroidStudioProjects/@mckimquyen/@playstore/@prodution/@ad/260221_QrAndBarcodeScanner/app/src/main/java/com/mckimquyen/barcodescanner/feature/widget/MyQrWidgetConfigActivity.kt:65:13 Unresolved reference: layoutManager
e: file:///Users/loitran/AndroidStudioProjects/@mckimquyen/@playstore/@prodution/@ad/260221_QrAndBarcodeScanner/app/src/main/java/com/mckimquyen/barcodescanner/feature/widget/MyQrWidgetConfigActivity.kt:66:13 Unresolved reference: adapter
e: file:///Users/loitran/AndroidStudioProjects/@mckimquyen/@playstore/@prodution/@ad/260221_QrAndBarcodeScanner/app/src/main/java/com/mckimquyen/barcodescanner/feature/widget/MyQrWidgetConfigActivity.kt:90:9 Unresolved reference: tvEmpty
e: file:///Users/loitran/AndroidStudioProjects/@mckimquyen/@playstore/@prodution/@ad/260221_QrAndBarcodeScanner/app/src/main/java/com/mckimquyen/barcodescanner/feature/widget/MyQrWidgetConfigActivity.kt:90:17 Variable expected
e: file:///Users/loitran/AndroidStudioProjects/@mckimquyen/@playstore/@prodution/@ad/260221_QrAndBarcodeScanner/app/src/main/java/com/mckimquyen/barcodescanner/feature/widget/MyQrWidgetConfigActivity.kt:91:9 Unresolved reference: recyclerViewCodes
e: file:///Users/loitran/AndroidStudioProjects/@mckimquyen/@playstore/@prodution/@ad/260221_QrAndBarcodeScanner/app/src/main/java/com/mckimquyen/barcodescanner/feature/widget/MyQrWidgetConfigActivity.kt:91:27 Variable expected

[Incubating] Problems report is available at: file:///Users/loitran/AndroidStudioProjects/@mckimquyen/@playstore/@prodution/@ad/260221_QrAndBarcodeScanner/build/reports/problems/problems-report.html

FAILURE: Build failed with an exception.

* What went wrong:
Execution failed for task ':app:compileDevDebugKotlin'.
> A failure occurred while executing org.jetbrains.kotlin.compilerRunner.GradleCompilerRunnerWithWorkers$GradleKotlinCompilerWorkAction
   > Compilation error. See log for more details

* Try:
> Run with --stacktrace option to get the stack trace.
> Run with --info or --debug option to get more log output.
> Run with --scan to get full insights.
> Get more help at https://help.gradle.org.

Deprecated Gradle features were used in this build, making it incompatible with Gradle 9.0.

You can use '--warning-mode all' to show the individual deprecation warnings and determine if they come from your own scripts or plugins.

For more on this, please refer to https://docs.gradle.org/8.13/userguide/command_line_interface.html#sec:command_line_warnings in the Gradle documentation.

BUILD FAILED in 4s
22 actionable tasks: 2 executed, 20 up-to-date
